Archive member included to satisfy reference by file (symbol)

../../../../lib/ksdk_platform_lib/armgcc/KL03Z4/release/libksdk_platform.a(fsl_os_abstraction_bm.c.obj)
                              CMakeFiles/Warp.dir/home/djb243/CW4/Warp-firmware/build/ksdk1.1/work/demos/Warp/src/warp-kl03-ksdk1.1-boot.c.obj (OSA_TimeDelay)
../../../../lib/ksdk_platform_lib/armgcc/KL03Z4/release/libksdk_platform.a(fsl_clock_manager.c.obj)
                              CMakeFiles/Warp.dir/home/djb243/CW4/Warp-firmware/build/ksdk1.1/work/demos/Warp/src/warp-kl03-ksdk1.1-boot.c.obj (CLOCK_SYS_Init)
../../../../lib/ksdk_platform_lib/armgcc/KL03Z4/release/libksdk_platform.a(fsl_clock_MKL03Z4.c.obj)
                              ../../../../lib/ksdk_platform_lib/armgcc/KL03Z4/release/libksdk_platform.a(fsl_clock_manager.c.obj) (CLOCK_SYS_SetConfiguration)
../../../../lib/ksdk_platform_lib/armgcc/KL03Z4/release/libksdk_platform.a(fsl_interrupt_manager.c.obj)
                              ../../../../lib/ksdk_platform_lib/armgcc/KL03Z4/release/libksdk_platform.a(fsl_os_abstraction_bm.c.obj) (INT_SYS_InstallHandler)
../../../../lib/ksdk_platform_lib/armgcc/KL03Z4/release/libksdk_platform.a(fsl_power_manager.c.obj)
                              CMakeFiles/Warp.dir/home/djb243/CW4/Warp-firmware/build/ksdk1.1/work/demos/Warp/src/warp-kl03-ksdk1.1-boot.c.obj (POWER_SYS_Init)
../../../../lib/ksdk_platform_lib/armgcc/KL03Z4/release/libksdk_platform.a(fsl_gpio_driver.c.obj)
                              ../../../../lib/ksdk_platform_lib/armgcc/KL03Z4/release/libksdk_platform.a(fsl_power_manager.c.obj) (GPIO_DRV_InputPinInit)
../../../../lib/ksdk_platform_lib/armgcc/KL03Z4/release/libksdk_platform.a(fsl_i2c_shared_function.c.obj)
                              CMakeFiles/Warp.dir/home/djb243/CW4/Warp-firmware/build/ksdk1.1/work/platform/drivers/src/i2c/fsl_i2c_irq.c.obj (I2C_DRV_IRQHandler)
../../../../lib/ksdk_platform_lib/armgcc/KL03Z4/release/libksdk_platform.a(fsl_i2c_common.c.obj)
                              ../../../../lib/ksdk_platform_lib/armgcc/KL03Z4/release/libksdk_platform.a(fsl_i2c_shared_function.c.obj) (g_i2cBaseAddr)
../../../../lib/ksdk_platform_lib/armgcc/KL03Z4/release/libksdk_platform.a(fsl_i2c_master_driver.c.obj)
                              CMakeFiles/Warp.dir/home/djb243/CW4/Warp-firmware/build/ksdk1.1/work/demos/Warp/src/warp-kl03-ksdk1.1-boot.c.obj (I2C_DRV_MasterInit)
../../../../lib/ksdk_platform_lib/armgcc/KL03Z4/release/libksdk_platform.a(fsl_i2c_slave_driver.c.obj)
                              ../../../../lib/ksdk_platform_lib/armgcc/KL03Z4/release/libksdk_platform.a(fsl_i2c_shared_function.c.obj) (I2C_DRV_SlaveIRQHandler)
../../../../lib/ksdk_platform_lib/armgcc/KL03Z4/release/libksdk_platform.a(fsl_llwu_hal.c.obj)
                              ../../../../lib/ksdk_platform_lib/armgcc/KL03Z4/release/libksdk_platform.a(fsl_power_manager.c.obj) (LLWU_HAL_SetExternalInputPinMode)
../../../../lib/ksdk_platform_lib/armgcc/KL03Z4/release/libksdk_platform.a(fsl_lpuart_driver.c.obj)
                              CMakeFiles/Warp.dir/home/djb243/CW4/Warp-firmware/build/ksdk1.1/work/demos/Warp/src/warp-kl03-ksdk1.1-boot.c.obj (LPUART_DRV_Init)
../../../../lib/ksdk_platform_lib/armgcc/KL03Z4/release/libksdk_platform.a(fsl_lpuart_common.c.obj)
                              ../../../../lib/ksdk_platform_lib/armgcc/KL03Z4/release/libksdk_platform.a(fsl_lpuart_driver.c.obj) (g_lpuartRxTxIrqId)
../../../../lib/ksdk_platform_lib/armgcc/KL03Z4/release/libksdk_platform.a(fsl_mcglite_hal.c.obj)
                              ../../../../lib/ksdk_platform_lib/armgcc/KL03Z4/release/libksdk_platform.a(fsl_clock_MKL03Z4.c.obj) (CLOCK_HAL_GetInternalRefClk)
../../../../lib/ksdk_platform_lib/armgcc/KL03Z4/release/libksdk_platform.a(fsl_mcglite_hal_modes.c.obj)
                              ../../../../lib/ksdk_platform_lib/armgcc/KL03Z4/release/libksdk_platform.a(fsl_power_manager.c.obj) (CLOCK_HAL_GetMode)
../../../../lib/ksdk_platform_lib/armgcc/KL03Z4/release/libksdk_platform.a(fsl_osc_hal.c.obj)
                              ../../../../lib/ksdk_platform_lib/armgcc/KL03Z4/release/libksdk_platform.a(fsl_clock_MKL03Z4.c.obj) (OSC_HAL_SetExternalRefClkCmd)
../../../../lib/ksdk_platform_lib/armgcc/KL03Z4/release/libksdk_platform.a(fsl_rtc_hal.c.obj)
                              CMakeFiles/Warp.dir/home/djb243/CW4/Warp-firmware/build/ksdk1.1/work/demos/Warp/src/warp-kl03-ksdk1.1-powermodes.c.obj (RTC_HAL_ConvertSecsToDatetime)
../../../../lib/ksdk_platform_lib/armgcc/KL03Z4/release/libksdk_platform.a(fsl_rtc_driver.c.obj)
                              CMakeFiles/Warp.dir/home/djb243/CW4/Warp-firmware/build/ksdk1.1/work/demos/Warp/src/warp-kl03-ksdk1.1-boot.c.obj (RTC_DRV_Init)
../../../../lib/ksdk_platform_lib/armgcc/KL03Z4/release/libksdk_platform.a(fsl_rtc_common.c.obj)
                              ../../../../lib/ksdk_platform_lib/armgcc/KL03Z4/release/libksdk_platform.a(fsl_rtc_driver.c.obj) (g_rtcSecondsIrqId)
[...]
Memory Configuration

Name             Origin             Length             Attributes
m_interrupts     0x0000000000000000 0x0000000000000100 xr
m_flash_config   0x0000000000000400 0x0000000000000010 xr
m_text           0x0000000000000410 0x0000000000007bf0 xr
m_data           0x000000001ffffe00 0x0000000000000800 rw
*default*        0x0000000000000000 0xffffffffffffffff

Linker script and memory map

LOAD /usr/lib/gcc/arm-none-eabi/4.9.3/armv6-m/crti.o
LOAD /usr/lib/gcc/arm-none-eabi/4.9.3/armv6-m/crtbegin.o
LOAD /usr/lib/gcc/arm-none-eabi/4.9.3/../../../arm-none-eabi/lib/armv6-m/crt0.o
LOAD /usr/lib/gcc/arm-none-eabi/4.9.3/../../../arm-none-eabi/lib/armv6-m/libm.a
                0x0000000000000300                __stack_size__ = 0x300
                0x0000000000000000                __heap_size__ = 0x0
LOAD CMakeFiles/Warp.dir/home/djb243/CW4/Warp-firmware/build/ksdk1.1/work/platform/utilities/src/fsl_misc_utilities.c.obj
LOAD CMakeFiles/Warp.dir/home/djb243/CW4/Warp-firmware/build/ksdk1.1/work/platform/startup/MKL03Z4/gcc/startup_MKL03Z4.S.obj
LOAD CMakeFiles/Warp.dir/home/djb243/CW4/Warp-firmware/build/ksdk1.1/work/demos/Warp/src/warp-kl03-ksdk1.1-boot.c.obj
LOAD CMakeFiles/Warp.dir/home/djb243/CW4/Warp-firmware/build/ksdk1.1/work/demos/Warp/src/warp-kl03-ksdk1.1-powermodes.c.obj
LOAD CMakeFiles/Warp.dir/home/djb243/CW4/Warp-firmware/build/ksdk1.1/work/demos/Warp/src/devBMX055.c.obj
LOAD CMakeFiles/Warp.dir/home/djb243/CW4/Warp-firmware/build/ksdk1.1/work/demos/Warp/src/devMMA8451Q.c.obj
LOAD CMakeFiles/Warp.dir/home/djb243/CW4/Warp-firmware/build/ksdk1.1/work/demos/Warp/src/devHDC1000.c.obj
LOAD CMakeFiles/Warp.dir/home/djb243/CW4/Warp-firmware/build/ksdk1.1/work/demos/Warp/src/devMAG3110.c.obj
LOAD CMakeFiles/Warp.dir/home/djb243/CW4/Warp-firmware/build/ksdk1.1/work/demos/Warp/src/devL3GD20H.c.obj
LOAD CMakeFiles/Warp.dir/home/djb243/CW4/Warp-firmware/build/ksdk1.1/work/demos/Warp/src/devBME680.c.obj
LOAD CMakeFiles/Warp.dir/home/djb243/CW4/Warp-firmware/build/ksdk1.1/work/demos/Warp/src/devSSD1331.c.obj
LOAD CMakeFiles/Warp.dir/home/djb243/CW4/Warp-firmware/build/ksdk1.1/work/demos/Warp/src/devINA219.c.obj
LOAD CMakeFiles/Warp.dir/home/djb243/CW4/Warp-firmware/build/ksdk1.1/work/demos/Warp/src/ergsystem.c.obj
LOAD CMakeFiles/Warp.dir/home/djb243/CW4/Warp-firmware/build/ksdk1.1/work/demos/Warp/src/devCCS811.c.obj
LOAD CMakeFiles/Warp.dir/home/djb243/CW4/Warp-firmware/build/ksdk1.1/work/demos/Warp/src/devAMG8834.c.obj
LOAD CMakeFiles/Warp.dir/home/djb243/CW4/Warp-firmware/build/ksdk1.1/work/demos/Warp/src/SEGGER_RTT.c.obj
LOAD CMakeFiles/Warp.dir/home/djb243/CW4/Warp-firmware/build/ksdk1.1/work/demos/Warp/src/SEGGER_RTT_printf.c.obj
LOAD CMakeFiles/Warp.dir/home/djb243/CW4/Warp-firmware/build/ksdk1.1/work/platform/drivers/src/i2c/fsl_i2c_irq.c.obj
LOAD CMakeFiles/Warp.dir/home/djb243/CW4/Warp-firmware/build/ksdk1.1/work/platform/drivers/src/spi/fsl_spi_irq.c.obj
LOAD CMakeFiles/Warp.dir/home/djb243/CW4/Warp-firmware/build/ksdk1.1/work/platform/startup/MKL03Z4/system_MKL03Z4.c.obj
LOAD CMakeFiles/Warp.dir/home/djb243/CW4/Warp-firmware/build/ksdk1.1/work/platform/startup/startup.c.obj
LOAD CMakeFiles/Warp.dir/home/djb243/CW4/Warp-firmware/build/ksdk1.1/work/boards/Warp/gpio_pins.c.obj
START GROUP
LOAD ../../../../lib/ksdk_platform_lib/armgcc/KL03Z4/release/libksdk_platform.a
LOAD /usr/lib/gcc/arm-none-eabi/4.9.3/../../../arm-none-eabi/lib/armv6-m/libm.a
LOAD /usr/lib/gcc/arm-none-eabi/4.9.3/../../../arm-none-eabi/lib/armv6-m/libc_nano.a
LOAD /usr/lib/gcc/arm-none-eabi/4.9.3/armv6-m/libgcc.a
LOAD /usr/lib/gcc/arm-none-eabi/4.9.3/../../../arm-none-eabi/lib/armv6-m/libnosys.a
END GROUP
START GROUP
LOAD /usr/lib/gcc/arm-none-eabi/4.9.3/armv6-m/libgcc.a
LOAD /usr/lib/gcc/arm-none-eabi/4.9.3/../../../arm-none-eabi/lib/armv6-m/libc_nano.a
END GROUP
START GROUP
LOAD /usr/lib/gcc/arm-none-eabi/4.9.3/armv6-m/libgcc.a
LOAD /usr/lib/gcc/arm-none-eabi/4.9.3/../../../arm-none-eabi/lib/armv6-m/libc_nano.a
END GROUP
LOAD /usr/lib/gcc/arm-none-eabi/4.9.3/armv6-m/crtend.o
LOAD /usr/lib/gcc/arm-none-eabi/4.9.3/armv6-m/crtn.o
                0x0000000000000200                HEAP_SIZE = DEFINED (__heap_size__)?__heap_size__:0x200
                0x0000000000000050                STACK_SIZE = DEFINED (__stack_size__)?__stack_size__:0x50
                0x0000000000000000                M_VECTOR_RAM_SIZE = DEFINED (__ram_vector_table__)?0x100:0x0

.interrupts     0x0000000000000000       0xc0
                0x0000000000000000                __VECTOR_TABLE = .
                0x0000000000000000                . = ALIGN (0x4)
 *(.isr_vector)
 .isr_vector    0x0000000000000000       0xc0 CMakeFiles/Warp.dir/home/djb243/CW4/Warp-firmware/build/ksdk1.1/work/platform/startup/MKL03Z4/gcc/startup_MKL03Z4.S.obj
                0x0000000000000000                __isr_vector
                0x00000000000000c0                . = ALIGN (0x4)

.flash_config   0x0000000000000400       0x10
                0x0000000000000400                . = ALIGN (0x4)
 *(.FlashConfig)
 .FlashConfig   0x0000000000000400       0x10 CMakeFiles/Warp.dir/home/djb243/CW4/Warp-firmware/build/ksdk1.1/work/platform/startup/MKL03Z4/gcc/startup_MKL03Z4.S.obj
                0x0000000000000410                . = ALIGN (0x4)

.text           0x0000000000000410     0xa198
                0x0000000000000410                . = ALIGN (0x4)
 *(.text)
 .text          0x0000000000000410       0xb4 /usr/lib/gcc/arm-none-eabi/4.9.3/armv6-m/crtbegin.o
 .text          0x00000000000004c4       0x6c /usr/lib/gcc/arm-none-eabi/4.9.3/../../../arm-none-eabi/lib/armv6-m/crt0.o
                0x00000000000004c4                _mainCRTStartup
                0x00000000000004c4                _start
 .text          0x0000000000000530       0x30 CMakeFiles/Warp.dir/home/djb243/CW4/Warp-firmware/build/ksdk1.1/work/platform/startup/MKL03Z4/gcc/startup_MKL03Z4.S.obj
                0x0000000000000530                Reset_Handler
                0x0000000000000558                Reserved18_IRQHandler
                0x0000000000000558                Reserved16_IRQHandler
                0x0000000000000558                HardFault_Handler
                0x0000000000000558                SysTick_Handler
                0x0000000000000558                PendSV_Handler
                0x0000000000000558                NMI_Handler
                0x0000000000000558                Reserved19_IRQHandler
                0x0000000000000558                Reserved29_IRQHandler
                0x0000000000000558                TPM0_IRQHandler
                0x0000000000000558                LLWU_IRQHandler
                0x0000000000000558                Reserved42_IRQHandler
                0x0000000000000558                ADC0_IRQHandler
                0x0000000000000558                Reserved39_IRQHandler
                0x0000000000000558                DefaultISR
                0x0000000000000558                Reserved25_IRQHandler
                0x0000000000000558                PORTB_IRQHandler
                0x0000000000000558                Reserved43_IRQHandler
                0x0000000000000558                Reserved27_IRQHandler
                0x0000000000000558                Reserved35_IRQHandler
                0x0000000000000558                Reserved20_IRQHandler
                0x0000000000000558                Reserved17_IRQHandler
                0x0000000000000558                Reserved41_IRQHandler
                0x0000000000000558                SVC_Handler
                0x0000000000000558                LPUART0_IRQHandler
                0x0000000000000558                Reserved45_IRQHandler
                0x0000000000000558                Reserved30_IRQHandler
                0x0000000000000558                PMC_IRQHandler
                0x0000000000000558                TPM1_IRQHandler
                0x0000000000000558                PORTA_IRQHandler
                0x0000000000000558                FTFA_IRQHandler
                0x0000000000000558                Reserved40_IRQHandler
                0x0000000000000558                Reserved38_IRQHandler
                0x0000000000000558                LPTMR0_IRQHandler
                0x0000000000000558                CMP0_IRQHandler
 .text          0x0000000000000560       0x14 /usr/lib/gcc/arm-none-eabi/4.9.3/armv6-m/libgcc.a(_thumb1_case_sqi.o)
                0x0000000000000560                __gnu_thumb1_case_sqi
 .text          0x0000000000000574       0x14 /usr/lib/gcc/arm-none-eabi/4.9.3/armv6-m/libgcc.a(_thumb1_case_uqi.o)
                0x0000000000000574                __gnu_thumb1_case_uqi
 .text          0x0000000000000588      0x120 /usr/lib/gcc/arm-none-eabi/4.9.3/armv6-m/libgcc.a(_udivsi3.o)
                0x0000000000000588                __udivsi3
                0x0000000000000588                __aeabi_uidiv
                0x0000000000000694                __aeabi_uidivmod
 .text          0x00000000000006a8      0x1e0 /usr/lib/gcc/arm-none-eabi/4.9.3/armv6-m/libgcc.a(_divsi3.o)
                0x00000000000006a8                __aeabi_idiv
                0x00000000000006a8                __divsi3
                0x0000000000000874                __aeabi_idivmod
 .text          0x0000000000000888        0x4 /usr/lib/gcc/arm-none-eabi/4.9.3/armv6-m/libgcc.a(_dvmd_tls.o)
                0x0000000000000888                __aeabi_ldiv0
                0x0000000000000888                __aeabi_idiv0
 .text          0x000000000000088c       0x7c /usr/lib/gcc/arm-none-eabi/4.9.3/armv6-m/libgcc.a(_arm_cmpdf2.o)
                0x000000000000088c                __aeabi_cdrcmple
                0x000000000000089c                __aeabi_cdcmple
                0x000000000000089c                __aeabi_cdcmpeq
                0x00000000000008ac                __aeabi_dcmpeq
                0x00000000000008b8                __aeabi_dcmplt
                0x00000000000008cc                __aeabi_dcmple
                0x00000000000008e0                __aeabi_dcmpgt
                0x00000000000008f4                __aeabi_dcmpge
 .text          0x0000000000000908      0x650 /usr/lib/gcc/arm-none-eabi/4.9.3/armv6-m/libgcc.a(adddf3.o)
                0x0000000000000908                __aeabi_dadd
 .text          0x0000000000000f58      0x648 /usr/lib/gcc/arm-none-eabi/4.9.3/armv6-m/libgcc.a(divdf3.o)
                0x0000000000000f58                __aeabi_ddiv
 .text          0x00000000000015a0       0x88 /usr/lib/gcc/arm-none-eabi/4.9.3/armv6-m/libgcc.a(eqdf2.o)
                0x00000000000015a0                __eqdf2
                0x00000000000015a0                __nedf2
 .text          0x0000000000001628       0xe0 /usr/lib/gcc/arm-none-eabi/4.9.3/armv6-m/libgcc.a(gedf2.o)
                0x0000000000001628                __gtdf2
                0x0000000000001628                __gedf2
 .text          0x0000000000001708       0xcc /usr/lib/gcc/arm-none-eabi/4.9.3/armv6-m/libgcc.a(ledf2.o)
                0x0000000000001708                __ltdf2
                0x0000000000001708                __ledf2
 .text          0x00000000000017d4      0x534 /usr/lib/gcc/arm-none-eabi/4.9.3/armv6-m/libgcc.a(muldf3.o)
                0x00000000000017d4                __aeabi_dmul
 .text          0x0000000000001d08      0x6f4 /usr/lib/gcc/arm-none-eabi/4.9.3/armv6-m/libgcc.a(subdf3.o)
                0x0000000000001d08                __aeabi_dsub
 .text          0x00000000000023fc       0x6c /usr/lib/gcc/arm-none-eabi/4.9.3/armv6-m/libgcc.a(fixdfsi.o)
                0x00000000000023fc                __aeabi_d2iz
 .text          0x0000000000002468       0x78 /usr/lib/gcc/arm-none-eabi/4.9.3/armv6-m/libgcc.a(floatsidf.o)
                0x0000000000002468                __aeabi_i2d
 .text          0x00000000000024e0       0x3c /usr/lib/gcc/arm-none-eabi/4.9.3/armv6-m/libgcc.a(_clzsi2.o)
                0x00000000000024e0                __clzsi2
 *(.text*)
 .text._sbrk    0x000000000000251c       0x38 CMakeFiles/Warp.dir/home/djb243/CW4/Warp-firmware/build/ksdk1.1/work/platform/utilities/src/fsl_misc_utilities.c.obj
                0x000000000000251c                _sbrk
 .text.clockManagerCallbackRoutine
                0x0000000000002554        0xc CMakeFiles/Warp.dir/home/djb243/CW4/Warp-firmware/build/ksdk1.1/work/demos/Warp/src/warp-kl03-ksdk1.1-boot.c.obj
                0x0000000000002554                clockManagerCallbackRoutine
 .text.callback0
                0x0000000000002560       0x14 CMakeFiles/Warp.dir/home/djb243/CW4/Warp-firmware/build/ksdk1.1/work/demos/Warp/src/warp-kl03-ksdk1.1-boot.c.obj
                0x0000000000002560                callback0
 .text.RTC_IRQHandler
                0x0000000000002574       0x16 CMakeFiles/Warp.dir/home/djb243/CW4/Warp-firmware/build/ksdk1.1/work/demos/Warp/src/warp-kl03-ksdk1.1-boot.c.obj
                0x0000000000002574                RTC_IRQHandler
 *fill*         0x000000000000258a        0x2 
 .text.RTC_Seconds_IRQHandler
                0x000000000000258c       0x10 CMakeFiles/Warp.dir/home/djb243/CW4/Warp-firmware/build/ksdk1.1/work/demos/Warp/src/warp-kl03-ksdk1.1-boot.c.obj
                0x000000000000258c                RTC_Seconds_IRQHandler
 .text.enableSPIpins
                0x000000000000259c       0x5c CMakeFiles/Warp.dir/home/djb243/CW4/Warp-firmware/build/ksdk1.1/work/demos/Warp/src/warp-kl03-ksdk1.1-boot.c.obj
                0x000000000000259c                enableSPIpins
 .text.disableSPIpins
                0x00000000000025f8       0x40 CMakeFiles/Warp.dir/home/djb243/CW4/Warp-firmware/build/ksdk1.1/work/demos/Warp/src/warp-kl03-ksdk1.1-boot.c.obj
                0x00000000000025f8                disableSPIpins
 .text.enableI2Cpins
                0x0000000000002638       0x2c CMakeFiles/Warp.dir/home/djb243/CW4/Warp-firmware/build/ksdk1.1/work/demos/Warp/src/warp-kl03-ksdk1.1-boot.c.obj
                0x0000000000002638                enableI2Cpins
 .text.disableI2Cpins
                0x0000000000002664       0x34 CMakeFiles/Warp.dir/home/djb243/CW4/Warp-firmware/build/ksdk1.1/work/demos/Warp/src/warp-kl03-ksdk1.1-boot.c.obj
                0x0000000000002664                disableI2Cpins
 .text.lowPowerPinStates
                0x0000000000002698      0x12c CMakeFiles/Warp.dir/home/djb243/CW4/Warp-firmware/build/ksdk1.1/work/demos/Warp/src/warp-kl03-ksdk1.1-boot.c.obj
                0x0000000000002698                lowPowerPinStates
 .text.disableTPS82740A
                0x00000000000027c4        0xa CMakeFiles/Warp.dir/home/djb243/CW4/Warp-firmware/build/ksdk1.1/work/demos/Warp/src/warp-kl03-ksdk1.1-boot.c.obj
                0x00000000000027c4                disableTPS82740A
 .text.disableTPS82740B
                0x00000000000027ce        0xa CMakeFiles/Warp.dir/home/djb243/CW4/Warp-firmware/build/ksdk1.1/work/demos/Warp/src/warp-kl03-ksdk1.1-boot.c.obj
                0x00000000000027ce                disableTPS82740B
 .text.setTPS82740CommonControlLines
                0x00000000000027d8      0x118 CMakeFiles/Warp.dir/home/djb243/CW4/Warp-firmware/build/ksdk1.1/work/demos/Warp/src/warp-kl03-ksdk1.1-boot.c.obj
                0x00000000000027d8                setTPS82740CommonControlLines
 .text.enableTPS82740A
                0x00000000000028f0       0x1c CMakeFiles/Warp.dir/home/djb243/CW4/Warp-firmware/build/ksdk1.1/work/demos/Warp/src/warp-kl03-ksdk1.1-boot.c.obj
                0x00000000000028f0                enableTPS82740A
 .text.enableTPS82740B
                0x000000000000290c       0x1c CMakeFiles/Warp.dir/home/djb243/CW4/Warp-firmware/build/ksdk1.1/work/demos/Warp/src/warp-kl03-ksdk1.1-boot.c.obj
                0x000000000000290c                enableTPS82740B
 .text.enableSssupply
                0x0000000000002928       0x40 CMakeFiles/Warp.dir/home/djb243/CW4/Warp-firmware/build/ksdk1.1/work/demos/Warp/src/warp-kl03-ksdk1.1-boot.c.obj
                0x0000000000002928                enableSssupply
 .text.disableSssupply
                0x0000000000002968       0x20 CMakeFiles/Warp.dir/home/djb243/CW4/Warp-firmware/build/ksdk1.1/work/demos/Warp/src/warp-kl03-ksdk1.1-boot.c.obj
                0x0000000000002968                disableSssupply
 .text.warpLowPowerSecondsSleep
                0x0000000000002988       0x1e CMakeFiles/Warp.dir/home/djb243/CW4/Warp-firmware/build/ksdk1.1/work/demos/Warp/src/warp-kl03-ksdk1.1-boot.c.obj
                0x0000000000002988                warpLowPowerSecondsSleep
 .text.sleepUntilReset
                0x00000000000029a6       0x14 CMakeFiles/Warp.dir/home/djb243/CW4/Warp-firmware/build/ksdk1.1/work/demos/Warp/src/warp-kl03-ksdk1.1-boot.c.obj
                0x00000000000029a6                sleepUntilReset
 *fill*         0x00000000000029ba        0x2 
 .text.printAllSensors
                0x00000000000029bc       0xac CMakeFiles/Warp.dir/home/djb243/CW4/Warp-firmware/build/ksdk1.1/work/demos/Warp/src/warp-kl03-ksdk1.1-boot.c.obj
                0x00000000000029bc                printAllSensors
 .text.loopForSensor
                0x0000000000002a68      0x1c8 CMakeFiles/Warp.dir/home/djb243/CW4/Warp-firmware/build/ksdk1.1/work/demos/Warp/src/warp-kl03-ksdk1.1-boot.c.obj
                0x0000000000002a68                loopForSensor
 .text.repeatRegisterReadForDeviceAndAddress
                0x0000000000002c30      0x18c CMakeFiles/Warp.dir/home/djb243/CW4/Warp-firmware/build/ksdk1.1/work/demos/Warp/src/warp-kl03-ksdk1.1-boot.c.obj
                0x0000000000002c30                repeatRegisterReadForDeviceAndAddress
 .text.char2int
                0x0000000000002dbc       0x28 CMakeFiles/Warp.dir/home/djb243/CW4/Warp-firmware/build/ksdk1.1/work/demos/Warp/src/warp-kl03-ksdk1.1-boot.c.obj
                0x0000000000002dbc                char2int
 .text.readHexByte
                0x0000000000002de4       0x2a CMakeFiles/Warp.dir/home/djb243/CW4/Warp-firmware/build/ksdk1.1/work/demos/Warp/src/warp-kl03-ksdk1.1-boot.c.obj
                0x0000000000002de4                readHexByte
 .text.read4digits
                0x0000000000002e0e       0x42 CMakeFiles/Warp.dir/home/djb243/CW4/Warp-firmware/build/ksdk1.1/work/demos/Warp/src/warp-kl03-ksdk1.1-boot.c.obj
                0x0000000000002e0e                read4digits
 .text.writeByteToI2cDeviceRegister
                0x0000000000002e50       0x44 CMakeFiles/Warp.dir/home/djb243/CW4/Warp-firmware/build/ksdk1.1/work/demos/Warp/src/warp-kl03-ksdk1.1-boot.c.obj
                0x0000000000002e50                writeByteToI2cDeviceRegister
 .text.writeBytesToSpi
                0x0000000000002e94       0x40 CMakeFiles/Warp.dir/home/djb243/CW4/Warp-firmware/build/ksdk1.1/work/demos/Warp/src/warp-kl03-ksdk1.1-boot.c.obj
                0x0000000000002e94                writeBytesToSpi
 .text.powerupAllSensors
                0x0000000000002ed4       0x10 CMakeFiles/Warp.dir/home/djb243/CW4/Warp-firmware/build/ksdk1.1/work/demos/Warp/src/warp-kl03-ksdk1.1-boot.c.obj
                0x0000000000002ed4                powerupAllSensors
 .text.activateAllLowPowerSensorModes
                0x0000000000002ee4       0x34 CMakeFiles/Warp.dir/home/djb243/CW4/Warp-firmware/build/ksdk1.1/work/demos/Warp/src/warp-kl03-ksdk1.1-boot.c.obj
                0x0000000000002ee4                activateAllLowPowerSensorModes
 .text.startup.main
                0x0000000000002f18     0x106c CMakeFiles/Warp.dir/home/djb243/CW4/Warp-firmware/build/ksdk1.1/work/demos/Warp/src/warp-kl03-ksdk1.1-boot.c.obj
                0x0000000000002f18                main
 .text.setSleepRtcAlarm
                0x0000000000003f84       0x2e CMakeFiles/Warp.dir/home/djb243/CW4/Warp-firmware/build/ksdk1.1/work/demos/Warp/src/warp-kl03-ksdk1.1-powermodes.c.obj
 *fill*         0x0000000000003fb2        0x2 
 .text.gpioDisableWakeUp
                0x0000000000003fb4       0x18 CMakeFiles/Warp.dir/home/djb243/CW4/Warp-firmware/build/ksdk1.1/work/demos/Warp/src/warp-kl03-ksdk1.1-powermodes.c.obj
                0x0000000000003fb4                gpioDisableWakeUp
 .text.warpSetLowPowerMode
                0x0000000000003fcc       0xec CMakeFiles/Warp.dir/home/djb243/CW4/Warp-firmware/build/ksdk1.1/work/demos/Warp/src/warp-kl03-ksdk1.1-powermodes.c.obj
                0x0000000000003fcc                warpSetLowPowerMode
 .text.writeSensorRegisterMMA8451Q.part.0
                0x00000000000040b8       0x44 CMakeFiles/Warp.dir/home/djb243/CW4/Warp-firmware/build/ksdk1.1/work/demos/Warp/src/devMMA8451Q.c.obj
 .text.initMMA8451Q
                0x00000000000040fc        0xa CMakeFiles/Warp.dir/home/djb243/CW4/Warp-firmware/build/ksdk1.1/work/demos/Warp/src/devMMA8451Q.c.obj
                0x00000000000040fc                initMMA8451Q
 .text.writeSensorRegisterMMA8451Q
                0x0000000000004106       0x46 CMakeFiles/Warp.dir/home/djb243/CW4/Warp-firmware/build/ksdk1.1/work/demos/Warp/src/devMMA8451Q.c.obj
                0x0000000000004106                writeSensorRegisterMMA8451Q
 .text.configureSensorMMA8451Q
                0x000000000000414c       0x1e CMakeFiles/Warp.dir/home/djb243/CW4/Warp-firmware/build/ksdk1.1/work/demos/Warp/src/devMMA8451Q.c.obj
                0x000000000000414c                configureSensorMMA8451Q
 *fill*         0x000000000000416a        0x2 
 .text.readSensorRegisterMMA8451Q
                0x000000000000416c       0x64 CMakeFiles/Warp.dir/home/djb243/CW4/Warp-firmware/build/ksdk1.1/work/demos/Warp/src/devMMA8451Q.c.obj
                0x000000000000416c                readSensorRegisterMMA8451Q
 .text.printSensorDataMMA8451Q
                0x00000000000041d0       0xe4 CMakeFiles/Warp.dir/home/djb243/CW4/Warp-firmware/build/ksdk1.1/work/demos/Warp/src/devMMA8451Q.c.obj
                0x00000000000041d0                printSensorDataMMA8451Q
 .text.writeCommand
                0x00000000000042b4       0x4c CMakeFiles/Warp.dir/home/djb243/CW4/Warp-firmware/build/ksdk1.1/work/demos/Warp/src/devSSD1331.c.obj
 .text.default_colour
                0x0000000000004300       0x18 CMakeFiles/Warp.dir/home/djb243/CW4/Warp-firmware/build/ksdk1.1/work/demos/Warp/src/devSSD1331.c.obj
                0x0000000000004300                default_colour
 .text.recttest
                0x0000000000004318       0x2c CMakeFiles/Warp.dir/home/djb243/CW4/Warp-firmware/build/ksdk1.1/work/demos/Warp/src/devSSD1331.c.obj
                0x0000000000004318                recttest
 .text.drawone  0x0000000000004344       0x32 CMakeFiles/Warp.dir/home/djb243/CW4/Warp-firmware/build/ksdk1.1/work/demos/Warp/src/devSSD1331.c.obj
                0x0000000000004344                drawone
 .text.drawtwo  0x0000000000004376       0xc4 CMakeFiles/Warp.dir/home/djb243/CW4/Warp-firmware/build/ksdk1.1/work/demos/Warp/src/devSSD1331.c.obj
                0x0000000000004376                drawtwo
 .text.drawthree
                0x000000000000443a       0xa2 CMakeFiles/Warp.dir/home/djb243/CW4/Warp-firmware/build/ksdk1.1/work/demos/Warp/src/devSSD1331.c.obj
                0x000000000000443a                drawthree
 .text.drawfour
                0x00000000000044dc       0x84 CMakeFiles/Warp.dir/home/djb243/CW4/Warp-firmware/build/ksdk1.1/work/demos/Warp/src/devSSD1331.c.obj
                0x00000000000044dc                drawfour
 .text.drawfive
                0x0000000000004560       0xc4 CMakeFiles/Warp.dir/home/djb243/CW4/Warp-firmware/build/ksdk1.1/work/demos/Warp/src/devSSD1331.c.obj
                0x0000000000004560                drawfive
 .text.drawsix  0x0000000000004624       0xc4 CMakeFiles/Warp.dir/home/djb243/CW4/Warp-firmware/build/ksdk1.1/work/demos/Warp/src/devSSD1331.c.obj
                0x0000000000004624                drawsix
 .text.drawseven
                0x00000000000046e8       0x54 CMakeFiles/Warp.dir/home/djb243/CW4/Warp-firmware/build/ksdk1.1/work/demos/Warp/src/devSSD1331.c.obj
                0x00000000000046e8                drawseven
 .text.draweight
                0x000000000000473c       0xc4 CMakeFiles/Warp.dir/home/djb243/CW4/Warp-firmware/build/ksdk1.1/work/demos/Warp/src/devSSD1331.c.obj
                0x000000000000473c                draweight
 .text.drawnine
                0x0000000000004800       0xa0 CMakeFiles/Warp.dir/home/djb243/CW4/Warp-firmware/build/ksdk1.1/work/demos/Warp/src/devSSD1331.c.obj
                0x0000000000004800                drawnine
 .text.drawzero
                0x00000000000048a0       0xc0 CMakeFiles/Warp.dir/home/djb243/CW4/Warp-firmware/build/ksdk1.1/work/demos/Warp/src/devSSD1331.c.obj
                0x00000000000048a0                drawzero
 .text.clearscreen
                0x0000000000004960       0x24 CMakeFiles/Warp.dir/home/djb243/CW4/Warp-firmware/build/ksdk1.1/work/demos/Warp/src/devSSD1331.c.obj
                0x0000000000004960                clearscreen
 .text.clearscreenupper
                0x0000000000004984       0x24 CMakeFiles/Warp.dir/home/djb243/CW4/Warp-firmware/build/ksdk1.1/work/demos/Warp/src/devSSD1331.c.obj
                0x0000000000004984                clearscreenupper
 .text.clearscreenlower
                0x00000000000049a8       0x24 CMakeFiles/Warp.dir/home/djb243/CW4/Warp-firmware/build/ksdk1.1/work/demos/Warp/src/devSSD1331.c.obj
                0x00000000000049a8                clearscreenlower
 .text.writetoscreenupper
                0x00000000000049cc       0x96 CMakeFiles/Warp.dir/home/djb243/CW4/Warp-firmware/build/ksdk1.1/work/demos/Warp/src/devSSD1331.c.obj
                0x00000000000049cc                writetoscreenupper
 .text.writetoscreenlower
                0x0000000000004a62       0x96 CMakeFiles/Warp.dir/home/djb243/CW4/Warp-firmware/build/ksdk1.1/work/demos/Warp/src/devSSD1331.c.obj
                0x0000000000004a62                writetoscreenlower
 .text.writetoscreenboth
                0x0000000000004af8       0xb8 CMakeFiles/Warp.dir/home/djb243/CW4/Warp-firmware/build/ksdk1.1/work/demos/Warp/src/devSSD1331.c.obj
                0x0000000000004af8                writetoscreenboth
 .text.writetoscreen
                0x0000000000004bb0       0x54 CMakeFiles/Warp.dir/home/djb243/CW4/Warp-firmware/build/ksdk1.1/work/demos/Warp/src/devSSD1331.c.obj
                0x0000000000004bb0                writetoscreen
 .text.pullingforceprint
                0x0000000000004c04       0x48 CMakeFiles/Warp.dir/home/djb243/CW4/Warp-firmware/build/ksdk1.1/work/demos/Warp/src/devSSD1331.c.obj
                0x0000000000004c04                pullingforceprint
 .text.devSSD1331init
                0x0000000000004c4c      0x158 CMakeFiles/Warp.dir/home/djb243/CW4/Warp-firmware/build/ksdk1.1/work/demos/Warp/src/devSSD1331.c.obj
                0x0000000000004c4c                devSSD1331init
 .text.initINA219
                0x0000000000004da4        0xa CMakeFiles/Warp.dir/home/djb243/CW4/Warp-firmware/build/ksdk1.1/work/demos/Warp/src/devINA219.c.obj
                0x0000000000004da4                initINA219
 *fill*         0x0000000000004dae        0x2 
 .text.writeSensorRegisterINA219
                0x0000000000004db0       0x54 CMakeFiles/Warp.dir/home/djb243/CW4/Warp-firmware/build/ksdk1.1/work/demos/Warp/src/devINA219.c.obj
                0x0000000000004db0                writeSensorRegisterINA219
 .text.readSensorRegisterINA219
                0x0000000000004e04       0x54 CMakeFiles/Warp.dir/home/djb243/CW4/Warp-firmware/build/ksdk1.1/work/demos/Warp/src/devINA219.c.obj
                0x0000000000004e04                readSensorRegisterINA219
 .text.intsplittoarraylower
                0x0000000000004e58       0x12 CMakeFiles/Warp.dir/home/djb243/CW4/Warp-firmware/build/ksdk1.1/work/demos/Warp/src/ergsystem.c.obj
                0x0000000000004e58                intsplittoarraylower
 .text.intsplittoarrayupper
                0x0000000000004e6a       0x24 CMakeFiles/Warp.dir/home/djb243/CW4/Warp-firmware/build/ksdk1.1/work/demos/Warp/src/ergsystem.c.obj
                0x0000000000004e6a                intsplittoarrayupper
 .text.reduce_accel_array_resize_offset
                0x0000000000004e8e       0x30 CMakeFiles/Warp.dir/home/djb243/CW4/Warp-firmware/build/ksdk1.1/work/demos/Warp/src/ergsystem.c.obj
                0x0000000000004e8e                reduce_accel_array_resize_offset
 .text._GetAvailWriteSpace
                0x0000000000004ebe       0x16 CMakeFiles/Warp.dir/home/djb243/CW4/Warp-firmware/build/ksdk1.1/work/demos/Warp/src/SEGGER_RTT.c.obj
 .text._WriteNoCheck
                0x0000000000004ed4       0x38 CMakeFiles/Warp.dir/home/djb243/CW4/Warp-firmware/build/ksdk1.1/work/demos/Warp/src/SEGGER_RTT.c.obj
 .text._WriteBlocking
                0x0000000000004f0c       0x5c CMakeFiles/Warp.dir/home/djb243/CW4/Warp-firmware/build/ksdk1.1/work/demos/Warp/src/SEGGER_RTT.c.obj
 .text._DoInit  0x0000000000004f68       0x5c CMakeFiles/Warp.dir/home/djb243/CW4/Warp-firmware/build/ksdk1.1/work/demos/Warp/src/SEGGER_RTT.c.obj
 .text.SEGGER_RTT_ReadNoLock
                0x0000000000004fc4       0xac CMakeFiles/Warp.dir/home/djb243/CW4/Warp-firmware/build/ksdk1.1/work/demos/Warp/src/SEGGER_RTT.c.obj
                0x0000000000004fc4                SEGGER_RTT_ReadNoLock
 .text.SEGGER_RTT_Read
                0x0000000000005070       0x1a CMakeFiles/Warp.dir/home/djb243/CW4/Warp-firmware/build/ksdk1.1/work/demos/Warp/src/SEGGER_RTT.c.obj
                0x0000000000005070                SEGGER_RTT_Read
 *fill*         0x000000000000508a        0x2 
 .text.SEGGER_RTT_WriteNoLock
                0x000000000000508c       0x60 CMakeFiles/Warp.dir/home/djb243/CW4/Warp-firmware/build/ksdk1.1/work/demos/Warp/src/SEGGER_RTT.c.obj
                0x000000000000508c                SEGGER_RTT_WriteNoLock
 .text.SEGGER_RTT_Write
                0x00000000000050ec       0x34 CMakeFiles/Warp.dir/home/djb243/CW4/Warp-firmware/build/ksdk1.1/work/demos/Warp/src/SEGGER_RTT.c.obj
                0x00000000000050ec                SEGGER_RTT_Write
 .text.SEGGER_RTT_WriteString
                0x0000000000005120       0x18 CMakeFiles/Warp.dir/home/djb243/CW4/Warp-firmware/build/ksdk1.1/work/demos/Warp/src/SEGGER_RTT.c.obj
                0x0000000000005120                SEGGER_RTT_WriteString
 .text.SEGGER_RTT_GetKey
                0x0000000000005138       0x1e CMakeFiles/Warp.dir/home/djb243/CW4/Warp-firmware/build/ksdk1.1/work/demos/Warp/src/SEGGER_RTT.c.obj
                0x0000000000005138                SEGGER_RTT_GetKey
 .text.SEGGER_RTT_WaitKey
                0x0000000000005156        0xc CMakeFiles/Warp.dir/home/djb243/CW4/Warp-firmware/build/ksdk1.1/work/demos/Warp/src/SEGGER_RTT.c.obj
                0x0000000000005156                SEGGER_RTT_WaitKey
 *fill*         0x0000000000005162        0x2 
 .text.SEGGER_RTT_ConfigUpBuffer
                0x0000000000005164       0x60 CMakeFiles/Warp.dir/home/djb243/CW4/Warp-firmware/build/ksdk1.1/work/demos/Warp/src/SEGGER_RTT.c.obj
                0x0000000000005164                SEGGER_RTT_ConfigUpBuffer
 .text._StoreChar
                0x00000000000051c4       0x3e CMakeFiles/Warp.dir/home/djb243/CW4/Warp-firmware/build/ksdk1.1/work/demos/Warp/src/SEGGER_RTT_printf.c.obj
 *fill*         0x0000000000005202        0x2 
 .text._PrintUnsigned
                0x0000000000005204       0xe0 CMakeFiles/Warp.dir/home/djb243/CW4/Warp-firmware/build/ksdk1.1/work/demos/Warp/src/SEGGER_RTT_printf.c.obj
 .text.SEGGER_RTT_vprintf
                0x00000000000052e4      0x25c CMakeFiles/Warp.dir/home/djb243/CW4/Warp-firmware/build/ksdk1.1/work/demos/Warp/src/SEGGER_RTT_printf.c.obj
                0x00000000000052e4                SEGGER_RTT_vprintf
 .text.SEGGER_RTT_printf
                0x0000000000005540       0x18 CMakeFiles/Warp.dir/home/djb243/CW4/Warp-firmware/build/ksdk1.1/work/demos/Warp/src/SEGGER_RTT_printf.c.obj
                0x0000000000005540                SEGGER_RTT_printf
 .text.I2C0_IRQHandler
                0x0000000000005558        0xa CMakeFiles/Warp.dir/home/djb243/CW4/Warp-firmware/build/ksdk1.1/work/platform/drivers/src/i2c/fsl_i2c_irq.c.obj
                0x0000000000005558                I2C0_IRQHandler
 .text.SPI0_IRQHandler
                0x0000000000005562        0xa CMakeFiles/Warp.dir/home/djb243/CW4/Warp-firmware/build/ksdk1.1/work/platform/drivers/src/spi/fsl_spi_irq.c.obj
                0x0000000000005562                SPI0_IRQHandler
 .text.SystemInit
                0x000000000000556c       0x84 CMakeFiles/Warp.dir/home/djb243/CW4/Warp-firmware/build/ksdk1.1/work/platform/startup/MKL03Z4/system_MKL03Z4.c.obj
                0x000000000000556c                SystemInit
 .text.init_data_bss
                0x00000000000055f0       0x7c CMakeFiles/Warp.dir/home/djb243/CW4/Warp-firmware/build/ksdk1.1/work/platform/startup/startup.c.obj
                0x00000000000055f0                init_data_bss
 .text.OSA_SemaCreate
                0x000000000000566c        0xe ../../../../lib/ksdk_platform_lib/armgcc/KL03Z4/release/libksdk_platform.a(fsl_os_abstraction_bm.c.obj)
                0x000000000000566c                OSA_SemaCreate
 .text.OSA_SemaPost
                0x000000000000567a       0x20 ../../../../lib/ksdk_platform_lib/armgcc/KL03Z4/release/libksdk_platform.a(fsl_os_abstraction_bm.c.obj)
                0x000000000000567a                OSA_SemaPost
 .text.OSA_SemaDestroy
                0x000000000000569a        0x4 ../../../../lib/ksdk_platform_lib/armgcc/KL03Z4/release/libksdk_platform.a(fsl_os_abstraction_bm.c.obj)
                0x000000000000569a                OSA_SemaDestroy
 .text.OSA_EventSet
                0x000000000000569e       0x18 ../../../../lib/ksdk_platform_lib/armgcc/KL03Z4/release/libksdk_platform.a(fsl_os_abstraction_bm.c.obj)
                0x000000000000569e                OSA_EventSet
 *fill*         0x00000000000056b6        0x2 
 .text.task_init
                0x00000000000056b8       0x38 ../../../../lib/ksdk_platform_lib/armgcc/KL03Z4/release/libksdk_platform.a(fsl_os_abstraction_bm.c.obj)
                0x00000000000056b8                task_init
 .text.OSA_TimeGetMsec
                0x00000000000056f0       0x10 ../../../../lib/ksdk_platform_lib/armgcc/KL03Z4/release/libksdk_platform.a(fsl_os_abstraction_bm.c.obj)
                0x00000000000056f0                OSA_TimeGetMsec
 .text.OSA_SemaWait
                0x0000000000005700       0x78 ../../../../lib/ksdk_platform_lib/armgcc/KL03Z4/release/libksdk_platform.a(fsl_os_abstraction_bm.c.obj)
                0x0000000000005700                OSA_SemaWait
 .text.OSA_TimeDelay
                0x0000000000005778       0x24 ../../../../lib/ksdk_platform_lib/armgcc/KL03Z4/release/libksdk_platform.a(fsl_os_abstraction_bm.c.obj)
                0x0000000000005778                OSA_TimeDelay
 .text.OSA_EnterCritical
                0x000000000000579c        0xc ../../../../lib/ksdk_platform_lib/armgcc/KL03Z4/release/libksdk_platform.a(fsl_os_abstraction_bm.c.obj)
                0x000000000000579c                OSA_EnterCritical
 .text.OSA_ExitCritical
                0x00000000000057a8        0xc ../../../../lib/ksdk_platform_lib/armgcc/KL03Z4/release/libksdk_platform.a(fsl_os_abstraction_bm.c.obj)
                0x00000000000057a8                OSA_ExitCritical
 .text.OSA_Init
                0x00000000000057b4       0x48 ../../../../lib/ksdk_platform_lib/armgcc/KL03Z4/release/libksdk_platform.a(fsl_os_abstraction_bm.c.obj)
                0x00000000000057b4                OSA_Init
 .text.CLOCK_SYS_Init
                0x00000000000057fc       0x18 ../../../../lib/ksdk_platform_lib/armgcc/KL03Z4/release/libksdk_platform.a(fsl_clock_manager.c.obj)
                0x00000000000057fc                CLOCK_SYS_Init
 .text.CLOCK_SYS_UpdateConfiguration
                0x0000000000005814      0x110 ../../../../lib/ksdk_platform_lib/armgcc/KL03Z4/release/libksdk_platform.a(fsl_clock_manager.c.obj)
                0x0000000000005814                CLOCK_SYS_UpdateConfiguration
 .text.CLOCK_SYS_GetCurrentConfiguration
                0x0000000000005924        0xc ../../../../lib/ksdk_platform_lib/armgcc/KL03Z4/release/libksdk_platform.a(fsl_clock_manager.c.obj)
                0x0000000000005924                CLOCK_SYS_GetCurrentConfiguration
 .text.CLOCK_SYS_SetMcgliteMode
                0x0000000000005930       0x80 ../../../../lib/ksdk_platform_lib/armgcc/KL03Z4/release/libksdk_platform.a(fsl_clock_manager.c.obj)
                0x0000000000005930                CLOCK_SYS_SetMcgliteMode
 .text.SIM_HAL_DisableClock.constprop.5
                0x00000000000059b0       0x20 ../../../../lib/ksdk_platform_lib/armgcc/KL03Z4/release/libksdk_platform.a(fsl_clock_MKL03Z4.c.obj)
 .text.SIM_HAL_EnableClock.constprop.6
                0x00000000000059d0       0x24 ../../../../lib/ksdk_platform_lib/armgcc/KL03Z4/release/libksdk_platform.a(fsl_clock_MKL03Z4.c.obj)
 .text.CLOCK_SYS_SetConfiguration
                0x00000000000059f4       0x58 ../../../../lib/ksdk_platform_lib/armgcc/KL03Z4/release/libksdk_platform.a(fsl_clock_MKL03Z4.c.obj)
                0x00000000000059f4                CLOCK_SYS_SetConfiguration
 .text.CLOCK_SYS_GetCoreClockFreq
                0x0000000000005a4c       0x20 ../../../../lib/ksdk_platform_lib/armgcc/KL03Z4/release/libksdk_platform.a(fsl_clock_MKL03Z4.c.obj)
                0x0000000000005a4c                CLOCK_SYS_GetCoreClockFreq
 .text.CLOCK_SYS_GetSystemClockFreq
                0x0000000000005a6c       0x20 ../../../../lib/ksdk_platform_lib/armgcc/KL03Z4/release/libksdk_platform.a(fsl_clock_MKL03Z4.c.obj)
                0x0000000000005a6c                CLOCK_SYS_GetSystemClockFreq
 .text.CLOCK_SYS_GetBusClockFreq
                0x0000000000005a8c       0x20 ../../../../lib/ksdk_platform_lib/armgcc/KL03Z4/release/libksdk_platform.a(fsl_clock_MKL03Z4.c.obj)
                0x0000000000005a8c                CLOCK_SYS_GetBusClockFreq
 .text.CLOCK_SYS_GetFlashClockFreq
                0x0000000000005aac       0x20 ../../../../lib/ksdk_platform_lib/armgcc/KL03Z4/release/libksdk_platform.a(fsl_clock_MKL03Z4.c.obj)
                0x0000000000005aac                CLOCK_SYS_GetFlashClockFreq
 .text.CLOCK_SYS_GetExternalRefClock32kFreq
                0x0000000000005acc       0x40 ../../../../lib/ksdk_platform_lib/armgcc/KL03Z4/release/libksdk_platform.a(fsl_clock_MKL03Z4.c.obj)
                0x0000000000005acc                CLOCK_SYS_GetExternalRefClock32kFreq
 .text.CLOCK_SYS_GetRtcFreq
                0x0000000000005b0c        0x8 ../../../../lib/ksdk_platform_lib/armgcc/KL03Z4/release/libksdk_platform.a(fsl_clock_MKL03Z4.c.obj)
                0x0000000000005b0c                CLOCK_SYS_GetRtcFreq
 .text.CLOCK_SYS_EnablePortClock
                0x0000000000005b14       0x10 ../../../../lib/ksdk_platform_lib/armgcc/KL03Z4/release/libksdk_platform.a(fsl_clock_MKL03Z4.c.obj)
                0x0000000000005b14                CLOCK_SYS_EnablePortClock
 .text.CLOCK_SYS_EnableSpiClock
                0x0000000000005b24        0xa ../../../../lib/ksdk_platform_lib/armgcc/KL03Z4/release/libksdk_platform.a(fsl_clock_MKL03Z4.c.obj)
                0x0000000000005b24                CLOCK_SYS_EnableSpiClock
 .text.CLOCK_SYS_DisableSpiClock
                0x0000000000005b2e        0xa ../../../../lib/ksdk_platform_lib/armgcc/KL03Z4/release/libksdk_platform.a(fsl_clock_MKL03Z4.c.obj)
                0x0000000000005b2e                CLOCK_SYS_DisableSpiClock
 .text.CLOCK_SYS_EnableI2cClock
                0x0000000000005b38        0xa ../../../../lib/ksdk_platform_lib/armgcc/KL03Z4/release/libksdk_platform.a(fsl_clock_MKL03Z4.c.obj)
                0x0000000000005b38                CLOCK_SYS_EnableI2cClock
 .text.CLOCK_SYS_DisableI2cClock
                0x0000000000005b42        0xa ../../../../lib/ksdk_platform_lib/armgcc/KL03Z4/release/libksdk_platform.a(fsl_clock_MKL03Z4.c.obj)
                0x0000000000005b42                CLOCK_SYS_DisableI2cClock
 .text.INT_SYS_EnableIRQGlobal
                0x0000000000005b4c       0x18 ../../../../lib/ksdk_platform_lib/armgcc/KL03Z4/release/libksdk_platform.a(fsl_interrupt_manager.c.obj)
                0x0000000000005b4c                INT_SYS_EnableIRQGlobal
 .text.INT_SYS_DisableIRQGlobal
                0x0000000000005b64       0x10 ../../../../lib/ksdk_platform_lib/armgcc/KL03Z4/release/libksdk_platform.a(fsl_interrupt_manager.c.obj)
                0x0000000000005b64                INT_SYS_DisableIRQGlobal
 .text.POWER_SYS_WaitForRunStatus
                0x0000000000005b74       0x3c ../../../../lib/ksdk_platform_lib/armgcc/KL03Z4/release/libksdk_platform.a(fsl_power_manager.c.obj)
 .text.POWER_SYS_WaitForVlprStatus
                0x0000000000005bb0       0x24 ../../../../lib/ksdk_platform_lib/armgcc/KL03Z4/release/libksdk_platform.a(fsl_power_manager.c.obj)
 .text.POWER_SYS_Init
                0x0000000000005bd4       0x48 ../../../../lib/ksdk_platform_lib/armgcc/KL03Z4/release/libksdk_platform.a(fsl_power_manager.c.obj)
                0x0000000000005bd4                POWER_SYS_Init
 .text.POWER_SYS_SetMode
                0x0000000000005c1c      0x2e4 ../../../../lib/ksdk_platform_lib/armgcc/KL03Z4/release/libksdk_platform.a(fsl_power_manager.c.obj)
                0x0000000000005c1c                POWER_SYS_SetMode
 .text.POWER_SYS_GetCurrentMode
                0x0000000000005f00       0x20 ../../../../lib/ksdk_platform_lib/armgcc/KL03Z4/release/libksdk_platform.a(fsl_power_manager.c.obj)
                0x0000000000005f00                POWER_SYS_GetCurrentMode
 .text.GPIO_DRV_InputPinInit
                0x0000000000005f20       0x8c ../../../../lib/ksdk_platform_lib/armgcc/KL03Z4/release/libksdk_platform.a(fsl_gpio_driver.c.obj)
                0x0000000000005f20                GPIO_DRV_InputPinInit
 .text.GPIO_DRV_OutputPinInit
                0x0000000000005fac       0x58 ../../../../lib/ksdk_platform_lib/armgcc/KL03Z4/release/libksdk_platform.a(fsl_gpio_driver.c.obj)
                0x0000000000005fac                GPIO_DRV_OutputPinInit
 .text.GPIO_DRV_Init
                0x0000000000006004       0x36 ../../../../lib/ksdk_platform_lib/armgcc/KL03Z4/release/libksdk_platform.a(fsl_gpio_driver.c.obj)
                0x0000000000006004                GPIO_DRV_Init
 *fill*         0x000000000000603a        0x2 
 .text.GPIO_DRV_SetPinOutput
                0x000000000000603c       0x1c ../../../../lib/ksdk_platform_lib/armgcc/KL03Z4/release/libksdk_platform.a(fsl_gpio_driver.c.obj)
                0x000000000000603c                GPIO_DRV_SetPinOutput
 .text.GPIO_DRV_ClearPinOutput
                0x0000000000006058       0x1c ../../../../lib/ksdk_platform_lib/armgcc/KL03Z4/release/libksdk_platform.a(fsl_gpio_driver.c.obj)
                0x0000000000006058                GPIO_DRV_ClearPinOutput
 .text.I2C_DRV_IRQHandler
                0x0000000000006074       0x28 ../../../../lib/ksdk_platform_lib/armgcc/KL03Z4/release/libksdk_platform.a(fsl_i2c_shared_function.c.obj)
                0x0000000000006074                I2C_DRV_IRQHandler
 .text.I2C_HAL_WriteByte
                0x000000000000609c       0x14 ../../../../lib/ksdk_platform_lib/armgcc/KL03Z4/release/libksdk_platform.a(fsl_i2c_master_driver.c.obj)
 .text.I2C_DRV_MasterWait
                0x00000000000060b0       0x2c ../../../../lib/ksdk_platform_lib/armgcc/KL03Z4/release/libksdk_platform.a(fsl_i2c_master_driver.c.obj)
 .text.I2C_DRV_SendAddress.isra.1
                0x00000000000060dc       0xf0 ../../../../lib/ksdk_platform_lib/armgcc/KL03Z4/release/libksdk_platform.a(fsl_i2c_master_driver.c.obj)
 .text.I2C_DRV_CompleteTransfer
                0x00000000000061cc       0x4c ../../../../lib/ksdk_platform_lib/armgcc/KL03Z4/release/libksdk_platform.a(fsl_i2c_master_driver.c.obj)
 .text.I2C_DRV_MasterInit
                0x0000000000006218       0x78 ../../../../lib/ksdk_platform_lib/armgcc/KL03Z4/release/libksdk_platform.a(fsl_i2c_master_driver.c.obj)
                0x0000000000006218                I2C_DRV_MasterInit
 .text.I2C_DRV_MasterDeinit
                0x0000000000006290       0x50 ../../../../lib/ksdk_platform_lib/armgcc/KL03Z4/release/libksdk_platform.a(fsl_i2c_master_driver.c.obj)
                0x0000000000006290                I2C_DRV_MasterDeinit
 .text.I2C_DRV_MasterSetBaudRate
                0x00000000000062e0       0x34 ../../../../lib/ksdk_platform_lib/armgcc/KL03Z4/release/libksdk_platform.a(fsl_i2c_master_driver.c.obj)
                0x00000000000062e0                I2C_DRV_MasterSetBaudRate
 .text.I2C_DRV_MasterSend
                0x0000000000006314       0xdc ../../../../lib/ksdk_platform_lib/armgcc/KL03Z4/release/libksdk_platform.a(fsl_i2c_master_driver.c.obj)
 .text.I2C_DRV_MasterReceive
                0x00000000000063f0       0xec ../../../../lib/ksdk_platform_lib/armgcc/KL03Z4/release/libksdk_platform.a(fsl_i2c_master_driver.c.obj)
 .text.I2C_DRV_MasterSendDataBlocking
                0x00000000000064dc       0x1a ../../../../lib/ksdk_platform_lib/armgcc/KL03Z4/release/libksdk_platform.a(fsl_i2c_master_driver.c.obj)
                0x00000000000064dc                I2C_DRV_MasterSendDataBlocking
 .text.I2C_DRV_MasterReceiveDataBlocking
                0x00000000000064f6       0x1a ../../../../lib/ksdk_platform_lib/armgcc/KL03Z4/release/libksdk_platform.a(fsl_i2c_master_driver.c.obj)
                0x00000000000064f6                I2C_DRV_MasterReceiveDataBlocking
 .text.I2C_DRV_MasterIRQHandler
                0x0000000000006510       0xa0 ../../../../lib/ksdk_platform_lib/armgcc/KL03Z4/release/libksdk_platform.a(fsl_i2c_master_driver.c.obj)
                0x0000000000006510                I2C_DRV_MasterIRQHandler
 .text.I2C_HAL_ClearInt
                0x00000000000065b0        0xe ../../../../lib/ksdk_platform_lib/armgcc/KL03Z4/release/libksdk_platform.a(fsl_i2c_slave_driver.c.obj)
 *fill*         0x00000000000065be        0x2 
 .text.I2C_DRV_SlaveIRQHandler
                0x00000000000065c0      0x250 ../../../../lib/ksdk_platform_lib/armgcc/KL03Z4/release/libksdk_platform.a(fsl_i2c_slave_driver.c.obj)
                0x00000000000065c0                I2C_DRV_SlaveIRQHandler
 .text.CLOCK_HAL_GetLircClk
                0x0000000000006810       0x30 ../../../../lib/ksdk_platform_lib/armgcc/KL03Z4/release/libksdk_platform.a(fsl_mcglite_hal.c.obj)
                0x0000000000006810                CLOCK_HAL_GetLircClk
 .text.CLOCK_HAL_GetOutClk
                0x0000000000006840       0x48 ../../../../lib/ksdk_platform_lib/armgcc/KL03Z4/release/libksdk_platform.a(fsl_mcglite_hal.c.obj)
                0x0000000000006840                CLOCK_HAL_GetOutClk
 .text.CLOCK_HAL_GetMode
                0x0000000000006888       0x34 ../../../../lib/ksdk_platform_lib/armgcc/KL03Z4/release/libksdk_platform.a(fsl_mcglite_hal_modes.c.obj)
                0x0000000000006888                CLOCK_HAL_GetMode
 .text.CLOCK_HAL_SetHircMode
                0x00000000000068bc       0x38 ../../../../lib/ksdk_platform_lib/armgcc/KL03Z4/release/libksdk_platform.a(fsl_mcglite_hal_modes.c.obj)
                0x00000000000068bc                CLOCK_HAL_SetHircMode
 .text.CLOCK_HAL_SetLircMode
                0x00000000000068f4       0x84 ../../../../lib/ksdk_platform_lib/armgcc/KL03Z4/release/libksdk_platform.a(fsl_mcglite_hal_modes.c.obj)
                0x00000000000068f4                CLOCK_HAL_SetLircMode
 .text.CLOCK_HAL_SetExtMode
                0x0000000000006978       0x38 ../../../../lib/ksdk_platform_lib/armgcc/KL03Z4/release/libksdk_platform.a(fsl_mcglite_hal_modes.c.obj)
                0x0000000000006978                CLOCK_HAL_SetExtMode
 .text.OSC_HAL_SetExternalRefClkCmd
                0x00000000000069b0        0xe ../../../../lib/ksdk_platform_lib/armgcc/KL03Z4/release/libksdk_platform.a(fsl_osc_hal.c.obj)
                0x00000000000069b0                OSC_HAL_SetExternalRefClkCmd
 .text.OSC_HAL_SetExternalRefClkInStopModeCmd
                0x00000000000069be        0xe ../../../../lib/ksdk_platform_lib/armgcc/KL03Z4/release/libksdk_platform.a(fsl_osc_hal.c.obj)
                0x00000000000069be                OSC_HAL_SetExternalRefClkInStopModeCmd
 .text.RTC_HAL_ConvertSecsToDatetime
                0x00000000000069cc       0x9c ../../../../lib/ksdk_platform_lib/armgcc/KL03Z4/release/libksdk_platform.a(fsl_rtc_hal.c.obj)
                0x00000000000069cc                RTC_HAL_ConvertSecsToDatetime
 .text.RTC_HAL_IsDatetimeCorrectFormat
                0x0000000000006a68       0x54 ../../../../lib/ksdk_platform_lib/armgcc/KL03Z4/release/libksdk_platform.a(fsl_rtc_hal.c.obj)
                0x0000000000006a68                RTC_HAL_IsDatetimeCorrectFormat
 .text.RTC_HAL_ConvertDatetimeToSecs
                0x0000000000006abc       0x58 ../../../../lib/ksdk_platform_lib/armgcc/KL03Z4/release/libksdk_platform.a(fsl_rtc_hal.c.obj)
                0x0000000000006abc                RTC_HAL_ConvertDatetimeToSecs
 .text.RTC_HAL_Enable
                0x0000000000006b14       0x28 ../../../../lib/ksdk_platform_lib/armgcc/KL03Z4/release/libksdk_platform.a(fsl_rtc_hal.c.obj)
                0x0000000000006b14                RTC_HAL_Enable
 .text.RTC_HAL_Init
                0x0000000000006b3c       0x38 ../../../../lib/ksdk_platform_lib/armgcc/KL03Z4/release/libksdk_platform.a(fsl_rtc_hal.c.obj)
                0x0000000000006b3c                RTC_HAL_Init
 .text.RTC_HAL_SetDatetimeInsecs
                0x0000000000006b74       0x18 ../../../../lib/ksdk_platform_lib/armgcc/KL03Z4/release/libksdk_platform.a(fsl_rtc_hal.c.obj)
                0x0000000000006b74                RTC_HAL_SetDatetimeInsecs
 .text.RTC_HAL_GetDatetimeInSecs
                0x0000000000006b8c        0x6 ../../../../lib/ksdk_platform_lib/armgcc/KL03Z4/release/libksdk_platform.a(fsl_rtc_hal.c.obj)
                0x0000000000006b8c                RTC_HAL_GetDatetimeInSecs
 *fill*         0x0000000000006b92        0x2 
 .text.RTC_DRV_Init
                0x0000000000006b94       0x5c ../../../../lib/ksdk_platform_lib/armgcc/KL03Z4/release/libksdk_platform.a(fsl_rtc_driver.c.obj)
                0x0000000000006b94                RTC_DRV_Init
 .text.RTC_DRV_SetDatetime
                0x0000000000006bf0       0x50 ../../../../lib/ksdk_platform_lib/armgcc/KL03Z4/release/libksdk_platform.a(fsl_rtc_driver.c.obj)
                0x0000000000006bf0                RTC_DRV_SetDatetime
 .text.RTC_DRV_GetDatetime
                0x0000000000006c40       0x58 ../../../../lib/ksdk_platform_lib/armgcc/KL03Z4/release/libksdk_platform.a(fsl_rtc_driver.c.obj)
                0x0000000000006c40                RTC_DRV_GetDatetime
 .text.RTC_DRV_SetAlarm
                0x0000000000006c98       0x6c ../../../../lib/ksdk_platform_lib/armgcc/KL03Z4/release/libksdk_platform.a(fsl_rtc_driver.c.obj)
                0x0000000000006c98                RTC_DRV_SetAlarm
 .text.RTC_DRV_SetAlarmIntCmd
                0x0000000000006d04       0x18 ../../../../lib/ksdk_platform_lib/armgcc/KL03Z4/release/libksdk_platform.a(fsl_rtc_driver.c.obj)
                0x0000000000006d04                RTC_DRV_SetAlarmIntCmd
 .text.RTC_DRV_IsAlarmPending
                0x0000000000006d1c       0x1c ../../../../lib/ksdk_platform_lib/armgcc/KL03Z4/release/libksdk_platform.a(fsl_rtc_driver.c.obj)
                0x0000000000006d1c                RTC_DRV_IsAlarmPending
 .text.CLOCK_HAL_SetOutDiv
                0x0000000000006d38       0x1c ../../../../lib/ksdk_platform_lib/armgcc/KL03Z4/release/libksdk_platform.a(fsl_sim_hal_MKL03Z4.c.obj)
                0x0000000000006d38                CLOCK_HAL_SetOutDiv
 .text.SPI_DRV_IRQHandler
                0x0000000000006d54       0x28 ../../../../lib/ksdk_platform_lib/armgcc/KL03Z4/release/libksdk_platform.a(fsl_spi_shared_function.c.obj)
                0x0000000000006d54                SPI_DRV_IRQHandler
 .text.SPI_DRV_MasterCompleteTransfer
                0x0000000000006d7c       0x3c ../../../../lib/ksdk_platform_lib/armgcc/KL03Z4/release/libksdk_platform.a(fsl_spi_master_driver.c.obj)
 .text.SPI_DRV_MasterInit
                0x0000000000006db8       0x88 ../../../../lib/ksdk_platform_lib/armgcc/KL03Z4/release/libksdk_platform.a(fsl_spi_master_driver.c.obj)
                0x0000000000006db8                SPI_DRV_MasterInit
 .text.SPI_DRV_MasterDeinit
                0x0000000000006e40       0x48 ../../../../lib/ksdk_platform_lib/armgcc/KL03Z4/release/libksdk_platform.a(fsl_spi_master_driver.c.obj)
                0x0000000000006e40                SPI_DRV_MasterDeinit
 .text.SPI_DRV_MasterConfigureBus
                0x0000000000006e88       0x34 ../../../../lib/ksdk_platform_lib/armgcc/KL03Z4/release/libksdk_platform.a(fsl_spi_master_driver.c.obj)
                0x0000000000006e88                SPI_DRV_MasterConfigureBus
 .text.SPI_DRV_MasterStartTransfer
                0x0000000000006ebc       0x84 ../../../../lib/ksdk_platform_lib/armgcc/KL03Z4/release/libksdk_platform.a(fsl_spi_master_driver.c.obj)
 .text.SPI_DRV_MasterTransferBlocking
                0x0000000000006f40       0x58 ../../../../lib/ksdk_platform_lib/armgcc/KL03Z4/release/libksdk_platform.a(fsl_spi_master_driver.c.obj)
                0x0000000000006f40                SPI_DRV_MasterTransferBlocking
 .text.SPI_DRV_MasterIRQHandler
                0x0000000000006f98       0x84 ../../../../lib/ksdk_platform_lib/armgcc/KL03Z4/release/libksdk_platform.a(fsl_spi_master_driver.c.obj)
                0x0000000000006f98                SPI_DRV_MasterIRQHandler
 .text.SPI_DRV_SlaveCompleteTransfer
                0x000000000000701c       0x4c ../../../../lib/ksdk_platform_lib/armgcc/KL03Z4/release/libksdk_platform.a(fsl_spi_slave_driver.c.obj)
 .text.SPI_DRV_SlaveIRQHandler
                0x0000000000007068       0xa0 ../../../../lib/ksdk_platform_lib/armgcc/KL03Z4/release/libksdk_platform.a(fsl_spi_slave_driver.c.obj)
                0x0000000000007068                SPI_DRV_SlaveIRQHandler
 .text.SMC_HAL_GetProtectionMode
                0x0000000000007108       0x20 ../../../../lib/ksdk_platform_lib/armgcc/KL03Z4/release/libksdk_platform.a(fsl_smc_hal.c.obj)
                0x0000000000007108                SMC_HAL_GetProtectionMode
 .text.SMC_HAL_SetRunMode
                0x0000000000007128       0x14 ../../../../lib/ksdk_platform_lib/armgcc/KL03Z4/release/libksdk_platform.a(fsl_smc_hal.c.obj)
                0x0000000000007128                SMC_HAL_SetRunMode
 .text.SMC_HAL_SetPorMode
                0x000000000000713c       0x10 ../../../../lib/ksdk_platform_lib/armgcc/KL03Z4/release/libksdk_platform.a(fsl_smc_hal.c.obj)
                0x000000000000713c                SMC_HAL_SetPorMode
 .text.SMC_HAL_SetPstopMode
                0x000000000000714c       0x14 ../../../../lib/ksdk_platform_lib/armgcc/KL03Z4/release/libksdk_platform.a(fsl_smc_hal.c.obj)
                0x000000000000714c                SMC_HAL_SetPstopMode
 .text.SMC_HAL_SetLpoMode
                0x0000000000007160       0x10 ../../../../lib/ksdk_platform_lib/armgcc/KL03Z4/release/libksdk_platform.a(fsl_smc_hal.c.obj)
                0x0000000000007160                SMC_HAL_SetLpoMode
 .text.SMC_HAL_SetMode
                0x0000000000007170       0xf4 ../../../../lib/ksdk_platform_lib/armgcc/KL03Z4/release/libksdk_platform.a(fsl_smc_hal.c.obj)
                0x0000000000007170                SMC_HAL_SetMode
 .text.SMC_HAL_GetStat
                0x0000000000007264       0x10 ../../../../lib/ksdk_platform_lib/armgcc/KL03Z4/release/libksdk_platform.a(fsl_smc_hal.c.obj)
                0x0000000000007264                SMC_HAL_GetStat
 .text.GPIO_HAL_SetPinDir
                0x0000000000007274       0x20 ../../../../lib/ksdk_platform_lib/armgcc/KL03Z4/release/libksdk_platform.a(fsl_gpio_hal.c.obj)
                0x0000000000007274                GPIO_HAL_SetPinDir
 .text.GPIO_HAL_WritePinOutput
                0x0000000000007294       0x10 ../../../../lib/ksdk_platform_lib/armgcc/KL03Z4/release/libksdk_platform.a(fsl_gpio_hal.c.obj)
                0x0000000000007294                GPIO_HAL_WritePinOutput
 .text.I2C_HAL_Init
                0x00000000000072a4       0x1c ../../../../lib/ksdk_platform_lib/armgcc/KL03Z4/release/libksdk_platform.a(fsl_i2c_hal.c.obj)
                0x00000000000072a4                I2C_HAL_Init
 .text.I2C_HAL_SetBaudRate
                0x00000000000072c0       0x84 ../../../../lib/ksdk_platform_lib/armgcc/KL03Z4/release/libksdk_platform.a(fsl_i2c_hal.c.obj)
                0x00000000000072c0                I2C_HAL_SetBaudRate
 .text.I2C_HAL_SendStart
                0x0000000000007344       0x24 ../../../../lib/ksdk_platform_lib/armgcc/KL03Z4/release/libksdk_platform.a(fsl_i2c_hal.c.obj)
                0x0000000000007344                I2C_HAL_SendStart
 .text.I2C_HAL_SendStop
                0x0000000000007368       0x3a ../../../../lib/ksdk_platform_lib/armgcc/KL03Z4/release/libksdk_platform.a(fsl_i2c_hal.c.obj)
                0x0000000000007368                I2C_HAL_SendStop
 .text.SPI_HAL_Init
                0x00000000000073a2        0xe ../../../../lib/ksdk_platform_lib/armgcc/KL03Z4/release/libksdk_platform.a(fsl_spi_hal.c.obj)
                0x00000000000073a2                SPI_HAL_Init
 .text.SPI_HAL_SetBaud
                0x00000000000073b0       0x72 ../../../../lib/ksdk_platform_lib/armgcc/KL03Z4/release/libksdk_platform.a(fsl_spi_hal.c.obj)
                0x00000000000073b0                SPI_HAL_SetBaud
 .text.SPI_HAL_SetSlaveSelectOutputMode
                0x0000000000007422       0x26 ../../../../lib/ksdk_platform_lib/armgcc/KL03Z4/release/libksdk_platform.a(fsl_spi_hal.c.obj)
                0x0000000000007422                SPI_HAL_SetSlaveSelectOutputMode
 .text.SPI_HAL_SetDataFormat
                0x0000000000007448       0x26 ../../../../lib/ksdk_platform_lib/armgcc/KL03Z4/release/libksdk_platform.a(fsl_spi_hal.c.obj)
                0x0000000000007448                SPI_HAL_SetDataFormat
 .text.SPI_HAL_SetPinMode
                0x000000000000746e       0x20 ../../../../lib/ksdk_platform_lib/armgcc/KL03Z4/release/libksdk_platform.a(fsl_spi_hal.c.obj)
                0x000000000000746e                SPI_HAL_SetPinMode
 *fill*         0x000000000000748e        0x2 
 .text.pow      0x0000000000007490      0x35c /usr/lib/gcc/arm-none-eabi/4.9.3/../../../arm-none-eabi/lib/armv6-m/libm.a(lib_a-w_pow.o)
                0x0000000000007490                pow
 .text.__ieee754_pow
                0x00000000000077ec      0xa8c /usr/lib/gcc/arm-none-eabi/4.9.3/../../../arm-none-eabi/lib/armv6-m/libm.a(lib_a-e_pow.o)
                0x00000000000077ec                __ieee754_pow
 .text.__ieee754_sqrt
                0x0000000000008278      0x1ec /usr/lib/gcc/arm-none-eabi/4.9.3/../../../arm-none-eabi/lib/armv6-m/libm.a(lib_a-e_sqrt.o)
                0x0000000000008278                __ieee754_sqrt
 .text.fabs     0x0000000000008464        0x8 /usr/lib/gcc/arm-none-eabi/4.9.3/../../../arm-none-eabi/lib/armv6-m/libm.a(lib_a-s_fabs.o)
                0x0000000000008464                fabs
 .text.finite   0x000000000000846c       0x14 /usr/lib/gcc/arm-none-eabi/4.9.3/../../../arm-none-eabi/lib/armv6-m/libm.a(lib_a-s_finite.o)
                0x000000000000846c                finite
 .text.__fpclassifyd
                0x0000000000008480       0x5c /usr/lib/gcc/arm-none-eabi/4.9.3/../../../arm-none-eabi/lib/armv6-m/libm.a(lib_a-s_fpclassify.o)
                0x0000000000008480                __fpclassifyd
 .text.matherr  0x00000000000084dc        0x4 /usr/lib/gcc/arm-none-eabi/4.9.3/../../../arm-none-eabi/lib/armv6-m/libm.a(lib_a-s_matherr.o)
                0x00000000000084dc                matherr
 .text.nan      0x00000000000084e0        0xc /usr/lib/gcc/arm-none-eabi/4.9.3/../../../arm-none-eabi/lib/armv6-m/libm.a(lib_a-s_nan.o)
                0x00000000000084e0                nan
 .text.rint     0x00000000000084ec      0x144 /usr/lib/gcc/arm-none-eabi/4.9.3/../../../arm-none-eabi/lib/armv6-m/libm.a(lib_a-s_rint.o)
                0x00000000000084ec                rint
 .text.scalbn   0x0000000000008630       0xf8 /usr/lib/gcc/arm-none-eabi/4.9.3/../../../arm-none-eabi/lib/armv6-m/libm.a(lib_a-s_scalbn.o)
                0x0000000000008630                scalbn
 .text.copysign
                0x0000000000008728       0x10 /usr/lib/gcc/arm-none-eabi/4.9.3/../../../arm-none-eabi/lib/armv6-m/libm.a(lib_a-s_copysign.o)
                0x0000000000008728                copysign
 .text.atexit   0x0000000000008738       0x10 /usr/lib/gcc/arm-none-eabi/4.9.3/../../../arm-none-eabi/lib/armv6-m/libc_nano.a(lib_a-atexit.o)
                0x0000000000008738                atexit
 .text.__errno  0x0000000000008748        0xc /usr/lib/gcc/arm-none-eabi/4.9.3/../../../arm-none-eabi/lib/armv6-m/libc_nano.a(lib_a-errno.o)
                0x0000000000008748                __errno
 .text.exit     0x0000000000008754       0x2c /usr/lib/gcc/arm-none-eabi/4.9.3/../../../arm-none-eabi/lib/armv6-m/libc_nano.a(lib_a-exit.o)
                0x0000000000008754                exit
 .text.__libc_fini_array
                0x0000000000008780       0x28 /usr/lib/gcc/arm-none-eabi/4.9.3/../../../arm-none-eabi/lib/armv6-m/libc_nano.a(lib_a-fini.o)
                0x0000000000008780                __libc_fini_array
 .text.__libc_init_array
                0x00000000000087a8       0x4c /usr/lib/gcc/arm-none-eabi/4.9.3/../../../arm-none-eabi/lib/armv6-m/libc_nano.a(lib_a-init.o)
                0x00000000000087a8                __libc_init_array
 .text.malloc   0x00000000000087f4       0x14 /usr/lib/gcc/arm-none-eabi/4.9.3/../../../arm-none-eabi/lib/armv6-m/libc_nano.a(lib_a-malloc.o)
                0x00000000000087f4                malloc
 .text.free     0x0000000000008808       0x14 /usr/lib/gcc/arm-none-eabi/4.9.3/../../../arm-none-eabi/lib/armv6-m/libc_nano.a(lib_a-malloc.o)
                0x0000000000008808                free
 .text.memcpy   0x000000000000881c       0x12 /usr/lib/gcc/arm-none-eabi/4.9.3/../../../arm-none-eabi/lib/armv6-m/libc_nano.a(lib_a-memcpy.o)
                0x000000000000881c                memcpy
 .text.memset   0x000000000000882e       0x10 /usr/lib/gcc/arm-none-eabi/4.9.3/../../../arm-none-eabi/lib/armv6-m/libc_nano.a(lib_a-memset.o)
                0x000000000000882e                memset
 *fill*         0x000000000000883e        0x2 
 .text._free_r  0x0000000000008840       0x8c /usr/lib/gcc/arm-none-eabi/4.9.3/../../../arm-none-eabi/lib/armv6-m/libc_nano.a(lib_a-nano-freer.o)
                0x0000000000008840                _free_r
 .text._malloc_r
                0x00000000000088cc       0xb0 /usr/lib/gcc/arm-none-eabi/4.9.3/../../../arm-none-eabi/lib/armv6-m/libc_nano.a(lib_a-nano-mallocr.o)
                0x00000000000088cc                _malloc_r
 .text._sbrk_r  0x000000000000897c       0x24 /usr/lib/gcc/arm-none-eabi/4.9.3/../../../arm-none-eabi/lib/armv6-m/libc_nano.a(lib_a-sbrkr.o)
                0x000000000000897c                _sbrk_r
 .text.strcpy   0x00000000000089a0       0x10 /usr/lib/gcc/arm-none-eabi/4.9.3/../../../arm-none-eabi/lib/armv6-m/libc_nano.a(lib_a-strcpy.o)
                0x00000000000089a0                strcpy
 .text.strlen   0x00000000000089b0        0xe /usr/lib/gcc/arm-none-eabi/4.9.3/../../../arm-none-eabi/lib/armv6-m/libc_nano.a(lib_a-strlen.o)
                0x00000000000089b0                strlen
 *fill*         0x00000000000089be        0x2 
 .text.__register_exitproc
                0x00000000000089c0       0xb8 /usr/lib/gcc/arm-none-eabi/4.9.3/../../../arm-none-eabi/lib/armv6-m/libc_nano.a(lib_a-__atexit.o)
                0x00000000000089c0                __register_exitproc
 .text.__call_exitprocs
                0x0000000000008a78       0xe8 /usr/lib/gcc/arm-none-eabi/4.9.3/../../../arm-none-eabi/lib/armv6-m/libc_nano.a(lib_a-__call_atexit.o)
                0x0000000000008a78                __call_exitprocs
 .text._exit    0x0000000000008b60        0x4 /usr/lib/gcc/arm-none-eabi/4.9.3/../../../arm-none-eabi/lib/armv6-m/libnosys.a(_exit.o)
                0x0000000000008b60                _exit
 *(.rodata)
 .rodata        0x0000000000008b64       0x10 CMakeFiles/Warp.dir/home/djb243/CW4/Warp-firmware/build/ksdk1.1/work/demos/Warp/src/devSSD1331.c.obj
 .rodata        0x0000000000008b74       0x40 /usr/lib/gcc/arm-none-eabi/4.9.3/armv6-m/libgcc.a(divdf3.o)
 .rodata        0x0000000000008bb4       0x40 /usr/lib/gcc/arm-none-eabi/4.9.3/armv6-m/libgcc.a(muldf3.o)
 *(.rodata*)
 .rodata.str1.1
                0x0000000000008bf4     0x17e0 CMakeFiles/Warp.dir/home/djb243/CW4/Warp-firmware/build/ksdk1.1/work/demos/Warp/src/warp-kl03-ksdk1.1-boot.c.obj
                                       0x17e3 (size before relaxing)
 .rodata.str1.1
                0x000000000000a3d4       0x17 CMakeFiles/Warp.dir/home/djb243/CW4/Warp-firmware/build/ksdk1.1/work/demos/Warp/src/devMMA8451Q.c.obj
                                         0x1c (size before relaxing)
 .rodata.str1.1
                0x000000000000a3eb       0x14 CMakeFiles/Warp.dir/home/djb243/CW4/Warp-firmware/build/ksdk1.1/work/demos/Warp/src/SEGGER_RTT.c.obj
 .rodata._aV2C.4362
                0x000000000000a3ff       0x10 CMakeFiles/Warp.dir/home/djb243/CW4/Warp-firmware/build/ksdk1.1/work/demos/Warp/src/SEGGER_RTT_printf.c.obj
 .rodata.portGateTable
                0x000000000000a40f        0x2 ../../../../lib/ksdk_platform_lib/armgcc/KL03Z4/release/libksdk_platform.a(fsl_clock_MKL03Z4.c.obj)
 .rodata.g_i2cIrqId
                0x000000000000a411        0x1 ../../../../lib/ksdk_platform_lib/armgcc/KL03Z4/release/libksdk_platform.a(fsl_i2c_common.c.obj)
                0x000000000000a411                g_i2cIrqId
 *fill*         0x000000000000a412        0x2 
 .rodata.g_i2cBaseAddr
                0x000000000000a414        0x4 ../../../../lib/ksdk_platform_lib/armgcc/KL03Z4/release/libksdk_platform.a(fsl_i2c_common.c.obj)
                0x000000000000a414                g_i2cBaseAddr
 .rodata.MONTH_DAYS
                0x000000000000a418       0x1a ../../../../lib/ksdk_platform_lib/armgcc/KL03Z4/release/libksdk_platform.a(fsl_rtc_hal.c.obj)
 .rodata.LY     0x000000000000a432        0xd ../../../../lib/ksdk_platform_lib/armgcc/KL03Z4/release/libksdk_platform.a(fsl_rtc_hal.c.obj)
 .rodata.ULY    0x000000000000a43f        0xd ../../../../lib/ksdk_platform_lib/armgcc/KL03Z4/release/libksdk_platform.a(fsl_rtc_hal.c.obj)
 .rodata.g_rtcSecondsIrqId
                0x000000000000a44c        0x1 ../../../../lib/ksdk_platform_lib/armgcc/KL03Z4/release/libksdk_platform.a(fsl_rtc_common.c.obj)
                0x000000000000a44c                g_rtcSecondsIrqId
 .rodata.g_rtcIrqId
                0x000000000000a44d        0x1 ../../../../lib/ksdk_platform_lib/armgcc/KL03Z4/release/libksdk_platform.a(fsl_rtc_common.c.obj)
                0x000000000000a44d                g_rtcIrqId
 *fill*         0x000000000000a44e        0x2 
 .rodata.g_rtcBaseAddr
                0x000000000000a450        0x4 ../../../../lib/ksdk_platform_lib/armgcc/KL03Z4/release/libksdk_platform.a(fsl_rtc_common.c.obj)
                0x000000000000a450                g_rtcBaseAddr
 .rodata.g_spiIrqId
                0x000000000000a454        0x1 ../../../../lib/ksdk_platform_lib/armgcc/KL03Z4/release/libksdk_platform.a(fsl_spi_common.c.obj)
                0x000000000000a454                g_spiIrqId
 *fill*         0x000000000000a455        0x3 
 .rodata.g_spiBaseAddr
                0x000000000000a458        0x4 ../../../../lib/ksdk_platform_lib/armgcc/KL03Z4/release/libksdk_platform.a(fsl_spi_common.c.obj)
                0x000000000000a458                g_spiBaseAddr
 .rodata.g_oscBaseAddr
                0x000000000000a45c        0x4 ../../../../lib/ksdk_platform_lib/armgcc/KL03Z4/release/libksdk_platform.a(fsl_clock_manager_common.c.obj)
                0x000000000000a45c                g_oscBaseAddr
 .rodata.g_portBaseAddr
                0x000000000000a460        0x8 ../../../../lib/ksdk_platform_lib/armgcc/KL03Z4/release/libksdk_platform.a(fsl_gpio_common.c.obj)
                0x000000000000a460                g_portBaseAddr
 .rodata.g_gpioBaseAddr
                0x000000000000a468        0x8 ../../../../lib/ksdk_platform_lib/armgcc/KL03Z4/release/libksdk_platform.a(fsl_gpio_common.c.obj)
                0x000000000000a468                g_gpioBaseAddr
 .rodata.g_portIrqId
                0x000000000000a470        0x2 ../../../../lib/ksdk_platform_lib/armgcc/KL03Z4/release/libksdk_platform.a(fsl_gpio_common.c.obj)
                0x000000000000a470                g_portIrqId
 .rodata.kI2CDividerTable
                0x000000000000a472       0xc8 ../../../../lib/ksdk_platform_lib/armgcc/KL03Z4/release/libksdk_platform.a(fsl_i2c_hal.c.obj)
                0x000000000000a472                kI2CDividerTable
 *fill*         0x000000000000a53a        0x2 
 .rodata.str1.4
                0x000000000000a53c        0x4 /usr/lib/gcc/arm-none-eabi/4.9.3/../../../arm-none-eabi/lib/armv6-m/libm.a(lib_a-w_pow.o)
 .rodata.dp_h   0x000000000000a540       0x10 /usr/lib/gcc/arm-none-eabi/4.9.3/../../../arm-none-eabi/lib/armv6-m/libm.a(lib_a-e_pow.o)
 .rodata.dp_l   0x000000000000a550       0x10 /usr/lib/gcc/arm-none-eabi/4.9.3/../../../arm-none-eabi/lib/armv6-m/libm.a(lib_a-e_pow.o)
 .rodata.bp     0x000000000000a560       0x10 /usr/lib/gcc/arm-none-eabi/4.9.3/../../../arm-none-eabi/lib/armv6-m/libm.a(lib_a-e_pow.o)
 .rodata.str1.4
                0x000000000000a570        0x4 /usr/lib/gcc/arm-none-eabi/4.9.3/../../../arm-none-eabi/lib/armv6-m/libm.a(lib_a-e_pow.o)
 *fill*         0x000000000000a574        0x4 
 .rodata.TWO52  0x000000000000a578       0x10 /usr/lib/gcc/arm-none-eabi/4.9.3/../../../arm-none-eabi/lib/armv6-m/libm.a(lib_a-s_rint.o)
 .rodata.str1.1
                0x000000000000a588        0x2 /usr/lib/gcc/arm-none-eabi/4.9.3/../../../arm-none-eabi/lib/armv6-m/libc_nano.a(lib_a-impure.o)
 *fill*         0x000000000000a58a        0x2 
 .rodata._global_impure_ptr
                0x000000000000a58c        0x4 /usr/lib/gcc/arm-none-eabi/4.9.3/../../../arm-none-eabi/lib/armv6-m/libc_nano.a(lib_a-impure.o)
                0x000000000000a58c                _global_impure_ptr
 *(.glue_7)
 .glue_7        0x000000000000a590        0x0 linker stubs
 *(.glue_7t)
 .glue_7t       0x000000000000a590        0x0 linker stubs
 *(.eh_frame)
 .eh_frame      0x000000000000a590        0x0 /usr/lib/gcc/arm-none-eabi/4.9.3/armv6-m/crtbegin.o
 *(.init)
 .init          0x000000000000a590        0x4 /usr/lib/gcc/arm-none-eabi/4.9.3/armv6-m/crti.o
                0x000000000000a590                _init
 .init          0x000000000000a594        0x8 /usr/lib/gcc/arm-none-eabi/4.9.3/armv6-m/crtn.o
 *(.fini)
 .fini          0x000000000000a59c        0x4 /usr/lib/gcc/arm-none-eabi/4.9.3/armv6-m/crti.o
                0x000000000000a59c                _fini
 .fini          0x000000000000a5a0        0x8 /usr/lib/gcc/arm-none-eabi/4.9.3/armv6-m/crtn.o
                0x000000000000a5a8                . = ALIGN (0x4)

.vfp11_veneer   0x000000000000a5a8        0x0
 .vfp11_veneer  0x000000000000a5a8        0x0 linker stubs

.v4_bx          0x000000000000a5a8        0x0
 .v4_bx         0x000000000000a5a8        0x0 linker stubs

.iplt           0x000000000000a5a8        0x0
 .iplt          0x000000000000a5a8        0x0 /usr/lib/gcc/arm-none-eabi/4.9.3/armv6-m/crtbegin.o

.ARM.extab
 *(.ARM.extab* .gnu.linkonce.armextab.*)

.ARM            0x000000000000a5a8        0x8
                0x000000000000a5a8                __exidx_start = .
 *(.ARM.exidx*)
 .ARM.exidx     0x000000000000a5a8        0x8 /usr/lib/gcc/arm-none-eabi/4.9.3/../../../arm-none-eabi/lib/armv6-m/crt0.o
                0x000000000000a5b0                __exidx_end = .

.rel.dyn        0x000000000000a5b0        0x0
 .rel.iplt      0x000000000000a5b0        0x0 /usr/lib/gcc/arm-none-eabi/4.9.3/armv6-m/crtbegin.o

.ctors          0x000000000000a5b0        0x0
                0x000000000000a5b0                __CTOR_LIST__ = .
 *crtbegin.o(.ctors)
 *crtbegin?.o(.ctors)
 *(EXCLUDE_FILE(*crtend.o *crtend?.o) .ctors)
 *(SORT(.ctors.*))
 *(.ctors)
                0x000000000000a5b0                __CTOR_END__ = .

.dtors          0x000000000000a5b0        0x0
                0x000000000000a5b0                __DTOR_LIST__ = .
 *crtbegin.o(.dtors)
 *crtbegin?.o(.dtors)
 *(EXCLUDE_FILE(*crtend.o *crtend?.o) .dtors)
 *(SORT(.dtors.*))
 *(.dtors)
                0x000000000000a5b0                __DTOR_END__ = .

.preinit_array  0x000000000000a5b0        0x0
                0x000000000000a5b0                PROVIDE (__preinit_array_start, .)
 *(.preinit_array*)
                0x000000000000a5b0                PROVIDE (__preinit_array_end, .)

.init_array     0x000000000000a5b0        0x4
                0x000000000000a5b0                PROVIDE (__init_array_start, .)
 *(SORT(.init_array.*))
 *(.init_array*)
 .init_array    0x000000000000a5b0        0x4 /usr/lib/gcc/arm-none-eabi/4.9.3/armv6-m/crtbegin.o
                0x000000000000a5b4                PROVIDE (__init_array_end, .)

.fini_array     0x000000000000a5b4        0x4
                0x000000000000a5b4                PROVIDE (__fini_array_start, .)
 *(SORT(.fini_array.*))
 *(.fini_array*)
 .fini_array    0x000000000000a5b4        0x4 /usr/lib/gcc/arm-none-eabi/4.9.3/armv6-m/crtbegin.o
                0x000000000000a5b8                PROVIDE (__fini_array_end, .)
                0x000000000000a5b8                __etext = .
                0x000000000000a5b8                __DATA_ROM = .

.mtb            0x000000001ffffe00        0x0
                0x000000001ffffe00                . = ALIGN (0x8)
                0x000000001ffffe00                _mtb_start = .
 *(.mtb_buf)
                0x000000001ffffe00                . = ALIGN (0x8)
                0x000000001ffffe00                _mtb_end = .

.interrupts_ram
                0x000000001ffffe00        0x0
                0x000000001ffffe00                . = ALIGN (0x4)
                0x000000001ffffe00                __VECTOR_RAM__ = .
                0x000000001ffffe00                __interrupts_ram_start__ = .
 *(.m_interrupts_ram)
                0x000000001ffffe00                . = (. + M_VECTOR_RAM_SIZE)
                0x000000001ffffe00                . = ALIGN (0x4)
                0x000000001ffffe00                __interrupts_ram_end__ = .
                0x0000000000000000                __VECTOR_RAM = DEFINED (__ram_vector_table__)?__VECTOR_RAM__:ORIGIN (m_interrupts)
                0x0000000000000000                __RAM_VECTOR_TABLE_SIZE_BYTES = DEFINED (__ram_vector_table__)?(__interrupts_ram_end__ - __interrupts_ram_start__):0x0

.data           0x000000001ffffe00      0x1b8 load address 0x000000000000a5b8
                0x000000001ffffe00                . = ALIGN (0x4)
                0x000000001ffffe00                __DATA_RAM = .
                0x000000001ffffe00                __data_start__ = .
 *(.data)
 *(.data*)
 .data.gWarpMenuPrintDelayMilliseconds
                0x000000001ffffe00        0x4 CMakeFiles/Warp.dir/home/djb243/CW4/Warp-firmware/build/ksdk1.1/work/demos/Warp/src/warp-kl03-ksdk1.1-boot.c.obj
                0x000000001ffffe00                gWarpMenuPrintDelayMilliseconds
 .data.gWarpUartBaudRateKbps
                0x000000001ffffe04        0x4 CMakeFiles/Warp.dir/home/djb243/CW4/Warp-firmware/build/ksdk1.1/work/demos/Warp/src/warp-kl03-ksdk1.1-boot.c.obj
                0x000000001ffffe04                gWarpUartBaudRateKbps
 .data.gWarpSupplySettlingDelayMilliseconds
                0x000000001ffffe08        0x4 CMakeFiles/Warp.dir/home/djb243/CW4/Warp-firmware/build/ksdk1.1/work/demos/Warp/src/warp-kl03-ksdk1.1-boot.c.obj
                0x000000001ffffe08                gWarpSupplySettlingDelayMilliseconds
 .data.gWarpMode
                0x000000001ffffe0c        0x1 CMakeFiles/Warp.dir/home/djb243/CW4/Warp-firmware/build/ksdk1.1/work/demos/Warp/src/warp-kl03-ksdk1.1-boot.c.obj
                0x000000001ffffe0c                gWarpMode
 *fill*         0x000000001ffffe0d        0x3 
 .data.gWarpI2cBaudRateKbps
                0x000000001ffffe10        0x4 CMakeFiles/Warp.dir/home/djb243/CW4/Warp-firmware/build/ksdk1.1/work/demos/Warp/src/warp-kl03-ksdk1.1-boot.c.obj
                0x000000001ffffe10                gWarpI2cBaudRateKbps
 .data.gWarpSpiBaudRateKbps
                0x000000001ffffe14        0x4 CMakeFiles/Warp.dir/home/djb243/CW4/Warp-firmware/build/ksdk1.1/work/demos/Warp/src/warp-kl03-ksdk1.1-boot.c.obj
                0x000000001ffffe14                gWarpSpiBaudRateKbps
 .data.gWarpI2cTimeoutMilliseconds
                0x000000001ffffe18        0x4 CMakeFiles/Warp.dir/home/djb243/CW4/Warp-firmware/build/ksdk1.1/work/demos/Warp/src/warp-kl03-ksdk1.1-boot.c.obj
                0x000000001ffffe18                gWarpI2cTimeoutMilliseconds
 .data.clockManagerCallbackUserlevelStructure
                0x000000001ffffe1c        0xc CMakeFiles/Warp.dir/home/djb243/CW4/Warp-firmware/build/ksdk1.1/work/demos/Warp/src/warp-kl03-ksdk1.1-boot.c.obj
                0x000000001ffffe1c                clockManagerCallbackUserlevelStructure
 .data.clockCallbackTable
                0x000000001ffffe28        0x4 CMakeFiles/Warp.dir/home/djb243/CW4/Warp-firmware/build/ksdk1.1/work/demos/Warp/src/warp-kl03-ksdk1.1-boot.c.obj
 .data.acc_prev
                0x000000001ffffe2c        0x8 CMakeFiles/Warp.dir/home/djb243/CW4/Warp-firmware/build/ksdk1.1/work/demos/Warp/src/devSSD1331.c.obj
                0x000000001ffffe2c                acc_prev
 .data.inputPins
                0x000000001ffffe34       0x10 CMakeFiles/Warp.dir/home/djb243/CW4/Warp-firmware/build/ksdk1.1/work/boards/Warp/gpio_pins.c.obj
                0x000000001ffffe34                inputPins
 .data.outputPins
                0x000000001ffffe44       0xf0 CMakeFiles/Warp.dir/home/djb243/CW4/Warp-firmware/build/ksdk1.1/work/boards/Warp/gpio_pins.c.obj
                0x000000001ffffe44                outputPins
 .data.g_defaultClockConfigurations
                0x000000001fffff34       0x18 ../../../../lib/ksdk_platform_lib/armgcc/KL03Z4/release/libksdk_platform.a(fsl_clock_MKL03Z4.c.obj)
                0x000000001fffff34                g_defaultClockConfigurations
 .data.__fdlib_version
                0x000000001fffff4c        0x1 /usr/lib/gcc/arm-none-eabi/4.9.3/../../../arm-none-eabi/lib/armv6-m/libm.a(lib_a-s_lib_ver.o)
                0x000000001fffff4c                __fdlib_version
 *fill*         0x000000001fffff4d        0x3 
 .data.impure_data
                0x000000001fffff50       0x60 /usr/lib/gcc/arm-none-eabi/4.9.3/../../../arm-none-eabi/lib/armv6-m/libc_nano.a(lib_a-impure.o)
 .data._impure_ptr
                0x000000001fffffb0        0x4 /usr/lib/gcc/arm-none-eabi/4.9.3/../../../arm-none-eabi/lib/armv6-m/libc_nano.a(lib_a-impure.o)
                0x000000001fffffb0                _impure_ptr
 *(.jcr*)
 .jcr           0x000000001fffffb4        0x0 /usr/lib/gcc/arm-none-eabi/4.9.3/armv6-m/crtbegin.o
 .jcr           0x000000001fffffb4        0x4 /usr/lib/gcc/arm-none-eabi/4.9.3/armv6-m/crtend.o
                0x000000001fffffb8                . = ALIGN (0x4)
                0x000000001fffffb8                __data_end__ = .
                0x000000000000a770                __DATA_END = (__DATA_ROM + (__data_end__ - __data_start__))

.tm_clone_table
                0x000000001fffffb8        0x0 load address 0x000000000000a770
 .tm_clone_table
                0x000000001fffffb8        0x0 /usr/lib/gcc/arm-none-eabi/4.9.3/armv6-m/crtbegin.o
 .tm_clone_table
                0x000000001fffffb8        0x0 /usr/lib/gcc/arm-none-eabi/4.9.3/armv6-m/crtend.o

.igot.plt       0x000000001fffffb8        0x0 load address 0x000000000000a770
 .igot.plt      0x000000001fffffb8        0x0 /usr/lib/gcc/arm-none-eabi/4.9.3/armv6-m/crtbegin.o

.bss            0x000000001fffffb8      0x31c load address 0x000000000000a770
                0x000000001fffffb8                . = ALIGN (0x4)
                0x000000001fffffb8                __START_BSS = .
                0x000000001fffffb8                __bss_start__ = .
 *(.bss)
 .bss           0x000000001fffffb8       0x1c /usr/lib/gcc/arm-none-eabi/4.9.3/armv6-m/crtbegin.o
 *(.bss*)
 .bss.heap_end.5228
                0x000000001fffffd4        0x4 CMakeFiles/Warp.dir/home/djb243/CW4/Warp-firmware/build/ksdk1.1/work/platform/utilities/src/fsl_misc_utilities.c.obj
 .bss.i2cMasterState
                0x000000001fffffd8       0x24 CMakeFiles/Warp.dir/home/djb243/CW4/Warp-firmware/build/ksdk1.1/work/demos/Warp/src/warp-kl03-ksdk1.1-boot.c.obj
                0x000000001fffffd8                i2cMasterState
 .bss.deviceINA219State
                0x000000001ffffffc       0x10 CMakeFiles/Warp.dir/home/djb243/CW4/Warp-firmware/build/ksdk1.1/work/demos/Warp/src/warp-kl03-ksdk1.1-boot.c.obj
                0x000000001ffffffc                deviceINA219State
 .bss.deviceMMA8451QState
                0x000000002000000c       0x10 CMakeFiles/Warp.dir/home/djb243/CW4/Warp-firmware/build/ksdk1.1/work/demos/Warp/src/warp-kl03-ksdk1.1-boot.c.obj
                0x000000002000000c                deviceMMA8451QState
 .bss.spiUserConfig
                0x000000002000001c        0x8 CMakeFiles/Warp.dir/home/djb243/CW4/Warp-firmware/build/ksdk1.1/work/demos/Warp/src/warp-kl03-ksdk1.1-boot.c.obj
                0x000000002000001c                spiUserConfig
 .bss.gWarpSleeptimeSeconds
                0x0000000020000024        0x4 CMakeFiles/Warp.dir/home/djb243/CW4/Warp-firmware/build/ksdk1.1/work/demos/Warp/src/warp-kl03-ksdk1.1-boot.c.obj
                0x0000000020000024                gWarpSleeptimeSeconds
 .bss.spiMasterState
                0x0000000020000028       0x30 CMakeFiles/Warp.dir/home/djb243/CW4/Warp-firmware/build/ksdk1.1/work/demos/Warp/src/warp-kl03-ksdk1.1-boot.c.obj
                0x0000000020000028                spiMasterState
 .bss.inBuffer  0x0000000020000058        0x1 CMakeFiles/Warp.dir/home/djb243/CW4/Warp-firmware/build/ksdk1.1/work/demos/Warp/src/devSSD1331.c.obj
                0x0000000020000058                inBuffer
 .bss.payloadBytes
                0x0000000020000059        0x1 CMakeFiles/Warp.dir/home/djb243/CW4/Warp-firmware/build/ksdk1.1/work/demos/Warp/src/devSSD1331.c.obj
                0x0000000020000059                payloadBytes
 .bss._acDownBuffer
                0x000000002000005a        0x4 CMakeFiles/Warp.dir/home/djb243/CW4/Warp-firmware/build/ksdk1.1/work/demos/Warp/src/SEGGER_RTT.c.obj
 .bss._acUpBuffer
                0x000000002000005e       0xc8 CMakeFiles/Warp.dir/home/djb243/CW4/Warp-firmware/build/ksdk1.1/work/demos/Warp/src/SEGGER_RTT.c.obj
 *fill*         0x0000000020000126        0x2 
 .bss._SEGGER_RTT
                0x0000000020000128       0x78 CMakeFiles/Warp.dir/home/djb243/CW4/Warp-firmware/build/ksdk1.1/work/demos/Warp/src/SEGGER_RTT.c.obj
                0x0000000020000128                _SEGGER_RTT
 .bss.g_taskListHead
                0x00000000200001a0       0x10 ../../../../lib/ksdk_platform_lib/armgcc/KL03Z4/release/libksdk_platform.a(fsl_os_abstraction_bm.c.obj)
 .bss.g_freeTaskControlBlock
                0x00000000200001b0        0x4 ../../../../lib/ksdk_platform_lib/armgcc/KL03Z4/release/libksdk_platform.a(fsl_os_abstraction_bm.c.obj)
 .bss.g_taskControlBlockPool
                0x00000000200001b4       0x50 ../../../../lib/ksdk_platform_lib/armgcc/KL03Z4/release/libksdk_platform.a(fsl_os_abstraction_bm.c.obj)
 .bss.g_clockState
                0x0000000020000204       0x10 ../../../../lib/ksdk_platform_lib/armgcc/KL03Z4/release/libksdk_platform.a(fsl_clock_manager.c.obj)
 .bss.g_interruptDisableCount
                0x0000000020000214        0x4 ../../../../lib/ksdk_platform_lib/armgcc/KL03Z4/release/libksdk_platform.a(fsl_interrupt_manager.c.obj)
                0x0000000020000214                g_interruptDisableCount
 .bss.gPowerManagerState
                0x0000000020000218       0x10 ../../../../lib/ksdk_platform_lib/armgcc/KL03Z4/release/libksdk_platform.a(fsl_power_manager.c.obj)
 .bss.g_i2cStatePtr
                0x0000000020000228        0x4 ../../../../lib/ksdk_platform_lib/armgcc/KL03Z4/release/libksdk_platform.a(fsl_i2c_common.c.obj)
                0x0000000020000228                g_i2cStatePtr
 .bss.g_xtal0ClkFreq
                0x000000002000022c        0x4 ../../../../lib/ksdk_platform_lib/armgcc/KL03Z4/release/libksdk_platform.a(fsl_mcglite_hal.c.obj)
                0x000000002000022c                g_xtal0ClkFreq
 .bss.g_xtalRtcClkFreq
                0x0000000020000230        0x4 ../../../../lib/ksdk_platform_lib/armgcc/KL03Z4/release/libksdk_platform.a(fsl_mcglite_hal.c.obj)
                0x0000000020000230                g_xtalRtcClkFreq
 .bss.g_spiStatePtr
                0x0000000020000234        0x4 ../../../../lib/ksdk_platform_lib/armgcc/KL03Z4/release/libksdk_platform.a(fsl_spi_shared_function.c.obj)
                0x0000000020000234                g_spiStatePtr
 .bss.__malloc_sbrk_start
                0x0000000020000238        0x4 /usr/lib/gcc/arm-none-eabi/4.9.3/../../../arm-none-eabi/lib/armv6-m/libc_nano.a(lib_a-nano-mallocr.o)
                0x0000000020000238                __malloc_sbrk_start
 .bss.__malloc_free_list
                0x000000002000023c        0x4 /usr/lib/gcc/arm-none-eabi/4.9.3/../../../arm-none-eabi/lib/armv6-m/libc_nano.a(lib_a-nano-mallocr.o)
                0x000000002000023c                __malloc_free_list
 .bss._global_atexit0
                0x0000000020000240       0x8c /usr/lib/gcc/arm-none-eabi/4.9.3/../../../arm-none-eabi/lib/armv6-m/libc_nano.a(lib_a-__atexit.o)
 .bss._global_atexit
                0x00000000200002cc        0x4 /usr/lib/gcc/arm-none-eabi/4.9.3/../../../arm-none-eabi/lib/armv6-m/libc_nano.a(lib_a-__call_atexit.o)
                0x00000000200002cc                _global_atexit
 *(COMMON)
 COMMON         0x00000000200002d0        0x4 /usr/lib/gcc/arm-none-eabi/4.9.3/../../../arm-none-eabi/lib/armv6-m/libc_nano.a(lib_a-reent.o)
                0x00000000200002d0                errno
                0x00000000200002d4                . = ALIGN (0x4)
                0x00000000200002d4                __bss_end__ = .
                0x00000000200002d4                __END_BSS = .

.heap           0x00000000200002d4        0x4 load address 0x000000000000aa8c
                0x00000000200002d8                . = ALIGN (0x8)
 *fill*         0x00000000200002d4        0x4 
                0x00000000200002d8                __end__ = .
                0x00000000200002d8                PROVIDE (end, .)
                0x00000000200002d8                __HeapBase = .
                0x00000000200002d8                . = (. + HEAP_SIZE)
                0x00000000200002d8                __HeapLimit = .

.stack          0x00000000200002d8      0x300 load address 0x000000000000aa90
                0x00000000200002d8                . = ALIGN (0x8)
                0x00000000200005d8                . = (. + STACK_SIZE)
 *fill*         0x00000000200002d8      0x300 
                0x0000000020000600                __StackTop = (ORIGIN (m_data) + LENGTH (m_data))
                0x0000000020000300                __StackLimit = (__StackTop - STACK_SIZE)
                0x0000000020000600                PROVIDE (__stack, __StackTop)

.ARM.attributes
                0x0000000000000000       0x28
 *(.ARM.attributes)
 .ARM.attributes
                0x0000000000000000       0x1e /usr/lib/gcc/arm-none-eabi/4.9.3/armv6-m/crti.o
 .ARM.attributes
                0x000000000000001e       0x2c /usr/lib/gcc/arm-none-eabi/4.9.3/armv6-m/crtbegin.o
 .ARM.attributes
                0x000000000000004a       0x1b /usr/lib/gcc/arm-none-eabi/4.9.3/../../../arm-none-eabi/lib/armv6-m/crt0.o
 .ARM.attributes
                0x0000000000000065       0x32 CMakeFiles/Warp.dir/home/djb243/CW4/Warp-firmware/build/ksdk1.1/work/platform/utilities/src/fsl_misc_utilities.c.obj
 .ARM.attributes
                0x0000000000000097       0x1b CMakeFiles/Warp.dir/home/djb243/CW4/Warp-firmware/build/ksdk1.1/work/platform/startup/MKL03Z4/gcc/startup_MKL03Z4.S.obj
 .ARM.attributes
                0x00000000000000b2       0x32 CMakeFiles/Warp.dir/home/djb243/CW4/Warp-firmware/build/ksdk1.1/work/demos/Warp/src/warp-kl03-ksdk1.1-boot.c.obj
 .ARM.attributes
                0x00000000000000e4       0x32 CMakeFiles/Warp.dir/home/djb243/CW4/Warp-firmware/build/ksdk1.1/work/demos/Warp/src/warp-kl03-ksdk1.1-powermodes.c.obj
 .ARM.attributes
                0x0000000000000116       0x32 CMakeFiles/Warp.dir/home/djb243/CW4/Warp-firmware/build/ksdk1.1/work/demos/Warp/src/devMMA8451Q.c.obj
 .ARM.attributes
                0x0000000000000148       0x32 CMakeFiles/Warp.dir/home/djb243/CW4/Warp-firmware/build/ksdk1.1/work/demos/Warp/src/devSSD1331.c.obj
 .ARM.attributes
                0x000000000000017a       0x32 CMakeFiles/Warp.dir/home/djb243/CW4/Warp-firmware/build/ksdk1.1/work/demos/Warp/src/devINA219.c.obj
 .ARM.attributes
                0x00000000000001ac       0x32 CMakeFiles/Warp.dir/home/djb243/CW4/Warp-firmware/build/ksdk1.1/work/demos/Warp/src/ergsystem.c.obj
 .ARM.attributes
                0x00000000000001de       0x32 CMakeFiles/Warp.dir/home/djb243/CW4/Warp-firmware/build/ksdk1.1/work/demos/Warp/src/SEGGER_RTT.c.obj
 .ARM.attributes
                0x0000000000000210       0x32 CMakeFiles/Warp.dir/home/djb243/CW4/Warp-firmware/build/ksdk1.1/work/demos/Warp/src/SEGGER_RTT_printf.c.obj
 .ARM.attributes
                0x0000000000000242       0x32 CMakeFiles/Warp.dir/home/djb243/CW4/Warp-firmware/build/ksdk1.1/work/platform/drivers/src/i2c/fsl_i2c_irq.c.obj
 .ARM.attributes
                0x0000000000000274       0x32 CMakeFiles/Warp.dir/home/djb243/CW4/Warp-firmware/build/ksdk1.1/work/platform/drivers/src/spi/fsl_spi_irq.c.obj
 .ARM.attributes
                0x00000000000002a6       0x32 CMakeFiles/Warp.dir/home/djb243/CW4/Warp-firmware/build/ksdk1.1/work/platform/startup/MKL03Z4/system_MKL03Z4.c.obj
 .ARM.attributes
                0x00000000000002d8       0x32 CMakeFiles/Warp.dir/home/djb243/CW4/Warp-firmware/build/ksdk1.1/work/platform/startup/startup.c.obj
 .ARM.attributes
                0x000000000000030a       0x32 CMakeFiles/Warp.dir/home/djb243/CW4/Warp-firmware/build/ksdk1.1/work/boards/Warp/gpio_pins.c.obj
 .ARM.attributes
                0x000000000000033c       0x32 ../../../../lib/ksdk_platform_lib/armgcc/KL03Z4/release/libksdk_platform.a(fsl_os_abstraction_bm.c.obj)
 .ARM.attributes
                0x000000000000036e       0x32 ../../../../lib/ksdk_platform_lib/armgcc/KL03Z4/release/libksdk_platform.a(fsl_clock_manager.c.obj)
 .ARM.attributes
                0x00000000000003a0       0x32 ../../../../lib/ksdk_platform_lib/armgcc/KL03Z4/release/libksdk_platform.a(fsl_clock_MKL03Z4.c.obj)
 .ARM.attributes
                0x00000000000003d2       0x32 ../../../../lib/ksdk_platform_lib/armgcc/KL03Z4/release/libksdk_platform.a(fsl_interrupt_manager.c.obj)
 .ARM.attributes
                0x0000000000000404       0x32 ../../../../lib/ksdk_platform_lib/armgcc/KL03Z4/release/libksdk_platform.a(fsl_power_manager.c.obj)
 .ARM.attributes
                0x0000000000000436       0x32 ../../../../lib/ksdk_platform_lib/armgcc/KL03Z4/release/libksdk_platform.a(fsl_gpio_driver.c.obj)
 .ARM.attributes
                0x0000000000000468       0x32 ../../../../lib/ksdk_platform_lib/armgcc/KL03Z4/release/libksdk_platform.a(fsl_i2c_shared_function.c.obj)
 .ARM.attributes
                0x000000000000049a       0x32 ../../../../lib/ksdk_platform_lib/armgcc/KL03Z4/release/libksdk_platform.a(fsl_i2c_common.c.obj)
 .ARM.attributes
                0x00000000000004cc       0x32 ../../../../lib/ksdk_platform_lib/armgcc/KL03Z4/release/libksdk_platform.a(fsl_i2c_master_driver.c.obj)
 .ARM.attributes
                0x00000000000004fe       0x32 ../../../../lib/ksdk_platform_lib/armgcc/KL03Z4/release/libksdk_platform.a(fsl_i2c_slave_driver.c.obj)
 .ARM.attributes
                0x0000000000000530       0x32 ../../../../lib/ksdk_platform_lib/armgcc/KL03Z4/release/libksdk_platform.a(fsl_mcglite_hal.c.obj)
 .ARM.attributes
                0x0000000000000562       0x32 ../../../../lib/ksdk_platform_lib/armgcc/KL03Z4/release/libksdk_platform.a(fsl_mcglite_hal_modes.c.obj)
 .ARM.attributes
                0x0000000000000594       0x32 ../../../../lib/ksdk_platform_lib/armgcc/KL03Z4/release/libksdk_platform.a(fsl_osc_hal.c.obj)
 .ARM.attributes
                0x00000000000005c6       0x32 ../../../../lib/ksdk_platform_lib/armgcc/KL03Z4/release/libksdk_platform.a(fsl_rtc_hal.c.obj)
 .ARM.attributes
                0x00000000000005f8       0x32 ../../../../lib/ksdk_platform_lib/armgcc/KL03Z4/release/libksdk_platform.a(fsl_rtc_driver.c.obj)
 .ARM.attributes
                0x000000000000062a       0x32 ../../../../lib/ksdk_platform_lib/armgcc/KL03Z4/release/libksdk_platform.a(fsl_rtc_common.c.obj)
 .ARM.attributes
                0x000000000000065c       0x32 ../../../../lib/ksdk_platform_lib/armgcc/KL03Z4/release/libksdk_platform.a(fsl_sim_hal_MKL03Z4.c.obj)
 .ARM.attributes
                0x000000000000068e       0x32 ../../../../lib/ksdk_platform_lib/armgcc/KL03Z4/release/libksdk_platform.a(fsl_spi_shared_function.c.obj)
 .ARM.attributes
                0x00000000000006c0       0x32 ../../../../lib/ksdk_platform_lib/armgcc/KL03Z4/release/libksdk_platform.a(fsl_spi_master_driver.c.obj)
 .ARM.attributes
                0x00000000000006f2       0x32 ../../../../lib/ksdk_platform_lib/armgcc/KL03Z4/release/libksdk_platform.a(fsl_spi_slave_driver.c.obj)
 .ARM.attributes
                0x0000000000000724       0x32 ../../../../lib/ksdk_platform_lib/armgcc/KL03Z4/release/libksdk_platform.a(fsl_spi_common.c.obj)
 .ARM.attributes
                0x0000000000000756       0x32 ../../../../lib/ksdk_platform_lib/armgcc/KL03Z4/release/libksdk_platform.a(fsl_smc_hal.c.obj)
 .ARM.attributes
                0x0000000000000788       0x32 ../../../../lib/ksdk_platform_lib/armgcc/KL03Z4/release/libksdk_platform.a(fsl_clock_manager_common.c.obj)
 .ARM.attributes
                0x00000000000007ba       0x32 ../../../../lib/ksdk_platform_lib/armgcc/KL03Z4/release/libksdk_platform.a(fsl_gpio_hal.c.obj)
 .ARM.attributes
                0x00000000000007ec       0x32 ../../../../lib/ksdk_platform_lib/armgcc/KL03Z4/release/libksdk_platform.a(fsl_gpio_common.c.obj)
 .ARM.attributes
                0x000000000000081e       0x32 ../../../../lib/ksdk_platform_lib/armgcc/KL03Z4/release/libksdk_platform.a(fsl_i2c_hal.c.obj)
 .ARM.attributes
                0x0000000000000850       0x32 ../../../../lib/ksdk_platform_lib/armgcc/KL03Z4/release/libksdk_platform.a(fsl_spi_hal.c.obj)
 .ARM.attributes