Archive member included to satisfy reference by file (symbol)

../../../../lib/ksdk_platform_lib/armgcc/KL03Z4/release/libksdk_platform.a(fsl_os_abstraction_bm.c.obj)
                              CMakeFiles/Warp.dir/home/djb243/CW4/Warp-firmware/build/ksdk1.1/work/demos/Warp/src/warp-kl03-ksdk1.1-boot.c.obj (OSA_TimeDelay)
../../../../lib/ksdk_platform_lib/armgcc/KL03Z4/release/libksdk_platform.a(fsl_clock_manager.c.obj)
                              CMakeFiles/Warp.dir/home/djb243/CW4/Warp-firmware/build/ksdk1.1/work/demos/Warp/src/warp-kl03-ksdk1.1-boot.c.obj (CLOCK_SYS_Init)
../../../../lib/ksdk_platform_lib/armgcc/KL03Z4/release/libksdk_platform.a(fsl_clock_MKL03Z4.c.obj)
                              ../../../../lib/ksdk_platform_lib/armgcc/KL03Z4/release/libksdk_platform.a(fsl_clock_manager.c.obj) (CLOCK_SYS_SetConfiguration)
../../../../lib/ksdk_platform_lib/armgcc/KL03Z4/release/libksdk_platform.a(fsl_interrupt_manager.c.obj)
                              ../../../../lib/ksdk_platform_lib/armgcc/KL03Z4/release/libksdk_platform.a(fsl_os_abstraction_bm.c.obj) (INT_SYS_InstallHandler)
../../../../lib/ksdk_platform_lib/armgcc/KL03Z4/release/libksdk_platform.a(fsl_power_manager.c.obj)
                              CMakeFiles/Warp.dir/home/djb243/CW4/Warp-firmware/build/ksdk1.1/work/demos/Warp/src/warp-kl03-ksdk1.1-boot.c.obj (POWER_SYS_Init)
../../../../lib/ksdk_platform_lib/armgcc/KL03Z4/release/libksdk_platform.a(fsl_gpio_driver.c.obj)
                              ../../../../lib/ksdk_platform_lib/armgcc/KL03Z4/release/libksdk_platform.a(fsl_power_manager.c.obj) (GPIO_DRV_InputPinInit)
../../../../lib/ksdk_platform_lib/armgcc/KL03Z4/release/libksdk_platform.a(fsl_i2c_shared_function.c.obj)
                              CMakeFiles/Warp.dir/home/djb243/CW4/Warp-firmware/build/ksdk1.1/work/platform/drivers/src/i2c/fsl_i2c_irq.c.obj (I2C_DRV_IRQHandler)
../../../../lib/ksdk_platform_lib/armgcc/KL03Z4/release/libksdk_platform.a(fsl_i2c_common.c.obj)
                              ../../../../lib/ksdk_platform_lib/armgcc/KL03Z4/release/libksdk_platform.a(fsl_i2c_shared_function.c.obj) (g_i2cBaseAddr)
../../../../lib/ksdk_platform_lib/armgcc/KL03Z4/release/libksdk_platform.a(fsl_i2c_master_driver.c.obj)
                              CMakeFiles/Warp.dir/home/djb243/CW4/Warp-firmware/build/ksdk1.1/work/demos/Warp/src/warp-kl03-ksdk1.1-boot.c.obj (I2C_DRV_MasterInit)
../../../../lib/ksdk_platform_lib/armgcc/KL03Z4/release/libksdk_platform.a(fsl_i2c_slave_driver.c.obj)
                              ../../../../lib/ksdk_platform_lib/armgcc/KL03Z4/release/libksdk_platform.a(fsl_i2c_shared_function.c.obj) (I2C_DRV_SlaveIRQHandler)
../../../../lib/ksdk_platform_lib/armgcc/KL03Z4/release/libksdk_platform.a(fsl_llwu_hal.c.obj)
                              ../../../../lib/ksdk_platform_lib/armgcc/KL03Z4/release/libksdk_platform.a(fsl_power_manager.c.obj) (LLWU_HAL_SetExternalInputPinMode)
../../../../lib/ksdk_platform_lib/armgcc/KL03Z4/release/libksdk_platform.a(fsl_lpuart_driver.c.obj)
                              CMakeFiles/Warp.dir/home/djb243/CW4/Warp-firmware/build/ksdk1.1/work/demos/Warp/src/warp-kl03-ksdk1.1-boot.c.obj (LPUART_DRV_Init)
../../../../lib/ksdk_platform_lib/armgcc/KL03Z4/release/libksdk_platform.a(fsl_lpuart_common.c.obj)
                              ../../../../lib/ksdk_platform_lib/armgcc/KL03Z4/release/libksdk_platform.a(fsl_lpuart_driver.c.obj) (g_lpuartRxTxIrqId)
../../../../lib/ksdk_platform_lib/armgcc/KL03Z4/release/libksdk_platform.a(fsl_mcglite_hal.c.obj)
                              ../../../../lib/ksdk_platform_lib/armgcc/KL03Z4/release/libksdk_platform.a(fsl_clock_MKL03Z4.c.obj) (CLOCK_HAL_GetInternalRefClk)
../../../../lib/ksdk_platform_lib/armgcc/KL03Z4/release/libksdk_platform.a(fsl_mcglite_hal_modes.c.obj)
                              ../../../../lib/ksdk_platform_lib/armgcc/KL03Z4/release/libksdk_platform.a(fsl_power_manager.c.obj) (CLOCK_HAL_GetMode)
../../../../lib/ksdk_platform_lib/armgcc/KL03Z4/release/libksdk_platform.a(fsl_osc_hal.c.obj)
                              ../../../../lib/ksdk_platform_lib/armgcc/KL03Z4/release/libksdk_platform.a(fsl_clock_MKL03Z4.c.obj) (OSC_HAL_SetExternalRefClkCmd)
../../../../lib/ksdk_platform_lib/armgcc/KL03Z4/release/libksdk_platform.a(fsl_rtc_hal.c.obj)
                              CMakeFiles/Warp.dir/home/djb243/CW4/Warp-firmware/build/ksdk1.1/work/demos/Warp/src/warp-kl03-ksdk1.1-powermodes.c.obj (RTC_HAL_ConvertSecsToDatetime)
../../../../lib/ksdk_platform_lib/armgcc/KL03Z4/release/libksdk_platform.a(fsl_rtc_driver.c.obj)
                              CMakeFiles/Warp.dir/home/djb243/CW4/Warp-firmware/build/ksdk1.1/work/demos/Warp/src/warp-kl03-ksdk1.1-boot.c.obj (RTC_DRV_Init)
../../../../lib/ksdk_platform_lib/armgcc/KL03Z4/release/libksdk_platform.a(fsl_rtc_common.c.obj)
                              ../../../../lib/ksdk_platform_lib/armgcc/KL03Z4/release/libksdk_platform.a(fsl_rtc_driver.c.obj) (g_rtcSecondsIrqId)
[...]
Memory Configuration

Name             Origin             Length             Attributes
m_interrupts     0x0000000000000000 0x0000000000000100 xr
m_flash_config   0x0000000000000400 0x0000000000000010 xr
m_text           0x0000000000000410 0x0000000000007bf0 xr
m_data           0x000000001ffffe00 0x0000000000000800 rw
*default*        0x0000000000000000 0xffffffffffffffff

Linker script and memory map

LOAD /usr/lib/gcc/arm-none-eabi/4.9.3/armv6-m/crti.o
LOAD /usr/lib/gcc/arm-none-eabi/4.9.3/armv6-m/crtbegin.o
LOAD /usr/lib/gcc/arm-none-eabi/4.9.3/../../../arm-none-eabi/lib/armv6-m/crt0.o
LOAD /usr/lib/gcc/arm-none-eabi/4.9.3/../../../arm-none-eabi/lib/armv6-m/libm.a
                0x0000000000000300                __stack_size__ = 0x300
                0x0000000000000000                __heap_size__ = 0x0
LOAD CMakeFiles/Warp.dir/home/djb243/CW4/Warp-firmware/build/ksdk1.1/work/platform/utilities/src/fsl_misc_utilities.c.obj
LOAD CMakeFiles/Warp.dir/home/djb243/CW4/Warp-firmware/build/ksdk1.1/work/platform/startup/MKL03Z4/gcc/startup_MKL03Z4.S.obj
LOAD CMakeFiles/Warp.dir/home/djb243/CW4/Warp-firmware/build/ksdk1.1/work/demos/Warp/src/warp-kl03-ksdk1.1-boot.c.obj
LOAD CMakeFiles/Warp.dir/home/djb243/CW4/Warp-firmware/build/ksdk1.1/work/demos/Warp/src/warp-kl03-ksdk1.1-powermodes.c.obj
LOAD CMakeFiles/Warp.dir/home/djb243/CW4/Warp-firmware/build/ksdk1.1/work/demos/Warp/src/devMMA8451Q.c.obj
LOAD CMakeFiles/Warp.dir/home/djb243/CW4/Warp-firmware/build/ksdk1.1/work/demos/Warp/src/devSSD1331.c.obj
LOAD CMakeFiles/Warp.dir/home/djb243/CW4/Warp-firmware/build/ksdk1.1/work/demos/Warp/src/devINA219.c.obj
LOAD CMakeFiles/Warp.dir/home/djb243/CW4/Warp-firmware/build/ksdk1.1/work/demos/Warp/src/ergsystem.c.obj
LOAD CMakeFiles/Warp.dir/home/djb243/CW4/Warp-firmware/build/ksdk1.1/work/demos/Warp/src/SEGGER_RTT.c.obj
LOAD CMakeFiles/Warp.dir/home/djb243/CW4/Warp-firmware/build/ksdk1.1/work/demos/Warp/src/SEGGER_RTT_printf.c.obj
LOAD CMakeFiles/Warp.dir/home/djb243/CW4/Warp-firmware/build/ksdk1.1/work/platform/drivers/src/i2c/fsl_i2c_irq.c.obj
LOAD CMakeFiles/Warp.dir/home/djb243/CW4/Warp-firmware/build/ksdk1.1/work/platform/drivers/src/spi/fsl_spi_irq.c.obj
LOAD CMakeFiles/Warp.dir/home/djb243/CW4/Warp-firmware/build/ksdk1.1/work/platform/startup/MKL03Z4/system_MKL03Z4.c.obj
LOAD CMakeFiles/Warp.dir/home/djb243/CW4/Warp-firmware/build/ksdk1.1/work/platform/startup/startup.c.obj
LOAD CMakeFiles/Warp.dir/home/djb243/CW4/Warp-firmware/build/ksdk1.1/work/boards/Warp/gpio_pins.c.obj
START GROUP
LOAD ../../../../lib/ksdk_platform_lib/armgcc/KL03Z4/release/libksdk_platform.a
LOAD /usr/lib/gcc/arm-none-eabi/4.9.3/../../../arm-none-eabi/lib/armv6-m/libm.a
LOAD /usr/lib/gcc/arm-none-eabi/4.9.3/../../../arm-none-eabi/lib/armv6-m/libc_nano.a
LOAD /usr/lib/gcc/arm-none-eabi/4.9.3/armv6-m/libgcc.a
LOAD /usr/lib/gcc/arm-none-eabi/4.9.3/../../../arm-none-eabi/lib/armv6-m/libnosys.a
END GROUP
START GROUP
LOAD /usr/lib/gcc/arm-none-eabi/4.9.3/armv6-m/libgcc.a
LOAD /usr/lib/gcc/arm-none-eabi/4.9.3/../../../arm-none-eabi/lib/armv6-m/libc_nano.a
END GROUP
START GROUP
LOAD /usr/lib/gcc/arm-none-eabi/4.9.3/armv6-m/libgcc.a
LOAD /usr/lib/gcc/arm-none-eabi/4.9.3/../../../arm-none-eabi/lib/armv6-m/libc_nano.a
END GROUP
LOAD /usr/lib/gcc/arm-none-eabi/4.9.3/armv6-m/crtend.o
LOAD /usr/lib/gcc/arm-none-eabi/4.9.3/armv6-m/crtn.o
                0x0000000000000200                HEAP_SIZE = DEFINED (__heap_size__)?__heap_size__:0x200
                0x0000000000000050                STACK_SIZE = DEFINED (__stack_size__)?__stack_size__:0x50
                0x0000000000000000                M_VECTOR_RAM_SIZE = DEFINED (__ram_vector_table__)?0x100:0x0

.interrupts     0x0000000000000000       0xc0
                0x0000000000000000                __VECTOR_TABLE = .
                0x0000000000000000                . = ALIGN (0x4)
 *(.isr_vector)
 .isr_vector    0x0000000000000000       0xc0 CMakeFiles/Warp.dir/home/djb243/CW4/Warp-firmware/build/ksdk1.1/work/platform/startup/MKL03Z4/gcc/startup_MKL03Z4.S.obj
                0x0000000000000000                __isr_vector
                0x00000000000000c0                . = ALIGN (0x4)

.flash_config   0x0000000000000400       0x10
                0x0000000000000400                . = ALIGN (0x4)
 *(.FlashConfig)
 .FlashConfig   0x0000000000000400       0x10 CMakeFiles/Warp.dir/home/djb243/CW4/Warp-firmware/build/ksdk1.1/work/platform/startup/MKL03Z4/gcc/startup_MKL03Z4.S.obj
                0x0000000000000410                . = ALIGN (0x4)

.text           0x0000000000000410     0x78dc
                0x0000000000000410                . = ALIGN (0x4)
 *(.text)
 .text          0x0000000000000410       0xb4 /usr/lib/gcc/arm-none-eabi/4.9.3/armv6-m/crtbegin.o
 .text          0x00000000000004c4       0x6c /usr/lib/gcc/arm-none-eabi/4.9.3/../../../arm-none-eabi/lib/armv6-m/crt0.o
                0x00000000000004c4                _mainCRTStartup
                0x00000000000004c4                _start
 .text          0x0000000000000530       0x30 CMakeFiles/Warp.dir/home/djb243/CW4/Warp-firmware/build/ksdk1.1/work/platform/startup/MKL03Z4/gcc/startup_MKL03Z4.S.obj
                0x0000000000000530                Reset_Handler
                0x0000000000000558                Reserved18_IRQHandler
                0x0000000000000558                Reserved16_IRQHandler
                0x0000000000000558                HardFault_Handler
                0x0000000000000558                SysTick_Handler
                0x0000000000000558                PendSV_Handler
                0x0000000000000558                NMI_Handler
                0x0000000000000558                Reserved19_IRQHandler
                0x0000000000000558                Reserved29_IRQHandler
                0x0000000000000558                TPM0_IRQHandler
                0x0000000000000558                LLWU_IRQHandler
                0x0000000000000558                Reserved42_IRQHandler
                0x0000000000000558                ADC0_IRQHandler
                0x0000000000000558                Reserved39_IRQHandler
                0x0000000000000558                DefaultISR
                0x0000000000000558                Reserved25_IRQHandler
                0x0000000000000558                PORTB_IRQHandler
                0x0000000000000558                Reserved43_IRQHandler
                0x0000000000000558                Reserved27_IRQHandler
                0x0000000000000558                Reserved35_IRQHandler
                0x0000000000000558                Reserved20_IRQHandler
                0x0000000000000558                Reserved17_IRQHandler
                0x0000000000000558                Reserved41_IRQHandler
                0x0000000000000558                SVC_Handler
                0x0000000000000558                LPUART0_IRQHandler
                0x0000000000000558                Reserved45_IRQHandler
                0x0000000000000558                Reserved30_IRQHandler
                0x0000000000000558                PMC_IRQHandler
                0x0000000000000558                TPM1_IRQHandler
                0x0000000000000558                PORTA_IRQHandler
                0x0000000000000558                FTFA_IRQHandler
                0x0000000000000558                Reserved40_IRQHandler
                0x0000000000000558                Reserved38_IRQHandler
                0x0000000000000558                LPTMR0_IRQHandler
                0x0000000000000558                CMP0_IRQHandler
 .text          0x0000000000000560       0x14 /usr/lib/gcc/arm-none-eabi/4.9.3/armv6-m/libgcc.a(_thumb1_case_sqi.o)
                0x0000000000000560                __gnu_thumb1_case_sqi
 .text          0x0000000000000574       0x14 /usr/lib/gcc/arm-none-eabi/4.9.3/armv6-m/libgcc.a(_thumb1_case_uqi.o)
                0x0000000000000574                __gnu_thumb1_case_uqi
 .text          0x0000000000000588      0x120 /usr/lib/gcc/arm-none-eabi/4.9.3/armv6-m/libgcc.a(_udivsi3.o)
                0x0000000000000588                __udivsi3
                0x0000000000000588                __aeabi_uidiv
                0x0000000000000694                __aeabi_uidivmod
 .text          0x00000000000006a8      0x1e0 /usr/lib/gcc/arm-none-eabi/4.9.3/armv6-m/libgcc.a(_divsi3.o)
                0x00000000000006a8                __aeabi_idiv
                0x00000000000006a8                __divsi3
                0x0000000000000874                __aeabi_idivmod
 .text          0x0000000000000888        0x4 /usr/lib/gcc/arm-none-eabi/4.9.3/armv6-m/libgcc.a(_dvmd_tls.o)
                0x0000000000000888                __aeabi_ldiv0
                0x0000000000000888                __aeabi_idiv0
 .text          0x000000000000088c      0x648 /usr/lib/gcc/arm-none-eabi/4.9.3/armv6-m/libgcc.a(divdf3.o)
                0x000000000000088c                __aeabi_ddiv
 .text          0x0000000000000ed4      0x534 /usr/lib/gcc/arm-none-eabi/4.9.3/armv6-m/libgcc.a(muldf3.o)
                0x0000000000000ed4                __aeabi_dmul
 .text          0x0000000000001408       0x6c /usr/lib/gcc/arm-none-eabi/4.9.3/armv6-m/libgcc.a(fixdfsi.o)
                0x0000000000001408                __aeabi_d2iz
 .text          0x0000000000001474       0x78 /usr/lib/gcc/arm-none-eabi/4.9.3/armv6-m/libgcc.a(floatsidf.o)
                0x0000000000001474                __aeabi_i2d
 .text          0x00000000000014ec       0x3c /usr/lib/gcc/arm-none-eabi/4.9.3/armv6-m/libgcc.a(_clzsi2.o)
                0x00000000000014ec                __clzsi2
 *(.text*)
 .text._sbrk    0x0000000000001528       0x38 CMakeFiles/Warp.dir/home/djb243/CW4/Warp-firmware/build/ksdk1.1/work/platform/utilities/src/fsl_misc_utilities.c.obj
                0x0000000000001528                _sbrk
 .text.clockManagerCallbackRoutine
                0x0000000000001560        0xc CMakeFiles/Warp.dir/home/djb243/CW4/Warp-firmware/build/ksdk1.1/work/demos/Warp/src/warp-kl03-ksdk1.1-boot.c.obj
                0x0000000000001560                clockManagerCallbackRoutine
 .text.callback0
                0x000000000000156c       0x14 CMakeFiles/Warp.dir/home/djb243/CW4/Warp-firmware/build/ksdk1.1/work/demos/Warp/src/warp-kl03-ksdk1.1-boot.c.obj
                0x000000000000156c                callback0
 .text.RTC_IRQHandler
                0x0000000000001580       0x16 CMakeFiles/Warp.dir/home/djb243/CW4/Warp-firmware/build/ksdk1.1/work/demos/Warp/src/warp-kl03-ksdk1.1-boot.c.obj
                0x0000000000001580                RTC_IRQHandler
 *fill*         0x0000000000001596        0x2 
 .text.RTC_Seconds_IRQHandler
                0x0000000000001598       0x10 CMakeFiles/Warp.dir/home/djb243/CW4/Warp-firmware/build/ksdk1.1/work/demos/Warp/src/warp-kl03-ksdk1.1-boot.c.obj
                0x0000000000001598                RTC_Seconds_IRQHandler
 .text.enableSPIpins
                0x00000000000015a8       0x5c CMakeFiles/Warp.dir/home/djb243/CW4/Warp-firmware/build/ksdk1.1/work/demos/Warp/src/warp-kl03-ksdk1.1-boot.c.obj
                0x00000000000015a8                enableSPIpins
 .text.enableI2Cpins
                0x0000000000001604       0x2c CMakeFiles/Warp.dir/home/djb243/CW4/Warp-firmware/build/ksdk1.1/work/demos/Warp/src/warp-kl03-ksdk1.1-boot.c.obj
                0x0000000000001604                enableI2Cpins
 .text.disableI2Cpins
                0x0000000000001630       0x34 CMakeFiles/Warp.dir/home/djb243/CW4/Warp-firmware/build/ksdk1.1/work/demos/Warp/src/warp-kl03-ksdk1.1-boot.c.obj
                0x0000000000001630                disableI2Cpins
 .text.lowPowerPinStates
                0x0000000000001664      0x12c CMakeFiles/Warp.dir/home/djb243/CW4/Warp-firmware/build/ksdk1.1/work/demos/Warp/src/warp-kl03-ksdk1.1-boot.c.obj
                0x0000000000001664                lowPowerPinStates
 .text.disableTPS82740A
                0x0000000000001790        0xa CMakeFiles/Warp.dir/home/djb243/CW4/Warp-firmware/build/ksdk1.1/work/demos/Warp/src/warp-kl03-ksdk1.1-boot.c.obj
                0x0000000000001790                disableTPS82740A
 .text.disableTPS82740B
                0x000000000000179a        0xa CMakeFiles/Warp.dir/home/djb243/CW4/Warp-firmware/build/ksdk1.1/work/demos/Warp/src/warp-kl03-ksdk1.1-boot.c.obj
                0x000000000000179a                disableTPS82740B
 .text.setTPS82740CommonControlLines
                0x00000000000017a4      0x118 CMakeFiles/Warp.dir/home/djb243/CW4/Warp-firmware/build/ksdk1.1/work/demos/Warp/src/warp-kl03-ksdk1.1-boot.c.obj
                0x00000000000017a4                setTPS82740CommonControlLines
 .text.enableTPS82740A
                0x00000000000018bc       0x1c CMakeFiles/Warp.dir/home/djb243/CW4/Warp-firmware/build/ksdk1.1/work/demos/Warp/src/warp-kl03-ksdk1.1-boot.c.obj
                0x00000000000018bc                enableTPS82740A
 .text.enableTPS82740B
                0x00000000000018d8       0x1c CMakeFiles/Warp.dir/home/djb243/CW4/Warp-firmware/build/ksdk1.1/work/demos/Warp/src/warp-kl03-ksdk1.1-boot.c.obj
                0x00000000000018d8                enableTPS82740B
 .text.enableSssupply
                0x00000000000018f4       0x40 CMakeFiles/Warp.dir/home/djb243/CW4/Warp-firmware/build/ksdk1.1/work/demos/Warp/src/warp-kl03-ksdk1.1-boot.c.obj
                0x00000000000018f4                enableSssupply
 .text.disableSssupply
                0x0000000000001934       0x20 CMakeFiles/Warp.dir/home/djb243/CW4/Warp-firmware/build/ksdk1.1/work/demos/Warp/src/warp-kl03-ksdk1.1-boot.c.obj
                0x0000000000001934                disableSssupply
 .text.warpLowPowerSecondsSleep
                0x0000000000001954       0x1e CMakeFiles/Warp.dir/home/djb243/CW4/Warp-firmware/build/ksdk1.1/work/demos/Warp/src/warp-kl03-ksdk1.1-boot.c.obj
                0x0000000000001954                warpLowPowerSecondsSleep
 .text.sleepUntilReset
                0x0000000000001972       0x14 CMakeFiles/Warp.dir/home/djb243/CW4/Warp-firmware/build/ksdk1.1/work/demos/Warp/src/warp-kl03-ksdk1.1-boot.c.obj
                0x0000000000001972                sleepUntilReset
 *fill*         0x0000000000001986        0x2 
 .text.loopForSensor
                0x0000000000001988      0x1c8 CMakeFiles/Warp.dir/home/djb243/CW4/Warp-firmware/build/ksdk1.1/work/demos/Warp/src/warp-kl03-ksdk1.1-boot.c.obj
                0x0000000000001988                loopForSensor
 .text.repeatRegisterReadForDeviceAndAddress
                0x0000000000001b50      0x18c CMakeFiles/Warp.dir/home/djb243/CW4/Warp-firmware/build/ksdk1.1/work/demos/Warp/src/warp-kl03-ksdk1.1-boot.c.obj
                0x0000000000001b50                repeatRegisterReadForDeviceAndAddress
 .text.char2int
                0x0000000000001cdc       0x28 CMakeFiles/Warp.dir/home/djb243/CW4/Warp-firmware/build/ksdk1.1/work/demos/Warp/src/warp-kl03-ksdk1.1-boot.c.obj
                0x0000000000001cdc                char2int
 .text.readHexByte
                0x0000000000001d04       0x2a CMakeFiles/Warp.dir/home/djb243/CW4/Warp-firmware/build/ksdk1.1/work/demos/Warp/src/warp-kl03-ksdk1.1-boot.c.obj
                0x0000000000001d04                readHexByte
 .text.read4digits
                0x0000000000001d2e       0x42 CMakeFiles/Warp.dir/home/djb243/CW4/Warp-firmware/build/ksdk1.1/work/demos/Warp/src/warp-kl03-ksdk1.1-boot.c.obj
                0x0000000000001d2e                read4digits
 .text.activateAllLowPowerSensorModes
                0x0000000000001d70       0x34 CMakeFiles/Warp.dir/home/djb243/CW4/Warp-firmware/build/ksdk1.1/work/demos/Warp/src/warp-kl03-ksdk1.1-boot.c.obj
                0x0000000000001d70                activateAllLowPowerSensorModes
 .text.startup.main
                0x0000000000001da4      0xfd4 CMakeFiles/Warp.dir/home/djb243/CW4/Warp-firmware/build/ksdk1.1/work/demos/Warp/src/warp-kl03-ksdk1.1-boot.c.obj
                0x0000000000001da4                main
 .text.setSleepRtcAlarm
                0x0000000000002d78       0x2e CMakeFiles/Warp.dir/home/djb243/CW4/Warp-firmware/build/ksdk1.1/work/demos/Warp/src/warp-kl03-ksdk1.1-powermodes.c.obj
 *fill*         0x0000000000002da6        0x2 
 .text.gpioDisableWakeUp
                0x0000000000002da8       0x18 CMakeFiles/Warp.dir/home/djb243/CW4/Warp-firmware/build/ksdk1.1/work/demos/Warp/src/warp-kl03-ksdk1.1-powermodes.c.obj
                0x0000000000002da8                gpioDisableWakeUp
 .text.warpSetLowPowerMode
                0x0000000000002dc0       0xec CMakeFiles/Warp.dir/home/djb243/CW4/Warp-firmware/build/ksdk1.1/work/demos/Warp/src/warp-kl03-ksdk1.1-powermodes.c.obj
                0x0000000000002dc0                warpSetLowPowerMode
 .text.writeSensorRegisterMMA8451Q.part.0
                0x0000000000002eac       0x44 CMakeFiles/Warp.dir/home/djb243/CW4/Warp-firmware/build/ksdk1.1/work/demos/Warp/src/devMMA8451Q.c.obj
 .text.initMMA8451Q
                0x0000000000002ef0        0xa CMakeFiles/Warp.dir/home/djb243/CW4/Warp-firmware/build/ksdk1.1/work/demos/Warp/src/devMMA8451Q.c.obj
                0x0000000000002ef0                initMMA8451Q
 .text.writeSensorRegisterMMA8451Q
                0x0000000000002efa       0x46 CMakeFiles/Warp.dir/home/djb243/CW4/Warp-firmware/build/ksdk1.1/work/demos/Warp/src/devMMA8451Q.c.obj
                0x0000000000002efa                writeSensorRegisterMMA8451Q
 .text.readSensorRegisterMMA8451Q
                0x0000000000002f40       0x64 CMakeFiles/Warp.dir/home/djb243/CW4/Warp-firmware/build/ksdk1.1/work/demos/Warp/src/devMMA8451Q.c.obj
                0x0000000000002f40                readSensorRegisterMMA8451Q
 .text.writeCommand
                0x0000000000002fa4       0x4c CMakeFiles/Warp.dir/home/djb243/CW4/Warp-firmware/build/ksdk1.1/work/demos/Warp/src/devSSD1331.c.obj
 .text.default_colour
                0x0000000000002ff0       0x18 CMakeFiles/Warp.dir/home/djb243/CW4/Warp-firmware/build/ksdk1.1/work/demos/Warp/src/devSSD1331.c.obj
                0x0000000000002ff0                default_colour
 .text.recttest
                0x0000000000003008       0x2c CMakeFiles/Warp.dir/home/djb243/CW4/Warp-firmware/build/ksdk1.1/work/demos/Warp/src/devSSD1331.c.obj
                0x0000000000003008                recttest
 .text.drawone  0x0000000000003034       0x32 CMakeFiles/Warp.dir/home/djb243/CW4/Warp-firmware/build/ksdk1.1/work/demos/Warp/src/devSSD1331.c.obj
                0x0000000000003034                drawone
 .text.drawtwo  0x0000000000003066       0xc4 CMakeFiles/Warp.dir/home/djb243/CW4/Warp-firmware/build/ksdk1.1/work/demos/Warp/src/devSSD1331.c.obj
                0x0000000000003066                drawtwo
 .text.drawthree
                0x000000000000312a       0xa2 CMakeFiles/Warp.dir/home/djb243/CW4/Warp-firmware/build/ksdk1.1/work/demos/Warp/src/devSSD1331.c.obj
                0x000000000000312a                drawthree
 .text.drawfour
                0x00000000000031cc       0x84 CMakeFiles/Warp.dir/home/djb243/CW4/Warp-firmware/build/ksdk1.1/work/demos/Warp/src/devSSD1331.c.obj
                0x00000000000031cc                drawfour
 .text.drawfive
                0x0000000000003250       0xc4 CMakeFiles/Warp.dir/home/djb243/CW4/Warp-firmware/build/ksdk1.1/work/demos/Warp/src/devSSD1331.c.obj
                0x0000000000003250                drawfive
 .text.drawsix  0x0000000000003314       0xc4 CMakeFiles/Warp.dir/home/djb243/CW4/Warp-firmware/build/ksdk1.1/work/demos/Warp/src/devSSD1331.c.obj
                0x0000000000003314                drawsix
 .text.drawseven
                0x00000000000033d8       0x54 CMakeFiles/Warp.dir/home/djb243/CW4/Warp-firmware/build/ksdk1.1/work/demos/Warp/src/devSSD1331.c.obj
                0x00000000000033d8                drawseven
 .text.draweight
                0x000000000000342c       0xc4 CMakeFiles/Warp.dir/home/djb243/CW4/Warp-firmware/build/ksdk1.1/work/demos/Warp/src/devSSD1331.c.obj
                0x000000000000342c                draweight
 .text.drawnine
                0x00000000000034f0       0xa0 CMakeFiles/Warp.dir/home/djb243/CW4/Warp-firmware/build/ksdk1.1/work/demos/Warp/src/devSSD1331.c.obj
                0x00000000000034f0                drawnine
 .text.drawzero
                0x0000000000003590       0xc0 CMakeFiles/Warp.dir/home/djb243/CW4/Warp-firmware/build/ksdk1.1/work/demos/Warp/src/devSSD1331.c.obj
                0x0000000000003590                drawzero
 .text.clearscreen
                0x0000000000003650       0x24 CMakeFiles/Warp.dir/home/djb243/CW4/Warp-firmware/build/ksdk1.1/work/demos/Warp/src/devSSD1331.c.obj
                0x0000000000003650                clearscreen
 .text.clearscreenupper
                0x0000000000003674       0x24 CMakeFiles/Warp.dir/home/djb243/CW4/Warp-firmware/build/ksdk1.1/work/demos/Warp/src/devSSD1331.c.obj
                0x0000000000003674                clearscreenupper
 .text.clearscreenlower
                0x0000000000003698       0x24 CMakeFiles/Warp.dir/home/djb243/CW4/Warp-firmware/build/ksdk1.1/work/demos/Warp/src/devSSD1331.c.obj
                0x0000000000003698                clearscreenlower
 .text.writetoscreenupper
                0x00000000000036bc       0x96 CMakeFiles/Warp.dir/home/djb243/CW4/Warp-firmware/build/ksdk1.1/work/demos/Warp/src/devSSD1331.c.obj
                0x00000000000036bc                writetoscreenupper
 .text.writetoscreenlower
                0x0000000000003752       0x96 CMakeFiles/Warp.dir/home/djb243/CW4/Warp-firmware/build/ksdk1.1/work/demos/Warp/src/devSSD1331.c.obj
                0x0000000000003752                writetoscreenlower
 .text.writetoscreenboth
                0x00000000000037e8       0xb8 CMakeFiles/Warp.dir/home/djb243/CW4/Warp-firmware/build/ksdk1.1/work/demos/Warp/src/devSSD1331.c.obj
                0x00000000000037e8                writetoscreenboth
 .text.writetoscreen
                0x00000000000038a0       0x54 CMakeFiles/Warp.dir/home/djb243/CW4/Warp-firmware/build/ksdk1.1/work/demos/Warp/src/devSSD1331.c.obj
                0x00000000000038a0                writetoscreen
 .text.pullingforceprint
                0x00000000000038f4       0x48 CMakeFiles/Warp.dir/home/djb243/CW4/Warp-firmware/build/ksdk1.1/work/demos/Warp/src/devSSD1331.c.obj
                0x00000000000038f4                pullingforceprint
 .text.devSSD1331init
                0x000000000000393c      0x158 CMakeFiles/Warp.dir/home/djb243/CW4/Warp-firmware/build/ksdk1.1/work/demos/Warp/src/devSSD1331.c.obj
                0x000000000000393c                devSSD1331init
 .text.initINA219
                0x0000000000003a94        0xa CMakeFiles/Warp.dir/home/djb243/CW4/Warp-firmware/build/ksdk1.1/work/demos/Warp/src/devINA219.c.obj
                0x0000000000003a94                initINA219
 *fill*         0x0000000000003a9e        0x2 
 .text.writeSensorRegisterINA219
                0x0000000000003aa0       0x54 CMakeFiles/Warp.dir/home/djb243/CW4/Warp-firmware/build/ksdk1.1/work/demos/Warp/src/devINA219.c.obj
                0x0000000000003aa0                writeSensorRegisterINA219
 .text.readSensorRegisterINA219
                0x0000000000003af4       0x54 CMakeFiles/Warp.dir/home/djb243/CW4/Warp-firmware/build/ksdk1.1/work/demos/Warp/src/devINA219.c.obj
                0x0000000000003af4                readSensorRegisterINA219
 .text.intsplittoarraylower
                0x0000000000003b48       0x12 CMakeFiles/Warp.dir/home/djb243/CW4/Warp-firmware/build/ksdk1.1/work/demos/Warp/src/ergsystem.c.obj
                0x0000000000003b48                intsplittoarraylower
 .text.intsplittoarrayupper
                0x0000000000003b5a       0x24 CMakeFiles/Warp.dir/home/djb243/CW4/Warp-firmware/build/ksdk1.1/work/demos/Warp/src/ergsystem.c.obj
                0x0000000000003b5a                intsplittoarrayupper
 .text.reduce_accel_array_resize_offset
                0x0000000000003b7e       0x34 CMakeFiles/Warp.dir/home/djb243/CW4/Warp-firmware/build/ksdk1.1/work/demos/Warp/src/ergsystem.c.obj
                0x0000000000003b7e                reduce_accel_array_resize_offset
 .text._GetAvailWriteSpace
                0x0000000000003bb2       0x16 CMakeFiles/Warp.dir/home/djb243/CW4/Warp-firmware/build/ksdk1.1/work/demos/Warp/src/SEGGER_RTT.c.obj
 .text._WriteNoCheck
                0x0000000000003bc8       0x38 CMakeFiles/Warp.dir/home/djb243/CW4/Warp-firmware/build/ksdk1.1/work/demos/Warp/src/SEGGER_RTT.c.obj
 .text._WriteBlocking
                0x0000000000003c00       0x5c CMakeFiles/Warp.dir/home/djb243/CW4/Warp-firmware/build/ksdk1.1/work/demos/Warp/src/SEGGER_RTT.c.obj
 .text._DoInit  0x0000000000003c5c       0x5c CMakeFiles/Warp.dir/home/djb243/CW4/Warp-firmware/build/ksdk1.1/work/demos/Warp/src/SEGGER_RTT.c.obj
 .text.SEGGER_RTT_ReadNoLock
                0x0000000000003cb8       0xac CMakeFiles/Warp.dir/home/djb243/CW4/Warp-firmware/build/ksdk1.1/work/demos/Warp/src/SEGGER_RTT.c.obj
                0x0000000000003cb8                SEGGER_RTT_ReadNoLock
 .text.SEGGER_RTT_Read
                0x0000000000003d64       0x1a CMakeFiles/Warp.dir/home/djb243/CW4/Warp-firmware/build/ksdk1.1/work/demos/Warp/src/SEGGER_RTT.c.obj
                0x0000000000003d64                SEGGER_RTT_Read
 *fill*         0x0000000000003d7e        0x2 
 .text.SEGGER_RTT_WriteNoLock
                0x0000000000003d80       0x60 CMakeFiles/Warp.dir/home/djb243/CW4/Warp-firmware/build/ksdk1.1/work/demos/Warp/src/SEGGER_RTT.c.obj
                0x0000000000003d80                SEGGER_RTT_WriteNoLock
 .text.SEGGER_RTT_Write
                0x0000000000003de0       0x34 CMakeFiles/Warp.dir/home/djb243/CW4/Warp-firmware/build/ksdk1.1/work/demos/Warp/src/SEGGER_RTT.c.obj
                0x0000000000003de0                SEGGER_RTT_Write
 .text.SEGGER_RTT_WriteString
                0x0000000000003e14       0x18 CMakeFiles/Warp.dir/home/djb243/CW4/Warp-firmware/build/ksdk1.1/work/demos/Warp/src/SEGGER_RTT.c.obj
                0x0000000000003e14                SEGGER_RTT_WriteString
 .text.SEGGER_RTT_GetKey
                0x0000000000003e2c       0x1e CMakeFiles/Warp.dir/home/djb243/CW4/Warp-firmware/build/ksdk1.1/work/demos/Warp/src/SEGGER_RTT.c.obj
                0x0000000000003e2c                SEGGER_RTT_GetKey
 .text.SEGGER_RTT_WaitKey
                0x0000000000003e4a        0xc CMakeFiles/Warp.dir/home/djb243/CW4/Warp-firmware/build/ksdk1.1/work/demos/Warp/src/SEGGER_RTT.c.obj
                0x0000000000003e4a                SEGGER_RTT_WaitKey
 *fill*         0x0000000000003e56        0x2 
 .text.SEGGER_RTT_ConfigUpBuffer
                0x0000000000003e58       0x60 CMakeFiles/Warp.dir/home/djb243/CW4/Warp-firmware/build/ksdk1.1/work/demos/Warp/src/SEGGER_RTT.c.obj
                0x0000000000003e58                SEGGER_RTT_ConfigUpBuffer
 .text._StoreChar
                0x0000000000003eb8       0x3e CMakeFiles/Warp.dir/home/djb243/CW4/Warp-firmware/build/ksdk1.1/work/demos/Warp/src/SEGGER_RTT_printf.c.obj
 *fill*         0x0000000000003ef6        0x2 
 .text._PrintUnsigned
                0x0000000000003ef8       0xe0 CMakeFiles/Warp.dir/home/djb243/CW4/Warp-firmware/build/ksdk1.1/work/demos/Warp/src/SEGGER_RTT_printf.c.obj
 .text.SEGGER_RTT_vprintf
                0x0000000000003fd8      0x25c CMakeFiles/Warp.dir/home/djb243/CW4/Warp-firmware/build/ksdk1.1/work/demos/Warp/src/SEGGER_RTT_printf.c.obj
                0x0000000000003fd8                SEGGER_RTT_vprintf
 .text.SEGGER_RTT_printf
                0x0000000000004234       0x18 CMakeFiles/Warp.dir/home/djb243/CW4/Warp-firmware/build/ksdk1.1/work/demos/Warp/src/SEGGER_RTT_printf.c.obj
                0x0000000000004234                SEGGER_RTT_printf
 .text.I2C0_IRQHandler
                0x000000000000424c        0xa CMakeFiles/Warp.dir/home/djb243/CW4/Warp-firmware/build/ksdk1.1/work/platform/drivers/src/i2c/fsl_i2c_irq.c.obj
                0x000000000000424c                I2C0_IRQHandler
 .text.SPI0_IRQHandler
                0x0000000000004256        0xa CMakeFiles/Warp.dir/home/djb243/CW4/Warp-firmware/build/ksdk1.1/work/platform/drivers/src/spi/fsl_spi_irq.c.obj
                0x0000000000004256                SPI0_IRQHandler
 .text.SystemInit
                0x0000000000004260       0x84 CMakeFiles/Warp.dir/home/djb243/CW4/Warp-firmware/build/ksdk1.1/work/platform/startup/MKL03Z4/system_MKL03Z4.c.obj
                0x0000000000004260                SystemInit
 .text.init_data_bss
                0x00000000000042e4       0x7c CMakeFiles/Warp.dir/home/djb243/CW4/Warp-firmware/build/ksdk1.1/work/platform/startup/startup.c.obj
                0x00000000000042e4                init_data_bss
 .text.OSA_SemaCreate
                0x0000000000004360        0xe ../../../../lib/ksdk_platform_lib/armgcc/KL03Z4/release/libksdk_platform.a(fsl_os_abstraction_bm.c.obj)
                0x0000000000004360                OSA_SemaCreate
 .text.OSA_SemaPost
                0x000000000000436e       0x20 ../../../../lib/ksdk_platform_lib/armgcc/KL03Z4/release/libksdk_platform.a(fsl_os_abstraction_bm.c.obj)
                0x000000000000436e                OSA_SemaPost
 .text.OSA_SemaDestroy
                0x000000000000438e        0x4 ../../../../lib/ksdk_platform_lib/armgcc/KL03Z4/release/libksdk_platform.a(fsl_os_abstraction_bm.c.obj)
                0x000000000000438e                OSA_SemaDestroy
 .text.OSA_EventSet
                0x0000000000004392       0x18 ../../../../lib/ksdk_platform_lib/armgcc/KL03Z4/release/libksdk_platform.a(fsl_os_abstraction_bm.c.obj)
                0x0000000000004392                OSA_EventSet
 *fill*         0x00000000000043aa        0x2 
 .text.task_init
                0x00000000000043ac       0x38 ../../../../lib/ksdk_platform_lib/armgcc/KL03Z4/release/libksdk_platform.a(fsl_os_abstraction_bm.c.obj)
                0x00000000000043ac                task_init
 .text.OSA_TimeGetMsec
                0x00000000000043e4       0x10 ../../../../lib/ksdk_platform_lib/armgcc/KL03Z4/release/libksdk_platform.a(fsl_os_abstraction_bm.c.obj)
                0x00000000000043e4                OSA_TimeGetMsec
 .text.OSA_SemaWait
                0x00000000000043f4       0x78 ../../../../lib/ksdk_platform_lib/armgcc/KL03Z4/release/libksdk_platform.a(fsl_os_abstraction_bm.c.obj)
                0x00000000000043f4                OSA_SemaWait
 .text.OSA_TimeDelay
                0x000000000000446c       0x24 ../../../../lib/ksdk_platform_lib/armgcc/KL03Z4/release/libksdk_platform.a(fsl_os_abstraction_bm.c.obj)
                0x000000000000446c                OSA_TimeDelay
 .text.OSA_EnterCritical
                0x0000000000004490        0xc ../../../../lib/ksdk_platform_lib/armgcc/KL03Z4/release/libksdk_platform.a(fsl_os_abstraction_bm.c.obj)
                0x0000000000004490                OSA_EnterCritical
 .text.OSA_ExitCritical
                0x000000000000449c        0xc ../../../../lib/ksdk_platform_lib/armgcc/KL03Z4/release/libksdk_platform.a(fsl_os_abstraction_bm.c.obj)
                0x000000000000449c                OSA_ExitCritical
 .text.OSA_Init
                0x00000000000044a8       0x48 ../../../../lib/ksdk_platform_lib/armgcc/KL03Z4/release/libksdk_platform.a(fsl_os_abstraction_bm.c.obj)
                0x00000000000044a8                OSA_Init
 .text.CLOCK_SYS_Init
                0x00000000000044f0       0x18 ../../../../lib/ksdk_platform_lib/armgcc/KL03Z4/release/libksdk_platform.a(fsl_clock_manager.c.obj)
                0x00000000000044f0                CLOCK_SYS_Init
 .text.CLOCK_SYS_UpdateConfiguration
                0x0000000000004508      0x110 ../../../../lib/ksdk_platform_lib/armgcc/KL03Z4/release/libksdk_platform.a(fsl_clock_manager.c.obj)
                0x0000000000004508                CLOCK_SYS_UpdateConfiguration
 .text.CLOCK_SYS_GetCurrentConfiguration
                0x0000000000004618        0xc ../../../../lib/ksdk_platform_lib/armgcc/KL03Z4/release/libksdk_platform.a(fsl_clock_manager.c.obj)
                0x0000000000004618                CLOCK_SYS_GetCurrentConfiguration
 .text.CLOCK_SYS_SetMcgliteMode
                0x0000000000004624       0x80 ../../../../lib/ksdk_platform_lib/armgcc/KL03Z4/release/libksdk_platform.a(fsl_clock_manager.c.obj)
                0x0000000000004624                CLOCK_SYS_SetMcgliteMode
 .text.SIM_HAL_DisableClock.constprop.5
                0x00000000000046a4       0x20 ../../../../lib/ksdk_platform_lib/armgcc/KL03Z4/release/libksdk_platform.a(fsl_clock_MKL03Z4.c.obj)
 .text.SIM_HAL_EnableClock.constprop.6
                0x00000000000046c4       0x24 ../../../../lib/ksdk_platform_lib/armgcc/KL03Z4/release/libksdk_platform.a(fsl_clock_MKL03Z4.c.obj)
 .text.CLOCK_SYS_SetConfiguration
                0x00000000000046e8       0x58 ../../../../lib/ksdk_platform_lib/armgcc/KL03Z4/release/libksdk_platform.a(fsl_clock_MKL03Z4.c.obj)
                0x00000000000046e8                CLOCK_SYS_SetConfiguration
 .text.CLOCK_SYS_GetCoreClockFreq
                0x0000000000004740       0x20 ../../../../lib/ksdk_platform_lib/armgcc/KL03Z4/release/libksdk_platform.a(fsl_clock_MKL03Z4.c.obj)
                0x0000000000004740                CLOCK_SYS_GetCoreClockFreq
 .text.CLOCK_SYS_GetSystemClockFreq
                0x0000000000004760       0x20 ../../../../lib/ksdk_platform_lib/armgcc/KL03Z4/release/libksdk_platform.a(fsl_clock_MKL03Z4.c.obj)
                0x0000000000004760                CLOCK_SYS_GetSystemClockFreq
 .text.CLOCK_SYS_GetBusClockFreq
                0x0000000000004780       0x20 ../../../../lib/ksdk_platform_lib/armgcc/KL03Z4/release/libksdk_platform.a(fsl_clock_MKL03Z4.c.obj)
                0x0000000000004780                CLOCK_SYS_GetBusClockFreq
 .text.CLOCK_SYS_GetFlashClockFreq
                0x00000000000047a0       0x20 ../../../../lib/ksdk_platform_lib/armgcc/KL03Z4/release/libksdk_platform.a(fsl_clock_MKL03Z4.c.obj)
                0x00000000000047a0                CLOCK_SYS_GetFlashClockFreq
 .text.CLOCK_SYS_GetExternalRefClock32kFreq
                0x00000000000047c0       0x40 ../../../../lib/ksdk_platform_lib/armgcc/KL03Z4/release/libksdk_platform.a(fsl_clock_MKL03Z4.c.obj)
                0x00000000000047c0                CLOCK_SYS_GetExternalRefClock32kFreq
 .text.CLOCK_SYS_GetRtcFreq
                0x0000000000004800        0x8 ../../../../lib/ksdk_platform_lib/armgcc/KL03Z4/release/libksdk_platform.a(fsl_clock_MKL03Z4.c.obj)
                0x0000000000004800                CLOCK_SYS_GetRtcFreq
 .text.CLOCK_SYS_EnablePortClock
                0x0000000000004808       0x10 ../../../../lib/ksdk_platform_lib/armgcc/KL03Z4/release/libksdk_platform.a(fsl_clock_MKL03Z4.c.obj)
                0x0000000000004808                CLOCK_SYS_EnablePortClock
 .text.CLOCK_SYS_EnableSpiClock
                0x0000000000004818        0xa ../../../../lib/ksdk_platform_lib/armgcc/KL03Z4/release/libksdk_platform.a(fsl_clock_MKL03Z4.c.obj)
                0x0000000000004818                CLOCK_SYS_EnableSpiClock
 .text.CLOCK_SYS_EnableI2cClock
                0x0000000000004822        0xa ../../../../lib/ksdk_platform_lib/armgcc/KL03Z4/release/libksdk_platform.a(fsl_clock_MKL03Z4.c.obj)
                0x0000000000004822                CLOCK_SYS_EnableI2cClock
 .text.CLOCK_SYS_DisableI2cClock
                0x000000000000482c        0xa ../../../../lib/ksdk_platform_lib/armgcc/KL03Z4/release/libksdk_platform.a(fsl_clock_MKL03Z4.c.obj)
                0x000000000000482c                CLOCK_SYS_DisableI2cClock
 *fill*         0x0000000000004836        0x2 
 .text.INT_SYS_EnableIRQGlobal
                0x0000000000004838       0x18 ../../../../lib/ksdk_platform_lib/armgcc/KL03Z4/release/libksdk_platform.a(fsl_interrupt_manager.c.obj)
                0x0000000000004838                INT_SYS_EnableIRQGlobal
 .text.INT_SYS_DisableIRQGlobal
                0x0000000000004850       0x10 ../../../../lib/ksdk_platform_lib/armgcc/KL03Z4/release/libksdk_platform.a(fsl_interrupt_manager.c.obj)
                0x0000000000004850                INT_SYS_DisableIRQGlobal
 .text.POWER_SYS_WaitForRunStatus
                0x0000000000004860       0x3c ../../../../lib/ksdk_platform_lib/armgcc/KL03Z4/release/libksdk_platform.a(fsl_power_manager.c.obj)
 .text.POWER_SYS_WaitForVlprStatus
                0x000000000000489c       0x24 ../../../../lib/ksdk_platform_lib/armgcc/KL03Z4/release/libksdk_platform.a(fsl_power_manager.c.obj)
 .text.POWER_SYS_Init
                0x00000000000048c0       0x48 ../../../../lib/ksdk_platform_lib/armgcc/KL03Z4/release/libksdk_platform.a(fsl_power_manager.c.obj)
                0x00000000000048c0                POWER_SYS_Init
 .text.POWER_SYS_SetMode
                0x0000000000004908      0x2e4 ../../../../lib/ksdk_platform_lib/armgcc/KL03Z4/release/libksdk_platform.a(fsl_power_manager.c.obj)
                0x0000000000004908                POWER_SYS_SetMode
 .text.POWER_SYS_GetCurrentMode
                0x0000000000004bec       0x20 ../../../../lib/ksdk_platform_lib/armgcc/KL03Z4/release/libksdk_platform.a(fsl_power_manager.c.obj)
                0x0000000000004bec                POWER_SYS_GetCurrentMode
 .text.GPIO_DRV_InputPinInit
                0x0000000000004c0c       0x8c ../../../../lib/ksdk_platform_lib/armgcc/KL03Z4/release/libksdk_platform.a(fsl_gpio_driver.c.obj)
                0x0000000000004c0c                GPIO_DRV_InputPinInit
 .text.GPIO_DRV_OutputPinInit
                0x0000000000004c98       0x58 ../../../../lib/ksdk_platform_lib/armgcc/KL03Z4/release/libksdk_platform.a(fsl_gpio_driver.c.obj)
                0x0000000000004c98                GPIO_DRV_OutputPinInit
 .text.GPIO_DRV_Init
                0x0000000000004cf0       0x36 ../../../../lib/ksdk_platform_lib/armgcc/KL03Z4/release/libksdk_platform.a(fsl_gpio_driver.c.obj)
                0x0000000000004cf0                GPIO_DRV_Init
 *fill*         0x0000000000004d26        0x2 
 .text.GPIO_DRV_SetPinOutput
                0x0000000000004d28       0x1c ../../../../lib/ksdk_platform_lib/armgcc/KL03Z4/release/libksdk_platform.a(fsl_gpio_driver.c.obj)
                0x0000000000004d28                GPIO_DRV_SetPinOutput
 .text.GPIO_DRV_ClearPinOutput
                0x0000000000004d44       0x1c ../../../../lib/ksdk_platform_lib/armgcc/KL03Z4/release/libksdk_platform.a(fsl_gpio_driver.c.obj)
                0x0000000000004d44                GPIO_DRV_ClearPinOutput
 .text.I2C_DRV_IRQHandler
                0x0000000000004d60       0x28 ../../../../lib/ksdk_platform_lib/armgcc/KL03Z4/release/libksdk_platform.a(fsl_i2c_shared_function.c.obj)
                0x0000000000004d60                I2C_DRV_IRQHandler
 .text.I2C_HAL_WriteByte
                0x0000000000004d88       0x14 ../../../../lib/ksdk_platform_lib/armgcc/KL03Z4/release/libksdk_platform.a(fsl_i2c_master_driver.c.obj)
 .text.I2C_DRV_MasterWait
                0x0000000000004d9c       0x2c ../../../../lib/ksdk_platform_lib/armgcc/KL03Z4/release/libksdk_platform.a(fsl_i2c_master_driver.c.obj)
 .text.I2C_DRV_SendAddress.isra.1
                0x0000000000004dc8       0xf0 ../../../../lib/ksdk_platform_lib/armgcc/KL03Z4/release/libksdk_platform.a(fsl_i2c_master_driver.c.obj)
 .text.I2C_DRV_CompleteTransfer
                0x0000000000004eb8       0x4c ../../../../lib/ksdk_platform_lib/armgcc/KL03Z4/release/libksdk_platform.a(fsl_i2c_master_driver.c.obj)
 .text.I2C_DRV_MasterInit
                0x0000000000004f04       0x78 ../../../../lib/ksdk_platform_lib/armgcc/KL03Z4/release/libksdk_platform.a(fsl_i2c_master_driver.c.obj)
                0x0000000000004f04                I2C_DRV_MasterInit
 .text.I2C_DRV_MasterDeinit
                0x0000000000004f7c       0x50 ../../../../lib/ksdk_platform_lib/armgcc/KL03Z4/release/libksdk_platform.a(fsl_i2c_master_driver.c.obj)
                0x0000000000004f7c                I2C_DRV_MasterDeinit
 .text.I2C_DRV_MasterSetBaudRate
                0x0000000000004fcc       0x34 ../../../../lib/ksdk_platform_lib/armgcc/KL03Z4/release/libksdk_platform.a(fsl_i2c_master_driver.c.obj)
                0x0000000000004fcc                I2C_DRV_MasterSetBaudRate
 .text.I2C_DRV_MasterSend
                0x0000000000005000       0xdc ../../../../lib/ksdk_platform_lib/armgcc/KL03Z4/release/libksdk_platform.a(fsl_i2c_master_driver.c.obj)
 .text.I2C_DRV_MasterReceive
                0x00000000000050dc       0xec ../../../../lib/ksdk_platform_lib/armgcc/KL03Z4/release/libksdk_platform.a(fsl_i2c_master_driver.c.obj)
 .text.I2C_DRV_MasterSendDataBlocking
                0x00000000000051c8       0x1a ../../../../lib/ksdk_platform_lib/armgcc/KL03Z4/release/libksdk_platform.a(fsl_i2c_master_driver.c.obj)
                0x00000000000051c8                I2C_DRV_MasterSendDataBlocking
 .text.I2C_DRV_MasterReceiveDataBlocking
                0x00000000000051e2       0x1a ../../../../lib/ksdk_platform_lib/armgcc/KL03Z4/release/libksdk_platform.a(fsl_i2c_master_driver.c.obj)
                0x00000000000051e2                I2C_DRV_MasterReceiveDataBlocking
 .text.I2C_DRV_MasterIRQHandler
                0x00000000000051fc       0xa0 ../../../../lib/ksdk_platform_lib/armgcc/KL03Z4/release/libksdk_platform.a(fsl_i2c_master_driver.c.obj)
                0x00000000000051fc                I2C_DRV_MasterIRQHandler
 .text.I2C_HAL_ClearInt
                0x000000000000529c        0xe ../../../../lib/ksdk_platform_lib/armgcc/KL03Z4/release/libksdk_platform.a(fsl_i2c_slave_driver.c.obj)
 *fill*         0x00000000000052aa        0x2 
 .text.I2C_DRV_SlaveIRQHandler
                0x00000000000052ac      0x250 ../../../../lib/ksdk_platform_lib/armgcc/KL03Z4/release/libksdk_platform.a(fsl_i2c_slave_driver.c.obj)
                0x00000000000052ac                I2C_DRV_SlaveIRQHandler
 .text.CLOCK_HAL_GetLircClk
                0x00000000000054fc       0x30 ../../../../lib/ksdk_platform_lib/armgcc/KL03Z4/release/libksdk_platform.a(fsl_mcglite_hal.c.obj)
                0x00000000000054fc                CLOCK_HAL_GetLircClk
 .text.CLOCK_HAL_GetOutClk
                0x000000000000552c       0x48 ../../../../lib/ksdk_platform_lib/armgcc/KL03Z4/release/libksdk_platform.a(fsl_mcglite_hal.c.obj)
                0x000000000000552c                CLOCK_HAL_GetOutClk
 .text.CLOCK_HAL_GetMode
                0x0000000000005574       0x34 ../../../../lib/ksdk_platform_lib/armgcc/KL03Z4/release/libksdk_platform.a(fsl_mcglite_hal_modes.c.obj)
                0x0000000000005574                CLOCK_HAL_GetMode
 .text.CLOCK_HAL_SetHircMode
                0x00000000000055a8       0x38 ../../../../lib/ksdk_platform_lib/armgcc/KL03Z4/release/libksdk_platform.a(fsl_mcglite_hal_modes.c.obj)
                0x00000000000055a8                CLOCK_HAL_SetHircMode
 .text.CLOCK_HAL_SetLircMode
                0x00000000000055e0       0x84 ../../../../lib/ksdk_platform_lib/armgcc/KL03Z4/release/libksdk_platform.a(fsl_mcglite_hal_modes.c.obj)
                0x00000000000055e0                CLOCK_HAL_SetLircMode
 .text.CLOCK_HAL_SetExtMode
                0x0000000000005664       0x38 ../../../../lib/ksdk_platform_lib/armgcc/KL03Z4/release/libksdk_platform.a(fsl_mcglite_hal_modes.c.obj)
                0x0000000000005664                CLOCK_HAL_SetExtMode
 .text.OSC_HAL_SetExternalRefClkCmd
                0x000000000000569c        0xe ../../../../lib/ksdk_platform_lib/armgcc/KL03Z4/release/libksdk_platform.a(fsl_osc_hal.c.obj)
                0x000000000000569c                OSC_HAL_SetExternalRefClkCmd
 .text.OSC_HAL_SetExternalRefClkInStopModeCmd
                0x00000000000056aa        0xe ../../../../lib/ksdk_platform_lib/armgcc/KL03Z4/release/libksdk_platform.a(fsl_osc_hal.c.obj)
                0x00000000000056aa                OSC_HAL_SetExternalRefClkInStopModeCmd
 .text.RTC_HAL_ConvertSecsToDatetime
                0x00000000000056b8       0x9c ../../../../lib/ksdk_platform_lib/armgcc/KL03Z4/release/libksdk_platform.a(fsl_rtc_hal.c.obj)
                0x00000000000056b8                RTC_HAL_ConvertSecsToDatetime
 .text.RTC_HAL_IsDatetimeCorrectFormat
                0x0000000000005754       0x54 ../../../../lib/ksdk_platform_lib/armgcc/KL03Z4/release/libksdk_platform.a(fsl_rtc_hal.c.obj)
                0x0000000000005754                RTC_HAL_IsDatetimeCorrectFormat
 .text.RTC_HAL_ConvertDatetimeToSecs
                0x00000000000057a8       0x58 ../../../../lib/ksdk_platform_lib/armgcc/KL03Z4/release/libksdk_platform.a(fsl_rtc_hal.c.obj)
                0x00000000000057a8                RTC_HAL_ConvertDatetimeToSecs
 .text.RTC_HAL_Enable
                0x0000000000005800       0x28 ../../../../lib/ksdk_platform_lib/armgcc/KL03Z4/release/libksdk_platform.a(fsl_rtc_hal.c.obj)
                0x0000000000005800                RTC_HAL_Enable
 .text.RTC_HAL_Init
                0x0000000000005828       0x38 ../../../../lib/ksdk_platform_lib/armgcc/KL03Z4/release/libksdk_platform.a(fsl_rtc_hal.c.obj)
                0x0000000000005828                RTC_HAL_Init
 .text.RTC_HAL_SetDatetimeInsecs
                0x0000000000005860       0x18 ../../../../lib/ksdk_platform_lib/armgcc/KL03Z4/release/libksdk_platform.a(fsl_rtc_hal.c.obj)
                0x0000000000005860                RTC_HAL_SetDatetimeInsecs
 .text.RTC_HAL_GetDatetimeInSecs
                0x0000000000005878        0x6 ../../../../lib/ksdk_platform_lib/armgcc/KL03Z4/release/libksdk_platform.a(fsl_rtc_hal.c.obj)
                0x0000000000005878                RTC_HAL_GetDatetimeInSecs
 *fill*         0x000000000000587e        0x2 
 .text.RTC_DRV_Init
                0x0000000000005880       0x5c ../../../../lib/ksdk_platform_lib/armgcc/KL03Z4/release/libksdk_platform.a(fsl_rtc_driver.c.obj)
                0x0000000000005880                RTC_DRV_Init
 .text.RTC_DRV_SetDatetime
                0x00000000000058dc       0x50 ../../../../lib/ksdk_platform_lib/armgcc/KL03Z4/release/libksdk_platform.a(fsl_rtc_driver.c.obj)
                0x00000000000058dc                RTC_DRV_SetDatetime
 .text.RTC_DRV_GetDatetime
                0x000000000000592c       0x58 ../../../../lib/ksdk_platform_lib/armgcc/KL03Z4/release/libksdk_platform.a(fsl_rtc_driver.c.obj)
                0x000000000000592c                RTC_DRV_GetDatetime
 .text.RTC_DRV_SetAlarm
                0x0000000000005984       0x6c ../../../../lib/ksdk_platform_lib/armgcc/KL03Z4/release/libksdk_platform.a(fsl_rtc_driver.c.obj)
                0x0000000000005984                RTC_DRV_SetAlarm
 .text.RTC_DRV_SetAlarmIntCmd
                0x00000000000059f0       0x18 ../../../../lib/ksdk_platform_lib/armgcc/KL03Z4/release/libksdk_platform.a(fsl_rtc_driver.c.obj)
                0x00000000000059f0                RTC_DRV_SetAlarmIntCmd
 .text.RTC_DRV_IsAlarmPending
                0x0000000000005a08       0x1c ../../../../lib/ksdk_platform_lib/armgcc/KL03Z4/release/libksdk_platform.a(fsl_rtc_driver.c.obj)
                0x0000000000005a08                RTC_DRV_IsAlarmPending
 .text.CLOCK_HAL_SetOutDiv
                0x0000000000005a24       0x1c ../../../../lib/ksdk_platform_lib/armgcc/KL03Z4/release/libksdk_platform.a(fsl_sim_hal_MKL03Z4.c.obj)
                0x0000000000005a24                CLOCK_HAL_SetOutDiv
 .text.SPI_DRV_IRQHandler
                0x0000000000005a40       0x28 ../../../../lib/ksdk_platform_lib/armgcc/KL03Z4/release/libksdk_platform.a(fsl_spi_shared_function.c.obj)
                0x0000000000005a40                SPI_DRV_IRQHandler
 .text.SPI_DRV_MasterCompleteTransfer
                0x0000000000005a68       0x3c ../../../../lib/ksdk_platform_lib/armgcc/KL03Z4/release/libksdk_platform.a(fsl_spi_master_driver.c.obj)
 .text.SPI_DRV_MasterInit
                0x0000000000005aa4       0x88 ../../../../lib/ksdk_platform_lib/armgcc/KL03Z4/release/libksdk_platform.a(fsl_spi_master_driver.c.obj)
                0x0000000000005aa4                SPI_DRV_MasterInit
 .text.SPI_DRV_MasterConfigureBus
                0x0000000000005b2c       0x34 ../../../../lib/ksdk_platform_lib/armgcc/KL03Z4/release/libksdk_platform.a(fsl_spi_master_driver.c.obj)
                0x0000000000005b2c                SPI_DRV_MasterConfigureBus
 .text.SPI_DRV_MasterStartTransfer
                0x0000000000005b60       0x84 ../../../../lib/ksdk_platform_lib/armgcc/KL03Z4/release/libksdk_platform.a(fsl_spi_master_driver.c.obj)
 .text.SPI_DRV_MasterTransferBlocking
                0x0000000000005be4       0x58 ../../../../lib/ksdk_platform_lib/armgcc/KL03Z4/release/libksdk_platform.a(fsl_spi_master_driver.c.obj)
                0x0000000000005be4                SPI_DRV_MasterTransferBlocking
 .text.SPI_DRV_MasterIRQHandler
                0x0000000000005c3c       0x84 ../../../../lib/ksdk_platform_lib/armgcc/KL03Z4/release/libksdk_platform.a(fsl_spi_master_driver.c.obj)
                0x0000000000005c3c                SPI_DRV_MasterIRQHandler
 .text.SPI_DRV_SlaveCompleteTransfer
                0x0000000000005cc0       0x4c ../../../../lib/ksdk_platform_lib/armgcc/KL03Z4/release/libksdk_platform.a(fsl_spi_slave_driver.c.obj)
 .text.SPI_DRV_SlaveIRQHandler
                0x0000000000005d0c       0xa0 ../../../../lib/ksdk_platform_lib/armgcc/KL03Z4/release/libksdk_platform.a(fsl_spi_slave_driver.c.obj)
                0x0000000000005d0c                SPI_DRV_SlaveIRQHandler
 .text.SMC_HAL_GetProtectionMode
                0x0000000000005dac       0x20 ../../../../lib/ksdk_platform_lib/armgcc/KL03Z4/release/libksdk_platform.a(fsl_smc_hal.c.obj)
                0x0000000000005dac                SMC_HAL_GetProtectionMode
 .text.SMC_HAL_SetRunMode
                0x0000000000005dcc       0x14 ../../../../lib/ksdk_platform_lib/armgcc/KL03Z4/release/libksdk_platform.a(fsl_smc_hal.c.obj)
                0x0000000000005dcc                SMC_HAL_SetRunMode
 .text.SMC_HAL_SetPorMode
                0x0000000000005de0       0x10 ../../../../lib/ksdk_platform_lib/armgcc/KL03Z4/release/libksdk_platform.a(fsl_smc_hal.c.obj)
                0x0000000000005de0                SMC_HAL_SetPorMode
 .text.SMC_HAL_SetPstopMode
                0x0000000000005df0       0x14 ../../../../lib/ksdk_platform_lib/armgcc/KL03Z4/release/libksdk_platform.a(fsl_smc_hal.c.obj)
                0x0000000000005df0                SMC_HAL_SetPstopMode
 .text.SMC_HAL_SetLpoMode
                0x0000000000005e04       0x10 ../../../../lib/ksdk_platform_lib/armgcc/KL03Z4/release/libksdk_platform.a(fsl_smc_hal.c.obj)
                0x0000000000005e04                SMC_HAL_SetLpoMode
 .text.SMC_HAL_SetMode
                0x0000000000005e14       0xf4 ../../../../lib/ksdk_platform_lib/armgcc/KL03Z4/release/libksdk_platform.a(fsl_smc_hal.c.obj)
                0x0000000000005e14                SMC_HAL_SetMode
 .text.SMC_HAL_GetStat
                0x0000000000005f08       0x10 ../../../../lib/ksdk_platform_lib/armgcc/KL03Z4/release/libksdk_platform.a(fsl_smc_hal.c.obj)
                0x0000000000005f08                SMC_HAL_GetStat
 .text.GPIO_HAL_SetPinDir
                0x0000000000005f18       0x20 ../../../../lib/ksdk_platform_lib/armgcc/KL03Z4/release/libksdk_platform.a(fsl_gpio_hal.c.obj)
                0x0000000000005f18                GPIO_HAL_SetPinDir
 .text.GPIO_HAL_WritePinOutput
                0x0000000000005f38       0x10 ../../../../lib/ksdk_platform_lib/armgcc/KL03Z4/release/libksdk_platform.a(fsl_gpio_hal.c.obj)
                0x0000000000005f38                GPIO_HAL_WritePinOutput
 .text.I2C_HAL_Init
                0x0000000000005f48       0x1c ../../../../lib/ksdk_platform_lib/armgcc/KL03Z4/release/libksdk_platform.a(fsl_i2c_hal.c.obj)
                0x0000000000005f48                I2C_HAL_Init
 .text.I2C_HAL_SetBaudRate
                0x0000000000005f64       0x84 ../../../../lib/ksdk_platform_lib/armgcc/KL03Z4/release/libksdk_platform.a(fsl_i2c_hal.c.obj)
                0x0000000000005f64                I2C_HAL_SetBaudRate
 .text.I2C_HAL_SendStart
                0x0000000000005fe8       0x24 ../../../../lib/ksdk_platform_lib/armgcc/KL03Z4/release/libksdk_platform.a(fsl_i2c_hal.c.obj)
                0x0000000000005fe8                I2C_HAL_SendStart
 .text.I2C_HAL_SendStop
                0x000000000000600c       0x3a ../../../../lib/ksdk_platform_lib/armgcc/KL03Z4/release/libksdk_platform.a(fsl_i2c_hal.c.obj)
                0x000000000000600c                I2C_HAL_SendStop
 .text.SPI_HAL_Init
                0x0000000000006046        0xe ../../../../lib/ksdk_platform_lib/armgcc/KL03Z4/release/libksdk_platform.a(fsl_spi_hal.c.obj)
                0x0000000000006046                SPI_HAL_Init
 .text.SPI_HAL_SetBaud
                0x0000000000006054       0x72 ../../../../lib/ksdk_platform_lib/armgcc/KL03Z4/release/libksdk_platform.a(fsl_spi_hal.c.obj)
                0x0000000000006054                SPI_HAL_SetBaud
 .text.SPI_HAL_SetSlaveSelectOutputMode
                0x00000000000060c6       0x26 ../../../../lib/ksdk_platform_lib/armgcc/KL03Z4/release/libksdk_platform.a(fsl_spi_hal.c.obj)
                0x00000000000060c6                SPI_HAL_SetSlaveSelectOutputMode
 .text.SPI_HAL_SetDataFormat
                0x00000000000060ec       0x26 ../../../../lib/ksdk_platform_lib/armgcc/KL03Z4/release/libksdk_platform.a(fsl_spi_hal.c.obj)
                0x00000000000060ec                SPI_HAL_SetDataFormat
 .text.SPI_HAL_SetPinMode
                0x0000000000006112       0x20 ../../../../lib/ksdk_platform_lib/armgcc/KL03Z4/release/libksdk_platform.a(fsl_spi_hal.c.obj)
                0x0000000000006112                SPI_HAL_SetPinMode
 .text.atexit   0x0000000000006132       0x10 /usr/lib/gcc/arm-none-eabi/4.9.3/../../../arm-none-eabi/lib/armv6-m/libc_nano.a(lib_a-atexit.o)
                0x0000000000006132                atexit
 *fill*         0x0000000000006142        0x2 
 .text.__errno  0x0000000000006144        0xc /usr/lib/gcc/arm-none-eabi/4.9.3/../../../arm-none-eabi/lib/armv6-m/libc_nano.a(lib_a-errno.o)
                0x0000000000006144                __errno
 .text.exit     0x0000000000006150       0x2c /usr/lib/gcc/arm-none-eabi/4.9.3/../../../arm-none-eabi/lib/armv6-m/libc_nano.a(lib_a-exit.o)
                0x0000000000006150                exit
 .text.__libc_fini_array
                0x000000000000617c       0x28 /usr/lib/gcc/arm-none-eabi/4.9.3/../../../arm-none-eabi/lib/armv6-m/libc_nano.a(lib_a-fini.o)
                0x000000000000617c                __libc_fini_array
 .text.__libc_init_array
                0x00000000000061a4       0x4c /usr/lib/gcc/arm-none-eabi/4.9.3/../../../arm-none-eabi/lib/armv6-m/libc_nano.a(lib_a-init.o)
                0x00000000000061a4                __libc_init_array
 .text.malloc   0x00000000000061f0       0x14 /usr/lib/gcc/arm-none-eabi/4.9.3/../../../arm-none-eabi/lib/armv6-m/libc_nano.a(lib_a-malloc.o)
                0x00000000000061f0                malloc
 .text.free     0x0000000000006204       0x14 /usr/lib/gcc/arm-none-eabi/4.9.3/../../../arm-none-eabi/lib/armv6-m/libc_nano.a(lib_a-malloc.o)
                0x0000000000006204                free
 .text.memcpy   0x0000000000006218       0x12 /usr/lib/gcc/arm-none-eabi/4.9.3/../../../arm-none-eabi/lib/armv6-m/libc_nano.a(lib_a-memcpy.o)
                0x0000000000006218                memcpy
 .text.memset   0x000000000000622a       0x10 /usr/lib/gcc/arm-none-eabi/4.9.3/../../../arm-none-eabi/lib/armv6-m/libc_nano.a(lib_a-memset.o)
                0x000000000000622a                memset
 *fill*         0x000000000000623a        0x2 
 .text._free_r  0x000000000000623c       0x8c /usr/lib/gcc/arm-none-eabi/4.9.3/../../../arm-none-eabi/lib/armv6-m/libc_nano.a(lib_a-nano-freer.o)
                0x000000000000623c                _free_r
 .text._malloc_r
                0x00000000000062c8       0xb0 /usr/lib/gcc/arm-none-eabi/4.9.3/../../../arm-none-eabi/lib/armv6-m/libc_nano.a(lib_a-nano-mallocr.o)
                0x00000000000062c8                _malloc_r
 .text._sbrk_r  0x0000000000006378       0x24 /usr/lib/gcc/arm-none-eabi/4.9.3/../../../arm-none-eabi/lib/armv6-m/libc_nano.a(lib_a-sbrkr.o)
                0x0000000000006378                _sbrk_r
 .text.strcpy   0x000000000000639c       0x10 /usr/lib/gcc/arm-none-eabi/4.9.3/../../../arm-none-eabi/lib/armv6-m/libc_nano.a(lib_a-strcpy.o)
                0x000000000000639c                strcpy
 .text.strlen   0x00000000000063ac        0xe /usr/lib/gcc/arm-none-eabi/4.9.3/../../../arm-none-eabi/lib/armv6-m/libc_nano.a(lib_a-strlen.o)
                0x00000000000063ac                strlen
 *fill*         0x00000000000063ba        0x2 
 .text.__register_exitproc
                0x00000000000063bc       0xb8 /usr/lib/gcc/arm-none-eabi/4.9.3/../../../arm-none-eabi/lib/armv6-m/libc_nano.a(lib_a-__atexit.o)
                0x00000000000063bc                __register_exitproc
 .text.__call_exitprocs
                0x0000000000006474       0xe8 /usr/lib/gcc/arm-none-eabi/4.9.3/../../../arm-none-eabi/lib/armv6-m/libc_nano.a(lib_a-__call_atexit.o)
                0x0000000000006474                __call_exitprocs
 .text._exit    0x000000000000655c        0x4 /usr/lib/gcc/arm-none-eabi/4.9.3/../../../arm-none-eabi/lib/armv6-m/libnosys.a(_exit.o)
                0x000000000000655c                _exit
 *(.rodata)
 .rodata        0x0000000000006560       0x10 CMakeFiles/Warp.dir/home/djb243/CW4/Warp-firmware/build/ksdk1.1/work/demos/Warp/src/devSSD1331.c.obj
 .rodata        0x0000000000006570       0x40 /usr/lib/gcc/arm-none-eabi/4.9.3/armv6-m/libgcc.a(divdf3.o)
 .rodata        0x00000000000065b0       0x40 /usr/lib/gcc/arm-none-eabi/4.9.3/armv6-m/libgcc.a(muldf3.o)
 *(.rodata*)
 .rodata.str1.1
                0x00000000000065f0     0x1590 CMakeFiles/Warp.dir/home/djb243/CW4/Warp-firmware/build/ksdk1.1/work/demos/Warp/src/warp-kl03-ksdk1.1-boot.c.obj
                                       0x1593 (size before relaxing)
 .rodata.str1.1
                0x0000000000007b80       0x14 CMakeFiles/Warp.dir/home/djb243/CW4/Warp-firmware/build/ksdk1.1/work/demos/Warp/src/SEGGER_RTT.c.obj
 .rodata._aV2C.4362
                0x0000000000007b94       0x10 CMakeFiles/Warp.dir/home/djb243/CW4/Warp-firmware/build/ksdk1.1/work/demos/Warp/src/SEGGER_RTT_printf.c.obj
 .rodata.portGateTable
                0x0000000000007ba4        0x2 ../../../../lib/ksdk_platform_lib/armgcc/KL03Z4/release/libksdk_platform.a(fsl_clock_MKL03Z4.c.obj)
 .rodata.g_i2cIrqId
                0x0000000000007ba6        0x1 ../../../../lib/ksdk_platform_lib/armgcc/KL03Z4/release/libksdk_platform.a(fsl_i2c_common.c.obj)
                0x0000000000007ba6                g_i2cIrqId
 *fill*         0x0000000000007ba7        0x1 
 .rodata.g_i2cBaseAddr
                0x0000000000007ba8        0x4 ../../../../lib/ksdk_platform_lib/armgcc/KL03Z4/release/libksdk_platform.a(fsl_i2c_common.c.obj)
                0x0000000000007ba8                g_i2cBaseAddr
 .rodata.MONTH_DAYS
                0x0000000000007bac       0x1a ../../../../lib/ksdk_platform_lib/armgcc/KL03Z4/release/libksdk_platform.a(fsl_rtc_hal.c.obj)
 .rodata.LY     0x0000000000007bc6        0xd ../../../../lib/ksdk_platform_lib/armgcc/KL03Z4/release/libksdk_platform.a(fsl_rtc_hal.c.obj)
 .rodata.ULY    0x0000000000007bd3        0xd ../../../../lib/ksdk_platform_lib/armgcc/KL03Z4/release/libksdk_platform.a(fsl_rtc_hal.c.obj)
 .rodata.g_rtcSecondsIrqId
                0x0000000000007be0        0x1 ../../../../lib/ksdk_platform_lib/armgcc/KL03Z4/release/libksdk_platform.a(fsl_rtc_common.c.obj)
                0x0000000000007be0                g_rtcSecondsIrqId
 .rodata.g_rtcIrqId
                0x0000000000007be1        0x1 ../../../../lib/ksdk_platform_lib/armgcc/KL03Z4/release/libksdk_platform.a(fsl_rtc_common.c.obj)
                0x0000000000007be1                g_rtcIrqId
 *fill*         0x0000000000007be2        0x2 
 .rodata.g_rtcBaseAddr
                0x0000000000007be4        0x4 ../../../../lib/ksdk_platform_lib/armgcc/KL03Z4/release/libksdk_platform.a(fsl_rtc_common.c.obj)
                0x0000000000007be4                g_rtcBaseAddr
 .rodata.g_spiIrqId
                0x0000000000007be8        0x1 ../../../../lib/ksdk_platform_lib/armgcc/KL03Z4/release/libksdk_platform.a(fsl_spi_common.c.obj)
                0x0000000000007be8                g_spiIrqId
 *fill*         0x0000000000007be9        0x3 
 .rodata.g_spiBaseAddr
                0x0000000000007bec        0x4 ../../../../lib/ksdk_platform_lib/armgcc/KL03Z4/release/libksdk_platform.a(fsl_spi_common.c.obj)
                0x0000000000007bec                g_spiBaseAddr
 .rodata.g_oscBaseAddr
                0x0000000000007bf0        0x4 ../../../../lib/ksdk_platform_lib/armgcc/KL03Z4/release/libksdk_platform.a(fsl_clock_manager_common.c.obj)
                0x0000000000007bf0                g_oscBaseAddr
 .rodata.g_portBaseAddr
                0x0000000000007bf4        0x8 ../../../../lib/ksdk_platform_lib/armgcc/KL03Z4/release/libksdk_platform.a(fsl_gpio_common.c.obj)
                0x0000000000007bf4                g_portBaseAddr
 .rodata.g_gpioBaseAddr
                0x0000000000007bfc        0x8 ../../../../lib/ksdk_platform_lib/armgcc/KL03Z4/release/libksdk_platform.a(fsl_gpio_common.c.obj)
                0x0000000000007bfc                g_gpioBaseAddr
 .rodata.g_portIrqId
                0x0000000000007c04        0x2 ../../../../lib/ksdk_platform_lib/armgcc/KL03Z4/release/libksdk_platform.a(fsl_gpio_common.c.obj)
                0x0000000000007c04                g_portIrqId
 .rodata.kI2CDividerTable
                0x0000000000007c06       0xc8 ../../../../lib/ksdk_platform_lib/armgcc/KL03Z4/release/libksdk_platform.a(fsl_i2c_hal.c.obj)
                0x0000000000007c06                kI2CDividerTable
 .rodata.str1.1
                0x0000000000007cce        0x2 /usr/lib/gcc/arm-none-eabi/4.9.3/../../../arm-none-eabi/lib/armv6-m/libc_nano.a(lib_a-impure.o)
 .rodata._global_impure_ptr
                0x0000000000007cd0        0x4 /usr/lib/gcc/arm-none-eabi/4.9.3/../../../arm-none-eabi/lib/armv6-m/libc_nano.a(lib_a-impure.o)
                0x0000000000007cd0                _global_impure_ptr
 *(.glue_7)
 .glue_7        0x0000000000007cd4        0x0 linker stubs
 *(.glue_7t)
 .glue_7t       0x0000000000007cd4        0x0 linker stubs
 *(.eh_frame)
 .eh_frame      0x0000000000007cd4        0x0 /usr/lib/gcc/arm-none-eabi/4.9.3/armv6-m/crtbegin.o
 *(.init)
 .init          0x0000000000007cd4        0x4 /usr/lib/gcc/arm-none-eabi/4.9.3/armv6-m/crti.o
                0x0000000000007cd4                _init
 .init          0x0000000000007cd8        0x8 /usr/lib/gcc/arm-none-eabi/4.9.3/armv6-m/crtn.o
 *(.fini)
 .fini          0x0000000000007ce0        0x4 /usr/lib/gcc/arm-none-eabi/4.9.3/armv6-m/crti.o
                0x0000000000007ce0                _fini
 .fini          0x0000000000007ce4        0x8 /usr/lib/gcc/arm-none-eabi/4.9.3/armv6-m/crtn.o
                0x0000000000007cec                . = ALIGN (0x4)

.vfp11_veneer   0x0000000000007cec        0x0
 .vfp11_veneer  0x0000000000007cec        0x0 linker stubs

.v4_bx          0x0000000000007cec        0x0
 .v4_bx         0x0000000000007cec        0x0 linker stubs

.iplt           0x0000000000007cec        0x0
 .iplt          0x0000000000007cec        0x0 /usr/lib/gcc/arm-none-eabi/4.9.3/armv6-m/crtbegin.o

.ARM.extab
 *(.ARM.extab* .gnu.linkonce.armextab.*)

.ARM            0x0000000000007cec        0x8
                0x0000000000007cec                __exidx_start = .
 *(.ARM.exidx*)
 .ARM.exidx     0x0000000000007cec        0x8 /usr/lib/gcc/arm-none-eabi/4.9.3/../../../arm-none-eabi/lib/armv6-m/crt0.o
                0x0000000000007cf4                __exidx_end = .

.rel.dyn        0x0000000000007cf4        0x0
 .rel.iplt      0x0000000000007cf4        0x0 /usr/lib/gcc/arm-none-eabi/4.9.3/armv6-m/crtbegin.o

.ctors          0x0000000000007cf4        0x0
                0x0000000000007cf4                __CTOR_LIST__ = .
 *crtbegin.o(.ctors)
 *crtbegin?.o(.ctors)
 *(EXCLUDE_FILE(*crtend.o *crtend?.o) .ctors)
 *(SORT(.ctors.*))
 *(.ctors)
                0x0000000000007cf4                __CTOR_END__ = .

.dtors          0x0000000000007cf4        0x0
                0x0000000000007cf4                __DTOR_LIST__ = .
 *crtbegin.o(.dtors)
 *crtbegin?.o(.dtors)
 *(EXCLUDE_FILE(*crtend.o *crtend?.o) .dtors)
 *(SORT(.dtors.*))
 *(.dtors)
                0x0000000000007cf4                __DTOR_END__ = .

.preinit_array  0x0000000000007cf4        0x0
                0x0000000000007cf4                PROVIDE (__preinit_array_start, .)
 *(.preinit_array*)
                0x0000000000007cf4                PROVIDE (__preinit_array_end, .)

.init_array     0x0000000000007cf4        0x4
                0x0000000000007cf4                PROVIDE (__init_array_start, .)
 *(SORT(.init_array.*))
 *(.init_array*)
 .init_array    0x0000000000007cf4        0x4 /usr/lib/gcc/arm-none-eabi/4.9.3/armv6-m/crtbegin.o
                0x0000000000007cf8                PROVIDE (__init_array_end, .)

.fini_array     0x0000000000007cf8        0x4
                0x0000000000007cf8                PROVIDE (__fini_array_start, .)
 *(SORT(.fini_array.*))
 *(.fini_array*)
 .fini_array    0x0000000000007cf8        0x4 /usr/lib/gcc/arm-none-eabi/4.9.3/armv6-m/crtbegin.o
                0x0000000000007cfc                PROVIDE (__fini_array_end, .)
                0x0000000000007cfc                __etext = .
                0x0000000000007cfc                __DATA_ROM = .

.mtb            0x000000001ffffe00        0x0
                0x000000001ffffe00                . = ALIGN (0x8)
                0x000000001ffffe00                _mtb_start = .
 *(.mtb_buf)
                0x000000001ffffe00                . = ALIGN (0x8)
                0x000000001ffffe00                _mtb_end = .

.interrupts_ram
                0x000000001ffffe00        0x0
                0x000000001ffffe00                . = ALIGN (0x4)
                0x000000001ffffe00                __VECTOR_RAM__ = .
                0x000000001ffffe00                __interrupts_ram_start__ = .
 *(.m_interrupts_ram)
                0x000000001ffffe00                . = (. + M_VECTOR_RAM_SIZE)
                0x000000001ffffe00                . = ALIGN (0x4)
                0x000000001ffffe00                __interrupts_ram_end__ = .
                0x0000000000000000                __VECTOR_RAM = DEFINED (__ram_vector_table__)?__VECTOR_RAM__:ORIGIN (m_interrupts)
                0x0000000000000000                __RAM_VECTOR_TABLE_SIZE_BYTES = DEFINED (__ram_vector_table__)?(__interrupts_ram_end__ - __interrupts_ram_start__):0x0

.data           0x000000001ffffe00      0x1b4 load address 0x0000000000007cfc
                0x000000001ffffe00                . = ALIGN (0x4)
                0x000000001ffffe00                __DATA_RAM = .
                0x000000001ffffe00                __data_start__ = .
 *(.data)
 *(.data*)
 .data.gWarpMenuPrintDelayMilliseconds
                0x000000001ffffe00        0x4 CMakeFiles/Warp.dir/home/djb243/CW4/Warp-firmware/build/ksdk1.1/work/demos/Warp/src/warp-kl03-ksdk1.1-boot.c.obj
                0x000000001ffffe00                gWarpMenuPrintDelayMilliseconds
 .data.gWarpUartBaudRateKbps
                0x000000001ffffe04        0x4 CMakeFiles/Warp.dir/home/djb243/CW4/Warp-firmware/build/ksdk1.1/work/demos/Warp/src/warp-kl03-ksdk1.1-boot.c.obj
                0x000000001ffffe04                gWarpUartBaudRateKbps
 .data.gWarpSupplySettlingDelayMilliseconds
                0x000000001ffffe08        0x4 CMakeFiles/Warp.dir/home/djb243/CW4/Warp-firmware/build/ksdk1.1/work/demos/Warp/src/warp-kl03-ksdk1.1-boot.c.obj
                0x000000001ffffe08                gWarpSupplySettlingDelayMilliseconds
 .data.gWarpMode
                0x000000001ffffe0c        0x1 CMakeFiles/Warp.dir/home/djb243/CW4/Warp-firmware/build/ksdk1.1/work/demos/Warp/src/warp-kl03-ksdk1.1-boot.c.obj
                0x000000001ffffe0c                gWarpMode
 *fill*         0x000000001ffffe0d        0x3 
 .data.gWarpI2cBaudRateKbps
                0x000000001ffffe10        0x4 CMakeFiles/Warp.dir/home/djb243/CW4/Warp-firmware/build/ksdk1.1/work/demos/Warp/src/warp-kl03-ksdk1.1-boot.c.obj
                0x000000001ffffe10                gWarpI2cBaudRateKbps
 .data.gWarpSpiBaudRateKbps
                0x000000001ffffe14        0x4 CMakeFiles/Warp.dir/home/djb243/CW4/Warp-firmware/build/ksdk1.1/work/demos/Warp/src/warp-kl03-ksdk1.1-boot.c.obj
                0x000000001ffffe14                gWarpSpiBaudRateKbps
 .data.gWarpI2cTimeoutMilliseconds
                0x000000001ffffe18        0x4 CMakeFiles/Warp.dir/home/djb243/CW4/Warp-firmware/build/ksdk1.1/work/demos/Warp/src/warp-kl03-ksdk1.1-boot.c.obj
                0x000000001ffffe18                gWarpI2cTimeoutMilliseconds
 .data.clockManagerCallbackUserlevelStructure
                0x000000001ffffe1c        0xc CMakeFiles/Warp.dir/home/djb243/CW4/Warp-firmware/build/ksdk1.1/work/demos/Warp/src/warp-kl03-ksdk1.1-boot.c.obj
                0x000000001ffffe1c                clockManagerCallbackUserlevelStructure
 .data.clockCallbackTable
                0x000000001ffffe28        0x4 CMakeFiles/Warp.dir/home/djb243/CW4/Warp-firmware/build/ksdk1.1/work/demos/Warp/src/warp-kl03-ksdk1.1-boot.c.obj
 .data.acc_prev
                0x000000001ffffe2c        0x8 CMakeFiles/Warp.dir/home/djb243/CW4/Warp-firmware/build/ksdk1.1/work/demos/Warp/src/devSSD1331.c.obj
                0x000000001ffffe2c                acc_prev
 .data.inputPins
                0x000000001ffffe34       0x10 CMakeFiles/Warp.dir/home/djb243/CW4/Warp-firmware/build/ksdk1.1/work/boards/Warp/gpio_pins.c.obj
                0x000000001ffffe34                inputPins
 .data.outputPins
                0x000000001ffffe44       0xf0 CMakeFiles/Warp.dir/home/djb243/CW4/Warp-firmware/build/ksdk1.1/work/boards/Warp/gpio_pins.c.obj
                0x000000001ffffe44                outputPins
 .data.g_defaultClockConfigurations
                0x000000001fffff34       0x18 ../../../../lib/ksdk_platform_lib/armgcc/KL03Z4/release/libksdk_platform.a(fsl_clock_MKL03Z4.c.obj)
                0x000000001fffff34                g_defaultClockConfigurations
 .data.impure_data
                0x000000001fffff4c       0x60 /usr/lib/gcc/arm-none-eabi/4.9.3/../../../arm-none-eabi/lib/armv6-m/libc_nano.a(lib_a-impure.o)
 .data._impure_ptr
                0x000000001fffffac        0x4 /usr/lib/gcc/arm-none-eabi/4.9.3/../../../arm-none-eabi/lib/armv6-m/libc_nano.a(lib_a-impure.o)
                0x000000001fffffac                _impure_ptr
 *(.jcr*)
 .jcr           0x000000001fffffb0        0x0 /usr/lib/gcc/arm-none-eabi/4.9.3/armv6-m/crtbegin.o
 .jcr           0x000000001fffffb0        0x4 /usr/lib/gcc/arm-none-eabi/4.9.3/armv6-m/crtend.o
                0x000000001fffffb4                . = ALIGN (0x4)
                0x000000001fffffb4                __data_end__ = .
                0x0000000000007eb0                __DATA_END = (__DATA_ROM + (__data_end__ - __data_start__))

.tm_clone_table
                0x000000001fffffb4        0x0 load address 0x0000000000007eb0
 .tm_clone_table
                0x000000001fffffb4        0x0 /usr/lib/gcc/arm-none-eabi/4.9.3/armv6-m/crtbegin.o
 .tm_clone_table
                0x000000001fffffb4        0x0 /usr/lib/gcc/arm-none-eabi/4.9.3/armv6-m/crtend.o

.igot.plt       0x000000001fffffb4        0x0 load address 0x0000000000007eb0
 .igot.plt      0x000000001fffffb4        0x0 /usr/lib/gcc/arm-none-eabi/4.9.3/armv6-m/crtbegin.o

.bss            0x000000001fffffb4      0x31c load address 0x0000000000007eb0
                0x000000001fffffb4                . = ALIGN (0x4)
                0x000000001fffffb4                __START_BSS = .
                0x000000001fffffb4                __bss_start__ = .
 *(.bss)
 .bss           0x000000001fffffb4       0x1c /usr/lib/gcc/arm-none-eabi/4.9.3/armv6-m/crtbegin.o
 *(.bss*)
 .bss.heap_end.5228
                0x000000001fffffd0        0x4 CMakeFiles/Warp.dir/home/djb243/CW4/Warp-firmware/build/ksdk1.1/work/platform/utilities/src/fsl_misc_utilities.c.obj
 .bss.i2cMasterState
                0x000000001fffffd4       0x24 CMakeFiles/Warp.dir/home/djb243/CW4/Warp-firmware/build/ksdk1.1/work/demos/Warp/src/warp-kl03-ksdk1.1-boot.c.obj
                0x000000001fffffd4                i2cMasterState
 .bss.deviceINA219State
                0x000000001ffffff8       0x10 CMakeFiles/Warp.dir/home/djb243/CW4/Warp-firmware/build/ksdk1.1/work/demos/Warp/src/warp-kl03-ksdk1.1-boot.c.obj
                0x000000001ffffff8                deviceINA219State
 .bss.deviceMMA8451QState
                0x0000000020000008       0x10 CMakeFiles/Warp.dir/home/djb243/CW4/Warp-firmware/build/ksdk1.1/work/demos/Warp/src/warp-kl03-ksdk1.1-boot.c.obj
                0x0000000020000008                deviceMMA8451QState
 .bss.spiUserConfig
                0x0000000020000018        0x8 CMakeFiles/Warp.dir/home/djb243/CW4/Warp-firmware/build/ksdk1.1/work/demos/Warp/src/warp-kl03-ksdk1.1-boot.c.obj
                0x0000000020000018                spiUserConfig
 .bss.gWarpSleeptimeSeconds
                0x0000000020000020        0x4 CMakeFiles/Warp.dir/home/djb243/CW4/Warp-firmware/build/ksdk1.1/work/demos/Warp/src/warp-kl03-ksdk1.1-boot.c.obj
                0x0000000020000020                gWarpSleeptimeSeconds
 .bss.spiMasterState
                0x0000000020000024       0x30 CMakeFiles/Warp.dir/home/djb243/CW4/Warp-firmware/build/ksdk1.1/work/demos/Warp/src/warp-kl03-ksdk1.1-boot.c.obj
                0x0000000020000024                spiMasterState
 .bss.inBuffer  0x0000000020000054        0x1 CMakeFiles/Warp.dir/home/djb243/CW4/Warp-firmware/build/ksdk1.1/work/demos/Warp/src/devSSD1331.c.obj
                0x0000000020000054                inBuffer
 .bss.payloadBytes
                0x0000000020000055        0x1 CMakeFiles/Warp.dir/home/djb243/CW4/Warp-firmware/build/ksdk1.1/work/demos/Warp/src/devSSD1331.c.obj
                0x0000000020000055                payloadBytes
 .bss._acDownBuffer
                0x0000000020000056        0x4 CMakeFiles/Warp.dir/home/djb243/CW4/Warp-firmware/build/ksdk1.1/work/demos/Warp/src/SEGGER_RTT.c.obj
 .bss._acUpBuffer
                0x000000002000005a       0xc8 CMakeFiles/Warp.dir/home/djb243/CW4/Warp-firmware/build/ksdk1.1/work/demos/Warp/src/SEGGER_RTT.c.obj
 *fill*         0x0000000020000122        0x2 
 .bss._SEGGER_RTT
                0x0000000020000124       0x78 CMakeFiles/Warp.dir/home/djb243/CW4/Warp-firmware/build/ksdk1.1/work/demos/Warp/src/SEGGER_RTT.c.obj
                0x0000000020000124                _SEGGER_RTT
 .bss.g_taskListHead
                0x000000002000019c       0x10 ../../../../lib/ksdk_platform_lib/armgcc/KL03Z4/release/libksdk_platform.a(fsl_os_abstraction_bm.c.obj)
 .bss.g_freeTaskControlBlock
                0x00000000200001ac        0x4 ../../../../lib/ksdk_platform_lib/armgcc/KL03Z4/release/libksdk_platform.a(fsl_os_abstraction_bm.c.obj)
 .bss.g_taskControlBlockPool
                0x00000000200001b0       0x50 ../../../../lib/ksdk_platform_lib/armgcc/KL03Z4/release/libksdk_platform.a(fsl_os_abstraction_bm.c.obj)
 .bss.g_clockState
                0x0000000020000200       0x10 ../../../../lib/ksdk_platform_lib/armgcc/KL03Z4/release/libksdk_platform.a(fsl_clock_manager.c.obj)
 .bss.g_interruptDisableCount
                0x0000000020000210        0x4 ../../../../lib/ksdk_platform_lib/armgcc/KL03Z4/release/libksdk_platform.a(fsl_interrupt_manager.c.obj)
                0x0000000020000210                g_interruptDisableCount
 .bss.gPowerManagerState
                0x0000000020000214       0x10 ../../../../lib/ksdk_platform_lib/armgcc/KL03Z4/release/libksdk_platform.a(fsl_power_manager.c.obj)
 .bss.g_i2cStatePtr
                0x0000000020000224        0x4 ../../../../lib/ksdk_platform_lib/armgcc/KL03Z4/release/libksdk_platform.a(fsl_i2c_common.c.obj)
                0x0000000020000224                g_i2cStatePtr
 .bss.g_xtal0ClkFreq
                0x0000000020000228        0x4 ../../../../lib/ksdk_platform_lib/armgcc/KL03Z4/release/libksdk_platform.a(fsl_mcglite_hal.c.obj)
                0x0000000020000228                g_xtal0ClkFreq
 .bss.g_xtalRtcClkFreq
                0x000000002000022c        0x4 ../../../../lib/ksdk_platform_lib/armgcc/KL03Z4/release/libksdk_platform.a(fsl_mcglite_hal.c.obj)
                0x000000002000022c                g_xtalRtcClkFreq
 .bss.g_spiStatePtr
                0x0000000020000230        0x4 ../../../../lib/ksdk_platform_lib/armgcc/KL03Z4/release/libksdk_platform.a(fsl_spi_shared_function.c.obj)
                0x0000000020000230                g_spiStatePtr
 .bss.__malloc_sbrk_start
                0x0000000020000234        0x4 /usr/lib/gcc/arm-none-eabi/4.9.3/../../../arm-none-eabi/lib/armv6-m/libc_nano.a(lib_a-nano-mallocr.o)
                0x0000000020000234                __malloc_sbrk_start
 .bss.__malloc_free_list
                0x0000000020000238        0x4 /usr/lib/gcc/arm-none-eabi/4.9.3/../../../arm-none-eabi/lib/armv6-m/libc_nano.a(lib_a-nano-mallocr.o)
                0x0000000020000238                __malloc_free_list
 .bss._global_atexit0
                0x000000002000023c       0x8c /usr/lib/gcc/arm-none-eabi/4.9.3/../../../arm-none-eabi/lib/armv6-m/libc_nano.a(lib_a-__atexit.o)
 .bss._global_atexit
                0x00000000200002c8        0x4 /usr/lib/gcc/arm-none-eabi/4.9.3/../../../arm-none-eabi/lib/armv6-m/libc_nano.a(lib_a-__call_atexit.o)
                0x00000000200002c8                _global_atexit
 *(COMMON)
 COMMON         0x00000000200002cc        0x4 /usr/lib/gcc/arm-none-eabi/4.9.3/../../../arm-none-eabi/lib/armv6-m/libc_nano.a(lib_a-reent.o)
                0x00000000200002cc                errno
                0x00000000200002d0                . = ALIGN (0x4)
                0x00000000200002d0                __bss_end__ = .
                0x00000000200002d0                __END_BSS = .

.heap           0x00000000200002d0        0x0
                0x00000000200002d0                . = ALIGN (0x8)
                0x00000000200002d0                __end__ = .
                0x00000000200002d0                PROVIDE (end, .)
                0x00000000200002d0                __HeapBase = .
                0x00000000200002d0                . = (. + HEAP_SIZE)
                0x00000000200002d0                __HeapLimit = .

.stack          0x00000000200002d0      0x300 load address 0x00000000000081cc
                0x00000000200002d0                . = ALIGN (0x8)
                0x00000000200005d0                . = (. + STACK_SIZE)
 *fill*         0x00000000200002d0      0x300 
                0x0000000020000600                __StackTop = (ORIGIN (m_data) + LENGTH (m_data))
                0x0000000020000300                __StackLimit = (__StackTop - STACK_SIZE)
                0x0000000020000600                PROVIDE (__stack, __StackTop)

.ARM.attributes
                0x0000000000000000       0x28
 *(.ARM.attributes)
 .ARM.attributes
                0x0000000000000000       0x1e /usr/lib/gcc/arm-none-eabi/4.9.3/armv6-m/crti.o
 .ARM.attributes
                0x000000000000001e       0x2c /usr/lib/gcc/arm-none-eabi/4.9.3/armv6-m/crtbegin.o
 .ARM.attributes
                0x000000000000004a       0x1b /usr/lib/gcc/arm-none-eabi/4.9.3/../../../arm-none-eabi/lib/armv6-m/crt0.o
 .ARM.attributes
                0x0000000000000065       0x32 CMakeFiles/Warp.dir/home/djb243/CW4/Warp-firmware/build/ksdk1.1/work/platform/utilities/src/fsl_misc_utilities.c.obj
 .ARM.attributes
                0x0000000000000097       0x1b CMakeFiles/Warp.dir/home/djb243/CW4/Warp-firmware/build/ksdk1.1/work/platform/startup/MKL03Z4/gcc/startup_MKL03Z4.S.obj
 .ARM.attributes
                0x00000000000000b2       0x32 CMakeFiles/Warp.dir/home/djb243/CW4/Warp-firmware/build/ksdk1.1/work/demos/Warp/src/warp-kl03-ksdk1.1-boot.c.obj
 .ARM.attributes
                0x00000000000000e4       0x32 CMakeFiles/Warp.dir/home/djb243/CW4/Warp-firmware/build/ksdk1.1/work/demos/Warp/src/warp-kl03-ksdk1.1-powermodes.c.obj
 .ARM.attributes
                0x0000000000000116       0x32 CMakeFiles/Warp.dir/home/djb243/CW4/Warp-firmware/build/ksdk1.1/work/demos/Warp/src/devMMA8451Q.c.obj
 .ARM.attributes
                0x0000000000000148       0x32 CMakeFiles/Warp.dir/home/djb243/CW4/Warp-firmware/build/ksdk1.1/work/demos/Warp/src/devSSD1331.c.obj
 .ARM.attributes
                0x000000000000017a       0x32 CMakeFiles/Warp.dir/home/djb243/CW4/Warp-firmware/build/ksdk1.1/work/demos/Warp/src/devINA219.c.obj
 .ARM.attributes
                0x00000000000001ac       0x32 CMakeFiles/Warp.dir/home/djb243/CW4/Warp-firmware/build/ksdk1.1/work/demos/Warp/src/ergsystem.c.obj
 .ARM.attributes
                0x00000000000001de       0x32 CMakeFiles/Warp.dir/home/djb243/CW4/Warp-firmware/build/ksdk1.1/work/demos/Warp/src/SEGGER_RTT.c.obj
 .ARM.attributes
                0x0000000000000210       0x32 CMakeFiles/Warp.dir/home/djb243/CW4/Warp-firmware/build/ksdk1.1/work/demos/Warp/src/SEGGER_RTT_printf.c.obj
 .ARM.attributes
                0x0000000000000242       0x32 CMakeFiles/Warp.dir/home/djb243/CW4/Warp-firmware/build/ksdk1.1/work/platform/drivers/src/i2c/fsl_i2c_irq.c.obj
 .ARM.attributes
                0x0000000000000274       0x32 CMakeFiles/Warp.dir/home/djb243/CW4/Warp-firmware/build/ksdk1.1/work/platform/drivers/src/spi/fsl_spi_irq.c.obj
 .ARM.attributes
                0x00000000000002a6       0x32 CMakeFiles/Warp.dir/home/djb243/CW4/Warp-firmware/build/ksdk1.1/work/platform/startup/MKL03Z4/system_MKL03Z4.c.obj
 .ARM.attributes
                0x00000000000002d8       0x32 CMakeFiles/Warp.dir/home/djb243/CW4/Warp-firmware/build/ksdk1.1/work/platform/startup/startup.c.obj
 .ARM.attributes
                0x000000000000030a       0x32 CMakeFiles/Warp.dir/home/djb243/CW4/Warp-firmware/build/ksdk1.1/work/boards/Warp/gpio_pins.c.obj
 .ARM.attributes
                0x000000000000033c       0x32 ../../../../lib/ksdk_platform_lib/armgcc/KL03Z4/release/libksdk_platform.a(fsl_os_abstraction_bm.c.obj)
 .ARM.attributes
                0x000000000000036e       0x32 ../../../../lib/ksdk_platform_lib/armgcc/KL03Z4/release/libksdk_platform.a(fsl_clock_manager.c.obj)
 .ARM.attributes
                0x00000000000003a0       0x32 ../../../../lib/ksdk_platform_lib/armgcc/KL03Z4/release/libksdk_platform.a(fsl_clock_MKL03Z4.c.obj)
 .ARM.attributes
                0x00000000000003d2       0x32 ../../../../lib/ksdk_platform_lib/armgcc/KL03Z4/release/libksdk_platform.a(fsl_interrupt_manager.c.obj)
 .ARM.attributes
                0x0000000000000404       0x32 ../../../../lib/ksdk_platform_lib/armgcc/KL03Z4/release/libksdk_platform.a(fsl_power_manager.c.obj)
 .ARM.attributes
                0x0000000000000436       0x32 ../../../../lib/ksdk_platform_lib/armgcc/KL03Z4/release/libksdk_platform.a(fsl_gpio_driver.c.obj)
 .ARM.attributes
                0x0000000000000468       0x32 ../../../../lib/ksdk_platform_lib/armgcc/KL03Z4/release/libksdk_platform.a(fsl_i2c_shared_function.c.obj)
 .ARM.attributes
                0x000000000000049a       0x32 ../../../../lib/ksdk_platform_lib/armgcc/KL03Z4/release/libksdk_platform.a(fsl_i2c_common.c.obj)
 .ARM.attributes
                0x00000000000004cc       0x32 ../../../../lib/ksdk_platform_lib/armgcc/KL03Z4/release/libksdk_platform.a(fsl_i2c_master_driver.c.obj)
 .ARM.attributes
                0x00000000000004fe       0x32 ../../../../lib/ksdk_platform_lib/armgcc/KL03Z4/release/libksdk_platform.a(fsl_i2c_slave_driver.c.obj)
 .ARM.attributes
                0x0000000000000530       0x32 ../../../../lib/ksdk_platform_lib/armgcc/KL03Z4/release/libksdk_platform.a(fsl_mcglite_hal.c.obj)
 .ARM.attributes
                0x0000000000000562       0x32 ../../../../lib/ksdk_platform_lib/armgcc/KL03Z4/release/libksdk_platform.a(fsl_mcglite_hal_modes.c.obj)
 .ARM.attributes
                0x0000000000000594       0x32 ../../../../lib/ksdk_platform_lib/armgcc/KL03Z4/release/libksdk_platform.a(fsl_osc_hal.c.obj)
 .ARM.attributes
                0x00000000000005c6       0x32 ../../../../lib/ksdk_platform_lib/armgcc/KL03Z4/release/libksdk_platform.a(fsl_rtc_hal.c.obj)
 .ARM.attributes
                0x00000000000005f8       0x32 ../../../../lib/ksdk_platform_lib/armgcc/KL03Z4/release/libksdk_platform.a(fsl_rtc_driver.c.obj)
 .ARM.attributes
                0x000000000000062a       0x32 ../../../../lib/ksdk_platform_lib/armgcc/KL03Z4/release/libksdk_platform.a(fsl_rtc_common.c.obj)
 .ARM.attributes
                0x000000000000065c       0x32 ../../../../lib/ksdk_platform_lib/armgcc/KL03Z4/release/libksdk_platform.a(fsl_sim_hal_MKL03Z4.c.obj)
 .ARM.attributes
                0x000000000000068e       0x32 ../../../../lib/ksdk_platform_lib/armgcc/KL03Z4/release/libksdk_platform.a(fsl_spi_shared_function.c.obj)
 .ARM.attributes
                0x00000000000006c0       0x32 ../../../../lib/ksdk_platform_lib/armgcc/KL03Z4/release/libksdk_platform.a(fsl_spi_master_driver.c.obj)
 .ARM.attributes
                0x00000000000006f2       0x32 ../../../../lib/ksdk_platform_lib/armgcc/KL03Z4/release/libksdk_platform.a(fsl_spi_slave_driver.c.obj)
 .ARM.attributes
                0x0000000000000724       0x32 ../../../../lib/ksdk_platform_lib/armgcc/KL03Z4/release/libksdk_platform.a(fsl_spi_common.c.obj)
 .ARM.attributes
                0x0000000000000756       0x32 ../../../../lib/ksdk_platform_lib/armgcc/KL03Z4/release/libksdk_platform.a(fsl_smc_hal.c.obj)
 .ARM.attributes
                0x0000000000000788       0x32 ../../../../lib/ksdk_platform_lib/armgcc/KL03Z4/release/libksdk_platform.a(fsl_clock_manager_common.c.obj)
 .ARM.attributes
                0x00000000000007ba       0x32 ../../../../lib/ksdk_platform_lib/armgcc/KL03Z4/release/libksdk_platform.a(fsl_gpio_hal.c.obj)
 .ARM.attributes
                0x00000000000007ec       0x32 ../../../../lib/ksdk_platform_lib/armgcc/KL03Z4/release/libksdk_platform.a(fsl_gpio_common.c.obj)
 .ARM.attributes
                0x000000000000081e       0x32 ../../../../lib/ksdk_platform_lib/armgcc/KL03Z4/release/libksdk_platform.a(fsl_i2c_hal.c.obj)
 .ARM.attributes
                0x0000000000000850       0x32 ../../../../lib/ksdk_platform_lib/armgcc/KL03Z4/release/libksdk_platform.a(fsl_spi_hal.c.obj)
 .ARM.attributes
                0x0000000000000882       0x2c /usr/lib/gcc/arm-none-eabi/4.9.3/../../../arm-none-eabi/lib/armv6-m/libc_nano.a(lib_a-atexit.o)
 .ARM.attributes
                0x00000000000008ae       0x2c /usr/lib/gcc/arm-none-eabi/4.9.3/../../../arm-none-eabi/lib/armv6-m/libc_nano.a(lib_a-errno.o)
 .ARM.attributes
                0x00000000000008da       0x2c /usr/lib/gcc/arm-none-eabi/4.9.3/../../../arm-none-eabi/lib/armv6-m/libc_nano.a(lib_a-exit.o)
 .ARM.attributes
                0x0000000000000906       0x2c /usr/lib/gcc/arm-none-eabi/4.9.3/../../../arm-none-eabi/lib/armv6-m/libc_nano.a(lib_a-fini.o)
 .ARM.attributes
                0x0000000000000932       0x2c /usr/lib/gcc/arm-none-eabi/4.9.3/../../../arm-none-eabi/lib/armv6-m/libc_nano.a(lib_a-impure.o)
 .ARM.attributes
                0x000000000000095e       0x2c /usr/lib/gcc/arm-none-eabi/4.9.3/../../../arm-none-eabi/lib/armv6-m/libc_nano.a(lib_a-init.o)
 .ARM.attributes
                0x000000000000098a       0x2c /usr/lib/gcc/arm-none-eabi/4.9.3/../../../arm-none-eabi/lib/armv6-m/libc_nano.a(lib_a-malloc.o)
 .ARM.attributes
                0x00000000000009b6       0x2c /usr/lib/gcc/arm-none-eabi/4.9.3/../../../arm-none-eabi/lib/armv6-m/libc_nano.a(lib_a-memcpy.o)
 .ARM.attributes
                0x00000000000009e2       0x2c /usr/lib/gcc/arm-none-eabi/4.9.3/../../../arm-none-eabi/lib/armv6-m/libc_nano.a(lib_a-memset.o)
 .ARM.attributes
                0x0000000000000a0e       0x2c /usr/lib/gcc/arm-none-eabi/4.9.3/../../../arm-none-eabi/lib/armv6-m/libc_nano.a(lib_a-nano-freer.o)
 .ARM.attributes
                0x0000000000000a3a       0x2c /usr/lib/gcc/arm-none-eabi/4.9.3/../../../arm-none-eabi/lib/armv6-m/libc_nano.a(lib_a-nano-mallocr.o)
 .ARM.attributes
                0x0000000000000a66       0x2c /usr/lib/gcc/arm-none-eabi/4.9.3/../../../arm-none-eabi/lib/armv6-m/libc_nano.a(lib_a-sbrkr.o)
 .ARM.attributes
                0x0000000000000a92       0x2c /usr/lib/gcc/arm-none-eabi/4.9.3/../../../arm-none-eabi/lib/armv6-m/libc_nano.a(lib_a-strcpy.o)
 .ARM.attributes
                0x0000000000000abe       0x2c /usr/lib/gcc/arm-none-eabi/4.9.3/../../../arm-none-eabi/lib/armv6-m/libc_nano.a(lib_a-strlen.o)
 .ARM.attributes
                0x0000000000000aea       0x2c /usr/lib/gcc/arm-none-eabi/4.9.3/../../../arm-none-eabi/lib/armv6-m/libc_nano.a(lib_a-__atexit.o)
 .ARM.attributes
                0x0000000000000b16       0x2c /usr/lib/gcc/arm-none-eabi/4.9.3/../../../arm-none-eabi/lib/armv6-m/libc_nano.a(lib_a-__call_atexit.o)
 .ARM.attributes
                0x0000000000000b42       0x2c /usr/lib/gcc/arm-none-eabi/4.9.3/../../../arm-none-eabi/lib/armv6-m/libc_nano.a(lib_a-reent.o)
 .ARM.attributes
                0x0000000000000b6e       0x1e /usr/lib/gcc/arm-none-eabi/4.9.3/armv6-m/libgcc.a(_thumb1_case_sqi.o)
 .ARM.attributes
                0x0000000000000b8c       0x1e /usr/lib/gcc/arm-none-eabi/4.9.3/armv6-m/libgcc.a(_thumb1_case_uqi.o)
 .ARM.attributes
                0x0000000000000baa       0x1e /usr/lib/gcc/arm-none-eabi/4.9.3/armv6-m/libgcc.a(_udivsi3.o)
 .ARM.attributes
                0x0000000000000bc8       0x1e /usr/lib/gcc/arm-none-eabi/4.9.3/armv6-m/libgcc.a(_divsi3.o)
 .ARM.attributes
                0x0000000000000be6       0x1e /usr/lib/gcc/arm-none-eabi/4.9.3/armv6-m/libgcc.a(_dvmd_tls.o)
 .ARM.attributes
                0x0000000000000c04       0x2c /usr/lib/gcc/arm-none-eabi/4.9.3/armv6-m/libgcc.a(divdf3.o)
 .ARM.attributes
                0x0000000000000c30       0x2c /usr/lib/gcc/arm-none-eabi/4.9.3/armv6-m/libgcc.a(muldf3.o)
 .ARM.attributes
                0x0000000000000c5c       0x2c /usr/lib/gcc/arm-none-eabi/4.9.3/armv6-m/libgcc.a(fixdfsi.o)
 .ARM.attributes
                0x0000000000000c88       0x2c /usr/lib/gcc/arm-none-eabi/4.9.3/armv6-m/libgcc.a(floatsidf.o)
 .ARM.attributes
                0x0000000000000cb4       0x1e /usr/lib/gcc/arm-none-eabi/4.9.3/armv6-m/libgcc.a(_clzsi2.o)
 .ARM.attributes
                0x0000000000000cd2       0x2c /usr/lib/gcc/arm-none-eabi/4.9.3/../../../arm-none-eabi/lib/armv6-m/libnosys.a(_exit.o)
 .ARM.attributes
                0x0000000000000cfe       0x2c /usr/lib/gcc/arm-none-eabi/4.9.3/armv6-m/crtend.o
 .ARM.attributes
                0x0000000000000d2a       0x1e /usr/lib/gcc/arm-none-eabi/4.9.3/armv6-m/crtn.o
                0x0000000000000001                ASSERT ((__StackLimit >= __HeapLimit), region m_data overflowed with stack and heap)
OUTPUT(release/Warp.elf elf32-littlearm)

.comment        0x0000000000000000       0x70
 .comment       0x0000000000000000       0x38 /usr/lib/gcc/arm-none-eabi/4.9.3/armv6-m/crtbegin.o
                                         0x39 (size before relaxing)
 .comment       0x0000000000000038       0x39 CMakeFiles/Warp.dir/home/djb243/CW4/Warp-firmware/build/ksdk1.1/work/platform/utilities/src/fsl_misc_utilities.c.obj
 .comment       0x0000000000000038       0x39 CMakeFiles/Warp.dir/home/djb243/CW4/Warp-firmware/build/ksdk1.1/work/demos/Warp/src/warp-kl03-ksdk1.1-boot.c.obj
 .comment       0x0000000000000038       0x39 CMakeFiles/Warp.dir/home/djb243/CW4/Warp-firmware/build/ksdk1.1/work/demos/Warp/src/warp-kl03-ksdk1.1-powermodes.c.obj
 .comment       0x0000000000000038       0x39 CMakeFiles/Warp.dir/home/djb243/CW4/Warp-firmware/build/ksdk1.1/work/demos/Warp/src/devMMA8451Q.c.obj
 .comment       0x0000000000000038       0x39 CMakeFiles/Warp.dir/home/djb243/CW4/Warp-firmware/build/ksdk1.1/work/demos/Warp/src/devSSD1331.c.obj
 .comment       0x0000000000000038       0x39 CMakeFiles/Warp.dir/home/djb243/CW4/Warp-firmware/build/ksdk1.1/work/demos/Warp/src/devINA219.c.obj
 .comment       0x0000000000000038       0x39 CMakeFiles/Warp.dir/home/djb243/CW4/Warp-firmware/build/ksdk1.1/work/demos/Warp/src/ergsystem.c.obj
 .comment       0x0000000000000038       0x39 CMakeFiles/Warp.dir/home/djb243/CW4/Warp-firmware/build/ksdk1.1/work/demos/Warp/src/SEGGER_RTT.c.obj
 .comment       0x0000000000000038       0x39 CMakeFiles/Warp.dir/home/djb243/CW4/Warp-firmware/build/ksdk1.1/work/demos/Warp/src/SEGGER_RTT_printf.c.obj
 .comment       0x0000000000000038       0x39 CMakeFiles/Warp.dir/home/djb243/CW4/Warp-firmware/build/ksdk1.1/work/platform/drivers/src/i2c/fsl_i2c_irq.c.obj
 .comment       0x0000000000000038       0x39 CMakeFiles/Warp.dir/home/djb243/CW4/Warp-firmware/build/ksdk1.1/work/platform/drivers/src/spi/fsl_spi_irq.c.obj
 .comment       0x0000000000000038       0x39 CMakeFiles/Warp.dir/home/djb243/CW4/Warp-firmware/build/ksdk1.1/work/platform/startup/MKL03Z4/system_MKL03Z4.c.obj
 .comment       0x0000000000000038       0x39 CMakeFiles/Warp.dir/home/djb243/CW4/Warp-firmware/build/ksdk1.1/work/platform/startup/startup.c.obj
 .comment       0x0000000000000038       0x39 CMakeFiles/Warp.dir/home/djb243/CW4/Warp-firmware/build/ksdk1.1/work/boards/Warp/gpio_pins.c.obj
 .comment       0x0000000000000038       0x39 ../../../../lib/ksdk_platform_lib/armgcc/KL03Z4/release/libksdk_platform.a(fsl_os_abstraction_bm.c.obj)
 .comment       0x0000000000000038       0x39 ../../../../lib/ksdk_platform_lib/armgcc/KL03Z4/release/libksdk_platform.a(fsl_clock_manager.c.obj)
 .comment       0x0000000000000038       0x39 ../../../../lib/ksdk_platform_lib/armgcc/KL03Z4/release/libksdk_platform.a(fsl_clock_MKL03Z4.c.obj)
 .comment       0x0000000000000038       0x39 ../../../../lib/ksdk_platform_lib/armgcc/KL03Z4/release/libksdk_platform.a(fsl_interrupt_manager.c.obj)
 .comment       0x0000000000000038       0x39 ../../../../lib/ksdk_platform_lib/armgcc/KL03Z4/release/libksdk_platform.a(fsl_power_manager.c.obj)
 .comment       0x0000000000000038       0x39 ../../../../lib/ksdk_platform_lib/armgcc/KL03Z4/release/libksdk_platform.a(fsl_gpio_driver.c.obj)
 .comment       0x0000000000000038       0x39 ../../../../lib/ksdk_platform_lib/armgcc/KL03Z4/release/libksdk_platform.a(fsl_i2c_shared_function.c.obj)
 .comment       0x0000000000000038       0x39 ../../../../lib/ksdk_platform_lib/armgcc/KL03Z4/release/libksdk_platform.a(fsl_i2c_common.c.obj)
 .comment       0x0000000000000038       0x39 ../../../../lib/ksdk_platform_lib/armgcc/KL03Z4/release/libksdk_platform.a(fsl_i2c_master_driver.c.obj)
 .comment       0x0000000000000038       0x39 ../../../../lib/ksdk_platform_lib/armgcc/KL03Z4/release/libksdk_platform.a(fsl_i2c_slave_driver.c.obj)
 .comment       0x0000000000000038       0x39 ../../../../lib/ksdk_platform_lib/armgcc/KL03Z4/release/libksdk_platform.a(fsl_mcglite_hal.c.obj)