Archive member included to satisfy reference by file (symbol)

../../../../lib/ksdk_platform_lib/armgcc/KL03Z4/release/libksdk_platform.a(fsl_os_abstraction_bm.c.obj)
                              CMakeFiles/Warp.dir/home/djb243/CW4/Warp-firmware/build/ksdk1.1/work/demos/Warp/src/warp-kl03-ksdk1.1-boot.c.obj (OSA_TimeDelay)
../../../../lib/ksdk_platform_lib/armgcc/KL03Z4/release/libksdk_platform.a(fsl_clock_manager.c.obj)
                              CMakeFiles/Warp.dir/home/djb243/CW4/Warp-firmware/build/ksdk1.1/work/demos/Warp/src/warp-kl03-ksdk1.1-boot.c.obj (CLOCK_SYS_Init)
../../../../lib/ksdk_platform_lib/armgcc/KL03Z4/release/libksdk_platform.a(fsl_clock_MKL03Z4.c.obj)
                              ../../../../lib/ksdk_platform_lib/armgcc/KL03Z4/release/libksdk_platform.a(fsl_clock_manager.c.obj) (CLOCK_SYS_SetConfiguration)
../../../../lib/ksdk_platform_lib/armgcc/KL03Z4/release/libksdk_platform.a(fsl_interrupt_manager.c.obj)
                              ../../../../lib/ksdk_platform_lib/armgcc/KL03Z4/release/libksdk_platform.a(fsl_os_abstraction_bm.c.obj) (INT_SYS_InstallHandler)
../../../../lib/ksdk_platform_lib/armgcc/KL03Z4/release/libksdk_platform.a(fsl_power_manager.c.obj)
                              CMakeFiles/Warp.dir/home/djb243/CW4/Warp-firmware/build/ksdk1.1/work/demos/Warp/src/warp-kl03-ksdk1.1-boot.c.obj (POWER_SYS_Init)
../../../../lib/ksdk_platform_lib/armgcc/KL03Z4/release/libksdk_platform.a(fsl_gpio_driver.c.obj)
                              ../../../../lib/ksdk_platform_lib/armgcc/KL03Z4/release/libksdk_platform.a(fsl_power_manager.c.obj) (GPIO_DRV_InputPinInit)
../../../../lib/ksdk_platform_lib/armgcc/KL03Z4/release/libksdk_platform.a(fsl_i2c_shared_function.c.obj)
                              CMakeFiles/Warp.dir/home/djb243/CW4/Warp-firmware/build/ksdk1.1/work/platform/drivers/src/i2c/fsl_i2c_irq.c.obj (I2C_DRV_IRQHandler)
../../../../lib/ksdk_platform_lib/armgcc/KL03Z4/release/libksdk_platform.a(fsl_i2c_common.c.obj)
                              ../../../../lib/ksdk_platform_lib/armgcc/KL03Z4/release/libksdk_platform.a(fsl_i2c_shared_function.c.obj) (g_i2cBaseAddr)
../../../../lib/ksdk_platform_lib/armgcc/KL03Z4/release/libksdk_platform.a(fsl_i2c_master_driver.c.obj)
                              CMakeFiles/Warp.dir/home/djb243/CW4/Warp-firmware/build/ksdk1.1/work/demos/Warp/src/warp-kl03-ksdk1.1-boot.c.obj (I2C_DRV_MasterInit)
../../../../lib/ksdk_platform_lib/armgcc/KL03Z4/release/libksdk_platform.a(fsl_i2c_slave_driver.c.obj)
                              ../../../../lib/ksdk_platform_lib/armgcc/KL03Z4/release/libksdk_platform.a(fsl_i2c_shared_function.c.obj) (I2C_DRV_SlaveIRQHandler)
../../../../lib/ksdk_platform_lib/armgcc/KL03Z4/release/libksdk_platform.a(fsl_llwu_hal.c.obj)
                              ../../../../lib/ksdk_platform_lib/armgcc/KL03Z4/release/libksdk_platform.a(fsl_power_manager.c.obj) (LLWU_HAL_SetExternalInputPinMode)
../../../../lib/ksdk_platform_lib/armgcc/KL03Z4/release/libksdk_platform.a(fsl_lpuart_driver.c.obj)
                              CMakeFiles/Warp.dir/home/djb243/CW4/Warp-firmware/build/ksdk1.1/work/demos/Warp/src/warp-kl03-ksdk1.1-boot.c.obj (LPUART_DRV_Init)
../../../../lib/ksdk_platform_lib/armgcc/KL03Z4/release/libksdk_platform.a(fsl_lpuart_common.c.obj)
                              ../../../../lib/ksdk_platform_lib/armgcc/KL03Z4/release/libksdk_platform.a(fsl_lpuart_driver.c.obj) (g_lpuartRxTxIrqId)
../../../../lib/ksdk_platform_lib/armgcc/KL03Z4/release/libksdk_platform.a(fsl_mcglite_hal.c.obj)
                              ../../../../lib/ksdk_platform_lib/armgcc/KL03Z4/release/libksdk_platform.a(fsl_clock_MKL03Z4.c.obj) (CLOCK_HAL_GetInternalRefClk)
../../../../lib/ksdk_platform_lib/armgcc/KL03Z4/release/libksdk_platform.a(fsl_mcglite_hal_modes.c.obj)
                              ../../../../lib/ksdk_platform_lib/armgcc/KL03Z4/release/libksdk_platform.a(fsl_power_manager.c.obj) (CLOCK_HAL_GetMode)
../../../../lib/ksdk_platform_lib/armgcc/KL03Z4/release/libksdk_platform.a(fsl_osc_hal.c.obj)
                              ../../../../lib/ksdk_platform_lib/armgcc/KL03Z4/release/libksdk_platform.a(fsl_clock_MKL03Z4.c.obj) (OSC_HAL_SetExternalRefClkCmd)
../../../../lib/ksdk_platform_lib/armgcc/KL03Z4/release/libksdk_platform.a(fsl_rtc_hal.c.obj)
                              CMakeFiles/Warp.dir/home/djb243/CW4/Warp-firmware/build/ksdk1.1/work/demos/Warp/src/warp-kl03-ksdk1.1-powermodes.c.obj (RTC_HAL_ConvertSecsToDatetime)
../../../../lib/ksdk_platform_lib/armgcc/KL03Z4/release/libksdk_platform.a(fsl_rtc_driver.c.obj)
                              CMakeFiles/Warp.dir/home/djb243/CW4/Warp-firmware/build/ksdk1.1/work/demos/Warp/src/warp-kl03-ksdk1.1-boot.c.obj (RTC_DRV_Init)
../../../../lib/ksdk_platform_lib/armgcc/KL03Z4/release/libksdk_platform.a(fsl_rtc_common.c.obj)
                              ../../../../lib/ksdk_platform_lib/armgcc/KL03Z4/release/libksdk_platform.a(fsl_rtc_driver.c.obj) (g_rtcSecondsIrqId)
[...]
Memory Configuration

Name             Origin             Length             Attributes
m_interrupts     0x0000000000000000 0x0000000000000100 xr
m_flash_config   0x0000000000000400 0x0000000000000010 xr
m_text           0x0000000000000410 0x0000000000007bf0 xr
m_data           0x000000001ffffe00 0x0000000000000800 rw
*default*        0x0000000000000000 0xffffffffffffffff

Linker script and memory map

LOAD /usr/lib/gcc/arm-none-eabi/4.9.3/armv6-m/crti.o
LOAD /usr/lib/gcc/arm-none-eabi/4.9.3/armv6-m/crtbegin.o
LOAD /usr/lib/gcc/arm-none-eabi/4.9.3/../../../arm-none-eabi/lib/armv6-m/crt0.o
LOAD /usr/lib/gcc/arm-none-eabi/4.9.3/../../../arm-none-eabi/lib/armv6-m/libm.a
                0x0000000000000300                __stack_size__ = 0x300
                0x0000000000000000                __heap_size__ = 0x0
LOAD CMakeFiles/Warp.dir/home/djb243/CW4/Warp-firmware/build/ksdk1.1/work/platform/utilities/src/fsl_misc_utilities.c.obj
LOAD CMakeFiles/Warp.dir/home/djb243/CW4/Warp-firmware/build/ksdk1.1/work/platform/startup/MKL03Z4/gcc/startup_MKL03Z4.S.obj
LOAD CMakeFiles/Warp.dir/home/djb243/CW4/Warp-firmware/build/ksdk1.1/work/demos/Warp/src/warp-kl03-ksdk1.1-boot.c.obj
LOAD CMakeFiles/Warp.dir/home/djb243/CW4/Warp-firmware/build/ksdk1.1/work/demos/Warp/src/warp-kl03-ksdk1.1-powermodes.c.obj
LOAD CMakeFiles/Warp.dir/home/djb243/CW4/Warp-firmware/build/ksdk1.1/work/demos/Warp/src/devBMX055.c.obj
LOAD CMakeFiles/Warp.dir/home/djb243/CW4/Warp-firmware/build/ksdk1.1/work/demos/Warp/src/devMMA8451Q.c.obj
LOAD CMakeFiles/Warp.dir/home/djb243/CW4/Warp-firmware/build/ksdk1.1/work/demos/Warp/src/devHDC1000.c.obj
LOAD CMakeFiles/Warp.dir/home/djb243/CW4/Warp-firmware/build/ksdk1.1/work/demos/Warp/src/devMAG3110.c.obj
LOAD CMakeFiles/Warp.dir/home/djb243/CW4/Warp-firmware/build/ksdk1.1/work/demos/Warp/src/devL3GD20H.c.obj
LOAD CMakeFiles/Warp.dir/home/djb243/CW4/Warp-firmware/build/ksdk1.1/work/demos/Warp/src/devBME680.c.obj
LOAD CMakeFiles/Warp.dir/home/djb243/CW4/Warp-firmware/build/ksdk1.1/work/demos/Warp/src/devSSD1331.c.obj
LOAD CMakeFiles/Warp.dir/home/djb243/CW4/Warp-firmware/build/ksdk1.1/work/demos/Warp/src/devINA219.c.obj
LOAD CMakeFiles/Warp.dir/home/djb243/CW4/Warp-firmware/build/ksdk1.1/work/demos/Warp/src/ergsystem.c.obj
LOAD CMakeFiles/Warp.dir/home/djb243/CW4/Warp-firmware/build/ksdk1.1/work/demos/Warp/src/devCCS811.c.obj
LOAD CMakeFiles/Warp.dir/home/djb243/CW4/Warp-firmware/build/ksdk1.1/work/demos/Warp/src/devAMG8834.c.obj
LOAD CMakeFiles/Warp.dir/home/djb243/CW4/Warp-firmware/build/ksdk1.1/work/demos/Warp/src/SEGGER_RTT.c.obj
LOAD CMakeFiles/Warp.dir/home/djb243/CW4/Warp-firmware/build/ksdk1.1/work/demos/Warp/src/SEGGER_RTT_printf.c.obj
LOAD CMakeFiles/Warp.dir/home/djb243/CW4/Warp-firmware/build/ksdk1.1/work/platform/drivers/src/i2c/fsl_i2c_irq.c.obj
LOAD CMakeFiles/Warp.dir/home/djb243/CW4/Warp-firmware/build/ksdk1.1/work/platform/drivers/src/spi/fsl_spi_irq.c.obj
LOAD CMakeFiles/Warp.dir/home/djb243/CW4/Warp-firmware/build/ksdk1.1/work/platform/startup/MKL03Z4/system_MKL03Z4.c.obj
LOAD CMakeFiles/Warp.dir/home/djb243/CW4/Warp-firmware/build/ksdk1.1/work/platform/startup/startup.c.obj
LOAD CMakeFiles/Warp.dir/home/djb243/CW4/Warp-firmware/build/ksdk1.1/work/boards/Warp/gpio_pins.c.obj
START GROUP
LOAD ../../../../lib/ksdk_platform_lib/armgcc/KL03Z4/release/libksdk_platform.a
LOAD /usr/lib/gcc/arm-none-eabi/4.9.3/../../../arm-none-eabi/lib/armv6-m/libm.a
LOAD /usr/lib/gcc/arm-none-eabi/4.9.3/../../../arm-none-eabi/lib/armv6-m/libc_nano.a
LOAD /usr/lib/gcc/arm-none-eabi/4.9.3/armv6-m/libgcc.a
LOAD /usr/lib/gcc/arm-none-eabi/4.9.3/../../../arm-none-eabi/lib/armv6-m/libnosys.a
END GROUP
START GROUP
LOAD /usr/lib/gcc/arm-none-eabi/4.9.3/armv6-m/libgcc.a
LOAD /usr/lib/gcc/arm-none-eabi/4.9.3/../../../arm-none-eabi/lib/armv6-m/libc_nano.a
END GROUP
START GROUP
LOAD /usr/lib/gcc/arm-none-eabi/4.9.3/armv6-m/libgcc.a
LOAD /usr/lib/gcc/arm-none-eabi/4.9.3/../../../arm-none-eabi/lib/armv6-m/libc_nano.a
END GROUP
LOAD /usr/lib/gcc/arm-none-eabi/4.9.3/armv6-m/crtend.o
LOAD /usr/lib/gcc/arm-none-eabi/4.9.3/armv6-m/crtn.o
                0x0000000000000200                HEAP_SIZE = DEFINED (__heap_size__)?__heap_size__:0x200
                0x0000000000000050                STACK_SIZE = DEFINED (__stack_size__)?__stack_size__:0x50
                0x0000000000000000                M_VECTOR_RAM_SIZE = DEFINED (__ram_vector_table__)?0x100:0x0

.interrupts     0x0000000000000000       0xc0
                0x0000000000000000                __VECTOR_TABLE = .
                0x0000000000000000                . = ALIGN (0x4)
 *(.isr_vector)
 .isr_vector    0x0000000000000000       0xc0 CMakeFiles/Warp.dir/home/djb243/CW4/Warp-firmware/build/ksdk1.1/work/platform/startup/MKL03Z4/gcc/startup_MKL03Z4.S.obj
                0x0000000000000000                __isr_vector
                0x00000000000000c0                . = ALIGN (0x4)

.flash_config   0x0000000000000400       0x10
                0x0000000000000400                . = ALIGN (0x4)
 *(.FlashConfig)
 .FlashConfig   0x0000000000000400       0x10 CMakeFiles/Warp.dir/home/djb243/CW4/Warp-firmware/build/ksdk1.1/work/platform/startup/MKL03Z4/gcc/startup_MKL03Z4.S.obj
                0x0000000000000410                . = ALIGN (0x4)

.text           0x0000000000000410     0xa200
                0x0000000000000410                . = ALIGN (0x4)
 *(.text)
 .text          0x0000000000000410       0xb4 /usr/lib/gcc/arm-none-eabi/4.9.3/armv6-m/crtbegin.o
 .text          0x00000000000004c4       0x6c /usr/lib/gcc/arm-none-eabi/4.9.3/../../../arm-none-eabi/lib/armv6-m/crt0.o
                0x00000000000004c4                _mainCRTStartup
                0x00000000000004c4                _start
 .text          0x0000000000000530       0x30 CMakeFiles/Warp.dir/home/djb243/CW4/Warp-firmware/build/ksdk1.1/work/platform/startup/MKL03Z4/gcc/startup_MKL03Z4.S.obj
                0x0000000000000530                Reset_Handler
                0x0000000000000558                Reserved18_IRQHandler
                0x0000000000000558                Reserved16_IRQHandler
                0x0000000000000558                HardFault_Handler
                0x0000000000000558                SysTick_Handler
                0x0000000000000558                PendSV_Handler
                0x0000000000000558                NMI_Handler
                0x0000000000000558                Reserved19_IRQHandler
                0x0000000000000558                Reserved29_IRQHandler
                0x0000000000000558                TPM0_IRQHandler
                0x0000000000000558                LLWU_IRQHandler
                0x0000000000000558                Reserved42_IRQHandler
                0x0000000000000558                ADC0_IRQHandler
                0x0000000000000558                Reserved39_IRQHandler
                0x0000000000000558                DefaultISR
                0x0000000000000558                Reserved25_IRQHandler
                0x0000000000000558                PORTB_IRQHandler
                0x0000000000000558                Reserved43_IRQHandler
                0x0000000000000558                Reserved27_IRQHandler
                0x0000000000000558                Reserved35_IRQHandler
                0x0000000000000558                Reserved20_IRQHandler
                0x0000000000000558                Reserved17_IRQHandler
                0x0000000000000558                Reserved41_IRQHandler
                0x0000000000000558                SVC_Handler
                0x0000000000000558                LPUART0_IRQHandler
                0x0000000000000558                Reserved45_IRQHandler
                0x0000000000000558                Reserved30_IRQHandler
                0x0000000000000558                PMC_IRQHandler
                0x0000000000000558                TPM1_IRQHandler
                0x0000000000000558                PORTA_IRQHandler
                0x0000000000000558                FTFA_IRQHandler
                0x0000000000000558                Reserved40_IRQHandler
                0x0000000000000558                Reserved38_IRQHandler
                0x0000000000000558                LPTMR0_IRQHandler
                0x0000000000000558                CMP0_IRQHandler
 .text          0x0000000000000560       0x14 /usr/lib/gcc/arm-none-eabi/4.9.3/armv6-m/libgcc.a(_thumb1_case_sqi.o)
                0x0000000000000560                __gnu_thumb1_case_sqi
 .text          0x0000000000000574       0x14 /usr/lib/gcc/arm-none-eabi/4.9.3/armv6-m/libgcc.a(_thumb1_case_uqi.o)
                0x0000000000000574                __gnu_thumb1_case_uqi
 .text          0x0000000000000588      0x120 /usr/lib/gcc/arm-none-eabi/4.9.3/armv6-m/libgcc.a(_udivsi3.o)
                0x0000000000000588                __udivsi3
                0x0000000000000588                __aeabi_uidiv
                0x0000000000000694                __aeabi_uidivmod
 .text          0x00000000000006a8      0x1e0 /usr/lib/gcc/arm-none-eabi/4.9.3/armv6-m/libgcc.a(_divsi3.o)
                0x00000000000006a8                __aeabi_idiv
                0x00000000000006a8                __divsi3
                0x0000000000000874                __aeabi_idivmod
 .text          0x0000000000000888        0x4 /usr/lib/gcc/arm-none-eabi/4.9.3/armv6-m/libgcc.a(_dvmd_tls.o)
                0x0000000000000888                __aeabi_ldiv0
                0x0000000000000888                __aeabi_idiv0
 .text          0x000000000000088c       0x7c /usr/lib/gcc/arm-none-eabi/4.9.3/armv6-m/libgcc.a(_arm_cmpdf2.o)
                0x000000000000088c                __aeabi_cdrcmple
                0x000000000000089c                __aeabi_cdcmple
                0x000000000000089c                __aeabi_cdcmpeq
                0x00000000000008ac                __aeabi_dcmpeq
                0x00000000000008b8                __aeabi_dcmplt
                0x00000000000008cc                __aeabi_dcmple
                0x00000000000008e0                __aeabi_dcmpgt
                0x00000000000008f4                __aeabi_dcmpge
 .text          0x0000000000000908       0x3c /usr/lib/gcc/arm-none-eabi/4.9.3/armv6-m/libgcc.a(_fixunsdfsi.o)
                0x0000000000000908                __fixunsdfsi
                0x0000000000000908                __aeabi_d2uiz
 .text          0x0000000000000944      0x650 /usr/lib/gcc/arm-none-eabi/4.9.3/armv6-m/libgcc.a(adddf3.o)
                0x0000000000000944                __aeabi_dadd
 .text          0x0000000000000f94      0x648 /usr/lib/gcc/arm-none-eabi/4.9.3/armv6-m/libgcc.a(divdf3.o)
                0x0000000000000f94                __aeabi_ddiv
 .text          0x00000000000015dc       0x88 /usr/lib/gcc/arm-none-eabi/4.9.3/armv6-m/libgcc.a(eqdf2.o)
                0x00000000000015dc                __eqdf2
                0x00000000000015dc                __nedf2
 .text          0x0000000000001664       0xe0 /usr/lib/gcc/arm-none-eabi/4.9.3/armv6-m/libgcc.a(gedf2.o)
                0x0000000000001664                __gtdf2
                0x0000000000001664                __gedf2
 .text          0x0000000000001744       0xcc /usr/lib/gcc/arm-none-eabi/4.9.3/armv6-m/libgcc.a(ledf2.o)
                0x0000000000001744                __ltdf2
                0x0000000000001744                __ledf2
 .text          0x0000000000001810      0x534 /usr/lib/gcc/arm-none-eabi/4.9.3/armv6-m/libgcc.a(muldf3.o)
                0x0000000000001810                __aeabi_dmul
 .text          0x0000000000001d44      0x6f4 /usr/lib/gcc/arm-none-eabi/4.9.3/armv6-m/libgcc.a(subdf3.o)
                0x0000000000001d44                __aeabi_dsub
 .text          0x0000000000002438       0x6c /usr/lib/gcc/arm-none-eabi/4.9.3/armv6-m/libgcc.a(fixdfsi.o)
                0x0000000000002438                __aeabi_d2iz
 .text          0x00000000000024a4       0x78 /usr/lib/gcc/arm-none-eabi/4.9.3/armv6-m/libgcc.a(floatsidf.o)
                0x00000000000024a4                __aeabi_i2d
 .text          0x000000000000251c       0x3c /usr/lib/gcc/arm-none-eabi/4.9.3/armv6-m/libgcc.a(_clzsi2.o)
                0x000000000000251c                __clzsi2
 *(.text*)
 .text._sbrk    0x0000000000002558       0x38 CMakeFiles/Warp.dir/home/djb243/CW4/Warp-firmware/build/ksdk1.1/work/platform/utilities/src/fsl_misc_utilities.c.obj
                0x0000000000002558                _sbrk
 .text.clockManagerCallbackRoutine
                0x0000000000002590        0xc CMakeFiles/Warp.dir/home/djb243/CW4/Warp-firmware/build/ksdk1.1/work/demos/Warp/src/warp-kl03-ksdk1.1-boot.c.obj
                0x0000000000002590                clockManagerCallbackRoutine
 .text.callback0
                0x000000000000259c       0x14 CMakeFiles/Warp.dir/home/djb243/CW4/Warp-firmware/build/ksdk1.1/work/demos/Warp/src/warp-kl03-ksdk1.1-boot.c.obj
                0x000000000000259c                callback0
 .text.RTC_IRQHandler
                0x00000000000025b0       0x16 CMakeFiles/Warp.dir/home/djb243/CW4/Warp-firmware/build/ksdk1.1/work/demos/Warp/src/warp-kl03-ksdk1.1-boot.c.obj
                0x00000000000025b0                RTC_IRQHandler
 *fill*         0x00000000000025c6        0x2 
 .text.RTC_Seconds_IRQHandler
                0x00000000000025c8       0x10 CMakeFiles/Warp.dir/home/djb243/CW4/Warp-firmware/build/ksdk1.1/work/demos/Warp/src/warp-kl03-ksdk1.1-boot.c.obj
                0x00000000000025c8                RTC_Seconds_IRQHandler
 .text.enableSPIpins
                0x00000000000025d8       0x5c CMakeFiles/Warp.dir/home/djb243/CW4/Warp-firmware/build/ksdk1.1/work/demos/Warp/src/warp-kl03-ksdk1.1-boot.c.obj
                0x00000000000025d8                enableSPIpins
 .text.disableSPIpins
                0x0000000000002634       0x40 CMakeFiles/Warp.dir/home/djb243/CW4/Warp-firmware/build/ksdk1.1/work/demos/Warp/src/warp-kl03-ksdk1.1-boot.c.obj
                0x0000000000002634                disableSPIpins
 .text.enableI2Cpins
                0x0000000000002674       0x2c CMakeFiles/Warp.dir/home/djb243/CW4/Warp-firmware/build/ksdk1.1/work/demos/Warp/src/warp-kl03-ksdk1.1-boot.c.obj
                0x0000000000002674                enableI2Cpins
 .text.disableI2Cpins
                0x00000000000026a0       0x34 CMakeFiles/Warp.dir/home/djb243/CW4/Warp-firmware/build/ksdk1.1/work/demos/Warp/src/warp-kl03-ksdk1.1-boot.c.obj
                0x00000000000026a0                disableI2Cpins
 .text.lowPowerPinStates
                0x00000000000026d4      0x12c CMakeFiles/Warp.dir/home/djb243/CW4/Warp-firmware/build/ksdk1.1/work/demos/Warp/src/warp-kl03-ksdk1.1-boot.c.obj
                0x00000000000026d4                lowPowerPinStates
 .text.disableTPS82740A
                0x0000000000002800        0xa CMakeFiles/Warp.dir/home/djb243/CW4/Warp-firmware/build/ksdk1.1/work/demos/Warp/src/warp-kl03-ksdk1.1-boot.c.obj
                0x0000000000002800                disableTPS82740A
 .text.disableTPS82740B
                0x000000000000280a        0xa CMakeFiles/Warp.dir/home/djb243/CW4/Warp-firmware/build/ksdk1.1/work/demos/Warp/src/warp-kl03-ksdk1.1-boot.c.obj
                0x000000000000280a                disableTPS82740B
 .text.setTPS82740CommonControlLines
                0x0000000000002814      0x118 CMakeFiles/Warp.dir/home/djb243/CW4/Warp-firmware/build/ksdk1.1/work/demos/Warp/src/warp-kl03-ksdk1.1-boot.c.obj
                0x0000000000002814                setTPS82740CommonControlLines
 .text.enableTPS82740A
                0x000000000000292c       0x1c CMakeFiles/Warp.dir/home/djb243/CW4/Warp-firmware/build/ksdk1.1/work/demos/Warp/src/warp-kl03-ksdk1.1-boot.c.obj
                0x000000000000292c                enableTPS82740A
 .text.enableTPS82740B
                0x0000000000002948       0x1c CMakeFiles/Warp.dir/home/djb243/CW4/Warp-firmware/build/ksdk1.1/work/demos/Warp/src/warp-kl03-ksdk1.1-boot.c.obj
                0x0000000000002948                enableTPS82740B
 .text.enableSssupply
                0x0000000000002964       0x40 CMakeFiles/Warp.dir/home/djb243/CW4/Warp-firmware/build/ksdk1.1/work/demos/Warp/src/warp-kl03-ksdk1.1-boot.c.obj
                0x0000000000002964                enableSssupply
 .text.disableSssupply
                0x00000000000029a4       0x20 CMakeFiles/Warp.dir/home/djb243/CW4/Warp-firmware/build/ksdk1.1/work/demos/Warp/src/warp-kl03-ksdk1.1-boot.c.obj
                0x00000000000029a4                disableSssupply
 .text.warpLowPowerSecondsSleep
                0x00000000000029c4       0x1e CMakeFiles/Warp.dir/home/djb243/CW4/Warp-firmware/build/ksdk1.1/work/demos/Warp/src/warp-kl03-ksdk1.1-boot.c.obj
                0x00000000000029c4                warpLowPowerSecondsSleep
 .text.sleepUntilReset
                0x00000000000029e2       0x14 CMakeFiles/Warp.dir/home/djb243/CW4/Warp-firmware/build/ksdk1.1/work/demos/Warp/src/warp-kl03-ksdk1.1-boot.c.obj
                0x00000000000029e2                sleepUntilReset
 *fill*         0x00000000000029f6        0x2 
 .text.printAllSensors
                0x00000000000029f8       0xac CMakeFiles/Warp.dir/home/djb243/CW4/Warp-firmware/build/ksdk1.1/work/demos/Warp/src/warp-kl03-ksdk1.1-boot.c.obj
                0x00000000000029f8                printAllSensors
 .text.loopForSensor
                0x0000000000002aa4      0x1c8 CMakeFiles/Warp.dir/home/djb243/CW4/Warp-firmware/build/ksdk1.1/work/demos/Warp/src/warp-kl03-ksdk1.1-boot.c.obj
                0x0000000000002aa4                loopForSensor
 .text.repeatRegisterReadForDeviceAndAddress
                0x0000000000002c6c      0x18c CMakeFiles/Warp.dir/home/djb243/CW4/Warp-firmware/build/ksdk1.1/work/demos/Warp/src/warp-kl03-ksdk1.1-boot.c.obj
                0x0000000000002c6c                repeatRegisterReadForDeviceAndAddress
 .text.char2int
                0x0000000000002df8       0x28 CMakeFiles/Warp.dir/home/djb243/CW4/Warp-firmware/build/ksdk1.1/work/demos/Warp/src/warp-kl03-ksdk1.1-boot.c.obj
                0x0000000000002df8                char2int
 .text.readHexByte
                0x0000000000002e20       0x2a CMakeFiles/Warp.dir/home/djb243/CW4/Warp-firmware/build/ksdk1.1/work/demos/Warp/src/warp-kl03-ksdk1.1-boot.c.obj
                0x0000000000002e20                readHexByte
 .text.read4digits
                0x0000000000002e4a       0x42 CMakeFiles/Warp.dir/home/djb243/CW4/Warp-firmware/build/ksdk1.1/work/demos/Warp/src/warp-kl03-ksdk1.1-boot.c.obj
                0x0000000000002e4a                read4digits
 .text.writeByteToI2cDeviceRegister
                0x0000000000002e8c       0x44 CMakeFiles/Warp.dir/home/djb243/CW4/Warp-firmware/build/ksdk1.1/work/demos/Warp/src/warp-kl03-ksdk1.1-boot.c.obj
                0x0000000000002e8c                writeByteToI2cDeviceRegister
 .text.writeBytesToSpi
                0x0000000000002ed0       0x40 CMakeFiles/Warp.dir/home/djb243/CW4/Warp-firmware/build/ksdk1.1/work/demos/Warp/src/warp-kl03-ksdk1.1-boot.c.obj
                0x0000000000002ed0                writeBytesToSpi
 .text.powerupAllSensors
                0x0000000000002f10       0x10 CMakeFiles/Warp.dir/home/djb243/CW4/Warp-firmware/build/ksdk1.1/work/demos/Warp/src/warp-kl03-ksdk1.1-boot.c.obj
                0x0000000000002f10                powerupAllSensors
 .text.activateAllLowPowerSensorModes
                0x0000000000002f20       0x34 CMakeFiles/Warp.dir/home/djb243/CW4/Warp-firmware/build/ksdk1.1/work/demos/Warp/src/warp-kl03-ksdk1.1-boot.c.obj
                0x0000000000002f20                activateAllLowPowerSensorModes
 .text.startup.main
                0x0000000000002f54     0x1094 CMakeFiles/Warp.dir/home/djb243/CW4/Warp-firmware/build/ksdk1.1/work/demos/Warp/src/warp-kl03-ksdk1.1-boot.c.obj
                0x0000000000002f54                main
 .text.setSleepRtcAlarm
                0x0000000000003fe8       0x2e CMakeFiles/Warp.dir/home/djb243/CW4/Warp-firmware/build/ksdk1.1/work/demos/Warp/src/warp-kl03-ksdk1.1-powermodes.c.obj
 *fill*         0x0000000000004016        0x2 
 .text.gpioDisableWakeUp
                0x0000000000004018       0x18 CMakeFiles/Warp.dir/home/djb243/CW4/Warp-firmware/build/ksdk1.1/work/demos/Warp/src/warp-kl03-ksdk1.1-powermodes.c.obj
                0x0000000000004018                gpioDisableWakeUp
 .text.warpSetLowPowerMode
                0x0000000000004030       0xec CMakeFiles/Warp.dir/home/djb243/CW4/Warp-firmware/build/ksdk1.1/work/demos/Warp/src/warp-kl03-ksdk1.1-powermodes.c.obj
                0x0000000000004030                warpSetLowPowerMode
 .text.writeSensorRegisterMMA8451Q.part.0
                0x000000000000411c       0x44 CMakeFiles/Warp.dir/home/djb243/CW4/Warp-firmware/build/ksdk1.1/work/demos/Warp/src/devMMA8451Q.c.obj
 .text.initMMA8451Q
                0x0000000000004160        0xa CMakeFiles/Warp.dir/home/djb243/CW4/Warp-firmware/build/ksdk1.1/work/demos/Warp/src/devMMA8451Q.c.obj
                0x0000000000004160                initMMA8451Q
 .text.writeSensorRegisterMMA8451Q
                0x000000000000416a       0x46 CMakeFiles/Warp.dir/home/djb243/CW4/Warp-firmware/build/ksdk1.1/work/demos/Warp/src/devMMA8451Q.c.obj
                0x000000000000416a                writeSensorRegisterMMA8451Q
 .text.configureSensorMMA8451Q
                0x00000000000041b0       0x1e CMakeFiles/Warp.dir/home/djb243/CW4/Warp-firmware/build/ksdk1.1/work/demos/Warp/src/devMMA8451Q.c.obj
                0x00000000000041b0                configureSensorMMA8451Q
 *fill*         0x00000000000041ce        0x2 
 .text.readSensorRegisterMMA8451Q
                0x00000000000041d0       0x64 CMakeFiles/Warp.dir/home/djb243/CW4/Warp-firmware/build/ksdk1.1/work/demos/Warp/src/devMMA8451Q.c.obj
                0x00000000000041d0                readSensorRegisterMMA8451Q
 .text.printSensorDataMMA8451Q
                0x0000000000004234       0xe4 CMakeFiles/Warp.dir/home/djb243/CW4/Warp-firmware/build/ksdk1.1/work/demos/Warp/src/devMMA8451Q.c.obj
                0x0000000000004234                printSensorDataMMA8451Q
 .text.writeCommand
                0x0000000000004318       0x4c CMakeFiles/Warp.dir/home/djb243/CW4/Warp-firmware/build/ksdk1.1/work/demos/Warp/src/devSSD1331.c.obj
 .text.default_colour
                0x0000000000004364       0x18 CMakeFiles/Warp.dir/home/djb243/CW4/Warp-firmware/build/ksdk1.1/work/demos/Warp/src/devSSD1331.c.obj
                0x0000000000004364                default_colour
 .text.recttest
                0x000000000000437c       0x2c CMakeFiles/Warp.dir/home/djb243/CW4/Warp-firmware/build/ksdk1.1/work/demos/Warp/src/devSSD1331.c.obj
                0x000000000000437c                recttest
 .text.drawone  0x00000000000043a8       0x32 CMakeFiles/Warp.dir/home/djb243/CW4/Warp-firmware/build/ksdk1.1/work/demos/Warp/src/devSSD1331.c.obj
                0x00000000000043a8                drawone
 .text.drawtwo  0x00000000000043da       0xc4 CMakeFiles/Warp.dir/home/djb243/CW4/Warp-firmware/build/ksdk1.1/work/demos/Warp/src/devSSD1331.c.obj
                0x00000000000043da                drawtwo
 .text.drawthree
                0x000000000000449e       0xa2 CMakeFiles/Warp.dir/home/djb243/CW4/Warp-firmware/build/ksdk1.1/work/demos/Warp/src/devSSD1331.c.obj
                0x000000000000449e                drawthree
 .text.drawfour
                0x0000000000004540       0x84 CMakeFiles/Warp.dir/home/djb243/CW4/Warp-firmware/build/ksdk1.1/work/demos/Warp/src/devSSD1331.c.obj
                0x0000000000004540                drawfour
 .text.drawfive
                0x00000000000045c4       0xc4 CMakeFiles/Warp.dir/home/djb243/CW4/Warp-firmware/build/ksdk1.1/work/demos/Warp/src/devSSD1331.c.obj
                0x00000000000045c4                drawfive
 .text.drawsix  0x0000000000004688       0xc4 CMakeFiles/Warp.dir/home/djb243/CW4/Warp-firmware/build/ksdk1.1/work/demos/Warp/src/devSSD1331.c.obj
                0x0000000000004688                drawsix
 .text.drawseven
                0x000000000000474c       0x54 CMakeFiles/Warp.dir/home/djb243/CW4/Warp-firmware/build/ksdk1.1/work/demos/Warp/src/devSSD1331.c.obj
                0x000000000000474c                drawseven
 .text.draweight
                0x00000000000047a0       0xc4 CMakeFiles/Warp.dir/home/djb243/CW4/Warp-firmware/build/ksdk1.1/work/demos/Warp/src/devSSD1331.c.obj
                0x00000000000047a0                draweight
 .text.drawnine
                0x0000000000004864       0xa0 CMakeFiles/Warp.dir/home/djb243/CW4/Warp-firmware/build/ksdk1.1/work/demos/Warp/src/devSSD1331.c.obj
                0x0000000000004864                drawnine
 .text.drawzero
                0x0000000000004904       0xc0 CMakeFiles/Warp.dir/home/djb243/CW4/Warp-firmware/build/ksdk1.1/work/demos/Warp/src/devSSD1331.c.obj
                0x0000000000004904                drawzero
 .text.clearscreen
                0x00000000000049c4       0x24 CMakeFiles/Warp.dir/home/djb243/CW4/Warp-firmware/build/ksdk1.1/work/demos/Warp/src/devSSD1331.c.obj
                0x00000000000049c4                clearscreen
 .text.clearscreenupper
                0x00000000000049e8       0x24 CMakeFiles/Warp.dir/home/djb243/CW4/Warp-firmware/build/ksdk1.1/work/demos/Warp/src/devSSD1331.c.obj
                0x00000000000049e8                clearscreenupper
 .text.clearscreenlower
                0x0000000000004a0c       0x24 CMakeFiles/Warp.dir/home/djb243/CW4/Warp-firmware/build/ksdk1.1/work/demos/Warp/src/devSSD1331.c.obj
                0x0000000000004a0c                clearscreenlower
 .text.writetoscreenupper
                0x0000000000004a30       0x96 CMakeFiles/Warp.dir/home/djb243/CW4/Warp-firmware/build/ksdk1.1/work/demos/Warp/src/devSSD1331.c.obj
                0x0000000000004a30                writetoscreenupper
 .text.writetoscreenlower
                0x0000000000004ac6       0x96 CMakeFiles/Warp.dir/home/djb243/CW4/Warp-firmware/build/ksdk1.1/work/demos/Warp/src/devSSD1331.c.obj
                0x0000000000004ac6                writetoscreenlower
 .text.writetoscreenboth
                0x0000000000004b5c       0xb8 CMakeFiles/Warp.dir/home/djb243/CW4/Warp-firmware/build/ksdk1.1/work/demos/Warp/src/devSSD1331.c.obj
                0x0000000000004b5c                writetoscreenboth
 .text.writetoscreen
                0x0000000000004c14       0x54 CMakeFiles/Warp.dir/home/djb243/CW4/Warp-firmware/build/ksdk1.1/work/demos/Warp/src/devSSD1331.c.obj
                0x0000000000004c14                writetoscreen
 .text.pullingforceprint
                0x0000000000004c68       0x48 CMakeFiles/Warp.dir/home/djb243/CW4/Warp-firmware/build/ksdk1.1/work/demos/Warp/src/devSSD1331.c.obj
                0x0000000000004c68                pullingforceprint
 .text.devSSD1331init
                0x0000000000004cb0      0x158 CMakeFiles/Warp.dir/home/djb243/CW4/Warp-firmware/build/ksdk1.1/work/demos/Warp/src/devSSD1331.c.obj
                0x0000000000004cb0                devSSD1331init
 .text.initINA219
                0x0000000000004e08        0xa CMakeFiles/Warp.dir/home/djb243/CW4/Warp-firmware/build/ksdk1.1/work/demos/Warp/src/devINA219.c.obj
                0x0000000000004e08                initINA219
 *fill*         0x0000000000004e12        0x2 
 .text.writeSensorRegisterINA219
                0x0000000000004e14       0x54 CMakeFiles/Warp.dir/home/djb243/CW4/Warp-firmware/build/ksdk1.1/work/demos/Warp/src/devINA219.c.obj
                0x0000000000004e14                writeSensorRegisterINA219
 .text.readSensorRegisterINA219
                0x0000000000004e68       0x54 CMakeFiles/Warp.dir/home/djb243/CW4/Warp-firmware/build/ksdk1.1/work/demos/Warp/src/devINA219.c.obj
                0x0000000000004e68                readSensorRegisterINA219
 .text.intsplittoarraylower
                0x0000000000004ebc       0x12 CMakeFiles/Warp.dir/home/djb243/CW4/Warp-firmware/build/ksdk1.1/work/demos/Warp/src/ergsystem.c.obj
                0x0000000000004ebc                intsplittoarraylower
 .text.intsplittoarrayupper
                0x0000000000004ece       0x24 CMakeFiles/Warp.dir/home/djb243/CW4/Warp-firmware/build/ksdk1.1/work/demos/Warp/src/ergsystem.c.obj
                0x0000000000004ece                intsplittoarrayupper
 .text.reduce_accel_array_resize_offset
                0x0000000000004ef2       0x30 CMakeFiles/Warp.dir/home/djb243/CW4/Warp-firmware/build/ksdk1.1/work/demos/Warp/src/ergsystem.c.obj
                0x0000000000004ef2                reduce_accel_array_resize_offset
 .text._GetAvailWriteSpace
                0x0000000000004f22       0x16 CMakeFiles/Warp.dir/home/djb243/CW4/Warp-firmware/build/ksdk1.1/work/demos/Warp/src/SEGGER_RTT.c.obj
 .text._WriteNoCheck
                0x0000000000004f38       0x38 CMakeFiles/Warp.dir/home/djb243/CW4/Warp-firmware/build/ksdk1.1/work/demos/Warp/src/SEGGER_RTT.c.obj
 .text._WriteBlocking
                0x0000000000004f70       0x5c CMakeFiles/Warp.dir/home/djb243/CW4/Warp-firmware/build/ksdk1.1/work/demos/Warp/src/SEGGER_RTT.c.obj
 .text._DoInit  0x0000000000004fcc       0x5c CMakeFiles/Warp.dir/home/djb243/CW4/Warp-firmware/build/ksdk1.1/work/demos/Warp/src/SEGGER_RTT.c.obj
 .text.SEGGER_RTT_ReadNoLock
                0x0000000000005028       0xac CMakeFiles/Warp.dir/home/djb243/CW4/Warp-firmware/build/ksdk1.1/work/demos/Warp/src/SEGGER_RTT.c.obj
                0x0000000000005028                SEGGER_RTT_ReadNoLock
 .text.SEGGER_RTT_Read
                0x00000000000050d4       0x1a CMakeFiles/Warp.dir/home/djb243/CW4/Warp-firmware/build/ksdk1.1/work/demos/Warp/src/SEGGER_RTT.c.obj
                0x00000000000050d4                SEGGER_RTT_Read
 *fill*         0x00000000000050ee        0x2 
 .text.SEGGER_RTT_WriteNoLock
                0x00000000000050f0       0x60 CMakeFiles/Warp.dir/home/djb243/CW4/Warp-firmware/build/ksdk1.1/work/demos/Warp/src/SEGGER_RTT.c.obj
                0x00000000000050f0                SEGGER_RTT_WriteNoLock
 .text.SEGGER_RTT_Write
                0x0000000000005150       0x34 CMakeFiles/Warp.dir/home/djb243/CW4/Warp-firmware/build/ksdk1.1/work/demos/Warp/src/SEGGER_RTT.c.obj
                0x0000000000005150                SEGGER_RTT_Write
 .text.SEGGER_RTT_WriteString
                0x0000000000005184       0x18 CMakeFiles/Warp.dir/home/djb243/CW4/Warp-firmware/build/ksdk1.1/work/demos/Warp/src/SEGGER_RTT.c.obj
                0x0000000000005184                SEGGER_RTT_WriteString
 .text.SEGGER_RTT_GetKey
                0x000000000000519c       0x1e CMakeFiles/Warp.dir/home/djb243/CW4/Warp-firmware/build/ksdk1.1/work/demos/Warp/src/SEGGER_RTT.c.obj
                0x000000000000519c                SEGGER_RTT_GetKey
 .text.SEGGER_RTT_WaitKey
                0x00000000000051ba        0xc CMakeFiles/Warp.dir/home/djb243/CW4/Warp-firmware/build/ksdk1.1/work/demos/Warp/src/SEGGER_RTT.c.obj
                0x00000000000051ba                SEGGER_RTT_WaitKey
 *fill*         0x00000000000051c6        0x2 
 .text.SEGGER_RTT_ConfigUpBuffer
                0x00000000000051c8       0x60 CMakeFiles/Warp.dir/home/djb243/CW4/Warp-firmware/build/ksdk1.1/work/demos/Warp/src/SEGGER_RTT.c.obj
                0x00000000000051c8                SEGGER_RTT_ConfigUpBuffer
 .text._StoreChar
                0x0000000000005228       0x3e CMakeFiles/Warp.dir/home/djb243/CW4/Warp-firmware/build/ksdk1.1/work/demos/Warp/src/SEGGER_RTT_printf.c.obj
 *fill*         0x0000000000005266        0x2 
 .text._PrintUnsigned
                0x0000000000005268       0xe0 CMakeFiles/Warp.dir/home/djb243/CW4/Warp-firmware/build/ksdk1.1/work/demos/Warp/src/SEGGER_RTT_printf.c.obj
 .text.SEGGER_RTT_vprintf
                0x0000000000005348      0x25c CMakeFiles/Warp.dir/home/djb243/CW4/Warp-firmware/build/ksdk1.1/work/demos/Warp/src/SEGGER_RTT_printf.c.obj
                0x0000000000005348                SEGGER_RTT_vprintf
 .text.SEGGER_RTT_printf
                0x00000000000055a4       0x18 CMakeFiles/Warp.dir/home/djb243/CW4/Warp-firmware/build/ksdk1.1/work/demos/Warp/src/SEGGER_RTT_printf.c.obj
                0x00000000000055a4                SEGGER_RTT_printf
 .text.I2C0_IRQHandler
                0x00000000000055bc        0xa CMakeFiles/Warp.dir/home/djb243/CW4/Warp-firmware/build/ksdk1.1/work/platform/drivers/src/i2c/fsl_i2c_irq.c.obj
                0x00000000000055bc                I2C0_IRQHandler
 .text.SPI0_IRQHandler
                0x00000000000055c6        0xa CMakeFiles/Warp.dir/home/djb243/CW4/Warp-firmware/build/ksdk1.1/work/platform/drivers/src/spi/fsl_spi_irq.c.obj
                0x00000000000055c6                SPI0_IRQHandler
 .text.SystemInit
                0x00000000000055d0       0x84 CMakeFiles/Warp.dir/home/djb243/CW4/Warp-firmware/build/ksdk1.1/work/platform/startup/MKL03Z4/system_MKL03Z4.c.obj
                0x00000000000055d0                SystemInit
 .text.init_data_bss
                0x0000000000005654       0x7c CMakeFiles/Warp.dir/home/djb243/CW4/Warp-firmware/build/ksdk1.1/work/platform/startup/startup.c.obj
                0x0000000000005654                init_data_bss
 .text.OSA_SemaCreate
                0x00000000000056d0        0xe ../../../../lib/ksdk_platform_lib/armgcc/KL03Z4/release/libksdk_platform.a(fsl_os_abstraction_bm.c.obj)
                0x00000000000056d0                OSA_SemaCreate
 .text.OSA_SemaPost
                0x00000000000056de       0x20 ../../../../lib/ksdk_platform_lib/armgcc/KL03Z4/release/libksdk_platform.a(fsl_os_abstraction_bm.c.obj)
                0x00000000000056de                OSA_SemaPost
 .text.OSA_SemaDestroy
                0x00000000000056fe        0x4 ../../../../lib/ksdk_platform_lib/armgcc/KL03Z4/release/libksdk_platform.a(fsl_os_abstraction_bm.c.obj)
                0x00000000000056fe                OSA_SemaDestroy
 .text.OSA_EventSet
                0x0000000000005702       0x18 ../../../../lib/ksdk_platform_lib/armgcc/KL03Z4/release/libksdk_platform.a(fsl_os_abstraction_bm.c.obj)
                0x0000000000005702                OSA_EventSet
 *fill*         0x000000000000571a        0x2 
 .text.task_init
                0x000000000000571c       0x38 ../../../../lib/ksdk_platform_lib/armgcc/KL03Z4/release/libksdk_platform.a(fsl_os_abstraction_bm.c.obj)
                0x000000000000571c                task_init
 .text.OSA_TimeGetMsec
                0x0000000000005754       0x10 ../../../../lib/ksdk_platform_lib/armgcc/KL03Z4/release/libksdk_platform.a(fsl_os_abstraction_bm.c.obj)
                0x0000000000005754                OSA_TimeGetMsec
 .text.OSA_SemaWait
                0x0000000000005764       0x78 ../../../../lib/ksdk_platform_lib/armgcc/KL03Z4/release/libksdk_platform.a(fsl_os_abstraction_bm.c.obj)
                0x0000000000005764                OSA_SemaWait
 .text.OSA_TimeDelay
                0x00000000000057dc       0x24 ../../../../lib/ksdk_platform_lib/armgcc/KL03Z4/release/libksdk_platform.a(fsl_os_abstraction_bm.c.obj)
                0x00000000000057dc                OSA_TimeDelay
 .text.OSA_EnterCritical
                0x0000000000005800        0xc ../../../../lib/ksdk_platform_lib/armgcc/KL03Z4/release/libksdk_platform.a(fsl_os_abstraction_bm.c.obj)
                0x0000000000005800                OSA_EnterCritical
 .text.OSA_ExitCritical
                0x000000000000580c        0xc ../../../../lib/ksdk_platform_lib/armgcc/KL03Z4/release/libksdk_platform.a(fsl_os_abstraction_bm.c.obj)
                0x000000000000580c                OSA_ExitCritical
 .text.OSA_Init
                0x0000000000005818       0x48 ../../../../lib/ksdk_platform_lib/armgcc/KL03Z4/release/libksdk_platform.a(fsl_os_abstraction_bm.c.obj)
                0x0000000000005818                OSA_Init
 .text.CLOCK_SYS_Init
                0x0000000000005860       0x18 ../../../../lib/ksdk_platform_lib/armgcc/KL03Z4/release/libksdk_platform.a(fsl_clock_manager.c.obj)
                0x0000000000005860                CLOCK_SYS_Init
 .text.CLOCK_SYS_UpdateConfiguration
                0x0000000000005878      0x110 ../../../../lib/ksdk_platform_lib/armgcc/KL03Z4/release/libksdk_platform.a(fsl_clock_manager.c.obj)
                0x0000000000005878                CLOCK_SYS_UpdateConfiguration
 .text.CLOCK_SYS_GetCurrentConfiguration
                0x0000000000005988        0xc ../../../../lib/ksdk_platform_lib/armgcc/KL03Z4/release/libksdk_platform.a(fsl_clock_manager.c.obj)
                0x0000000000005988                CLOCK_SYS_GetCurrentConfiguration
 .text.CLOCK_SYS_SetMcgliteMode
                0x0000000000005994       0x80 ../../../../lib/ksdk_platform_lib/armgcc/KL03Z4/release/libksdk_platform.a(fsl_clock_manager.c.obj)
                0x0000000000005994                CLOCK_SYS_SetMcgliteMode
 .text.SIM_HAL_DisableClock.constprop.5
                0x0000000000005a14       0x20 ../../../../lib/ksdk_platform_lib/armgcc/KL03Z4/release/libksdk_platform.a(fsl_clock_MKL03Z4.c.obj)
 .text.SIM_HAL_EnableClock.constprop.6
                0x0000000000005a34       0x24 ../../../../lib/ksdk_platform_lib/armgcc/KL03Z4/release/libksdk_platform.a(fsl_clock_MKL03Z4.c.obj)
 .text.CLOCK_SYS_SetConfiguration
                0x0000000000005a58       0x58 ../../../../lib/ksdk_platform_lib/armgcc/KL03Z4/release/libksdk_platform.a(fsl_clock_MKL03Z4.c.obj)
                0x0000000000005a58                CLOCK_SYS_SetConfiguration
 .text.CLOCK_SYS_GetCoreClockFreq
                0x0000000000005ab0       0x20 ../../../../lib/ksdk_platform_lib/armgcc/KL03Z4/release/libksdk_platform.a(fsl_clock_MKL03Z4.c.obj)
                0x0000000000005ab0                CLOCK_SYS_GetCoreClockFreq
 .text.CLOCK_SYS_GetSystemClockFreq
                0x0000000000005ad0       0x20 ../../../../lib/ksdk_platform_lib/armgcc/KL03Z4/release/libksdk_platform.a(fsl_clock_MKL03Z4.c.obj)
                0x0000000000005ad0                CLOCK_SYS_GetSystemClockFreq
 .text.CLOCK_SYS_GetBusClockFreq
                0x0000000000005af0       0x20 ../../../../lib/ksdk_platform_lib/armgcc/KL03Z4/release/libksdk_platform.a(fsl_clock_MKL03Z4.c.obj)
                0x0000000000005af0                CLOCK_SYS_GetBusClockFreq
 .text.CLOCK_SYS_GetFlashClockFreq
                0x0000000000005b10       0x20 ../../../../lib/ksdk_platform_lib/armgcc/KL03Z4/release/libksdk_platform.a(fsl_clock_MKL03Z4.c.obj)
                0x0000000000005b10                CLOCK_SYS_GetFlashClockFreq
 .text.CLOCK_SYS_GetExternalRefClock32kFreq
                0x0000000000005b30       0x40 ../../../../lib/ksdk_platform_lib/armgcc/KL03Z4/release/libksdk_platform.a(fsl_clock_MKL03Z4.c.obj)
                0x0000000000005b30                CLOCK_SYS_GetExternalRefClock32kFreq
 .text.CLOCK_SYS_GetRtcFreq
                0x0000000000005b70        0x8 ../../../../lib/ksdk_platform_lib/armgcc/KL03Z4/release/libksdk_platform.a(fsl_clock_MKL03Z4.c.obj)
                0x0000000000005b70                CLOCK_SYS_GetRtcFreq
 .text.CLOCK_SYS_EnablePortClock
                0x0000000000005b78       0x10 ../../../../lib/ksdk_platform_lib/armgcc/KL03Z4/release/libksdk_platform.a(fsl_clock_MKL03Z4.c.obj)
                0x0000000000005b78                CLOCK_SYS_EnablePortClock
 .text.CLOCK_SYS_EnableSpiClock
                0x0000000000005b88        0xa ../../../../lib/ksdk_platform_lib/armgcc/KL03Z4/release/libksdk_platform.a(fsl_clock_MKL03Z4.c.obj)
                0x0000000000005b88                CLOCK_SYS_EnableSpiClock
 .text.CLOCK_SYS_DisableSpiClock
                0x0000000000005b92        0xa ../../../../lib/ksdk_platform_lib/armgcc/KL03Z4/release/libksdk_platform.a(fsl_clock_MKL03Z4.c.obj)
                0x0000000000005b92                CLOCK_SYS_DisableSpiClock
 .text.CLOCK_SYS_EnableI2cClock
                0x0000000000005b9c        0xa ../../../../lib/ksdk_platform_lib/armgcc/KL03Z4/release/libksdk_platform.a(fsl_clock_MKL03Z4.c.obj)
                0x0000000000005b9c                CLOCK_SYS_EnableI2cClock
 .text.CLOCK_SYS_DisableI2cClock
                0x0000000000005ba6        0xa ../../../../lib/ksdk_platform_lib/armgcc/KL03Z4/release/libksdk_platform.a(fsl_clock_MKL03Z4.c.obj)
                0x0000000000005ba6                CLOCK_SYS_DisableI2cClock
 .text.INT_SYS_EnableIRQGlobal
                0x0000000000005bb0       0x18 ../../../../lib/ksdk_platform_lib/armgcc/KL03Z4/release/libksdk_platform.a(fsl_interrupt_manager.c.obj)
                0x0000000000005bb0                INT_SYS_EnableIRQGlobal
 .text.INT_SYS_DisableIRQGlobal
                0x0000000000005bc8       0x10 ../../../../lib/ksdk_platform_lib/armgcc/KL03Z4/release/libksdk_platform.a(fsl_interrupt_manager.c.obj)
                0x0000000000005bc8                INT_SYS_DisableIRQGlobal
 .text.POWER_SYS_WaitForRunStatus
                0x0000000000005bd8       0x3c ../../../../lib/ksdk_platform_lib/armgcc/KL03Z4/release/libksdk_platform.a(fsl_power_manager.c.obj)
 .text.POWER_SYS_WaitForVlprStatus
                0x0000000000005c14       0x24 ../../../../lib/ksdk_platform_lib/armgcc/KL03Z4/release/libksdk_platform.a(fsl_power_manager.c.obj)
 .text.POWER_SYS_Init
                0x0000000000005c38       0x48 ../../../../lib/ksdk_platform_lib/armgcc/KL03Z4/release/libksdk_platform.a(fsl_power_manager.c.obj)
                0x0000000000005c38                POWER_SYS_Init
 .text.POWER_SYS_SetMode
                0x0000000000005c80      0x2e4 ../../../../lib/ksdk_platform_lib/armgcc/KL03Z4/release/libksdk_platform.a(fsl_power_manager.c.obj)
                0x0000000000005c80                POWER_SYS_SetMode
 .text.POWER_SYS_GetCurrentMode
                0x0000000000005f64       0x20 ../../../../lib/ksdk_platform_lib/armgcc/KL03Z4/release/libksdk_platform.a(fsl_power_manager.c.obj)
                0x0000000000005f64                POWER_SYS_GetCurrentMode
 .text.GPIO_DRV_InputPinInit
                0x0000000000005f84       0x8c ../../../../lib/ksdk_platform_lib/armgcc/KL03Z4/release/libksdk_platform.a(fsl_gpio_driver.c.obj)
                0x0000000000005f84                GPIO_DRV_InputPinInit
 .text.GPIO_DRV_OutputPinInit
                0x0000000000006010       0x58 ../../../../lib/ksdk_platform_lib/armgcc/KL03Z4/release/libksdk_platform.a(fsl_gpio_driver.c.obj)
                0x0000000000006010                GPIO_DRV_OutputPinInit
 .text.GPIO_DRV_Init
                0x0000000000006068       0x36 ../../../../lib/ksdk_platform_lib/armgcc/KL03Z4/release/libksdk_platform.a(fsl_gpio_driver.c.obj)
                0x0000000000006068                GPIO_DRV_Init
 *fill*         0x000000000000609e        0x2 
 .text.GPIO_DRV_SetPinOutput
                0x00000000000060a0       0x1c ../../../../lib/ksdk_platform_lib/armgcc/KL03Z4/release/libksdk_platform.a(fsl_gpio_driver.c.obj)
                0x00000000000060a0                GPIO_DRV_SetPinOutput
 .text.GPIO_DRV_ClearPinOutput
                0x00000000000060bc       0x1c ../../../../lib/ksdk_platform_lib/armgcc/KL03Z4/release/libksdk_platform.a(fsl_gpio_driver.c.obj)
                0x00000000000060bc                GPIO_DRV_ClearPinOutput
 .text.I2C_DRV_IRQHandler
                0x00000000000060d8       0x28 ../../../../lib/ksdk_platform_lib/armgcc/KL03Z4/release/libksdk_platform.a(fsl_i2c_shared_function.c.obj)
                0x00000000000060d8                I2C_DRV_IRQHandler
 .text.I2C_HAL_WriteByte
                0x0000000000006100       0x14 ../../../../lib/ksdk_platform_lib/armgcc/KL03Z4/release/libksdk_platform.a(fsl_i2c_master_driver.c.obj)
 .text.I2C_DRV_MasterWait
                0x0000000000006114       0x2c ../../../../lib/ksdk_platform_lib/armgcc/KL03Z4/release/libksdk_platform.a(fsl_i2c_master_driver.c.obj)
 .text.I2C_DRV_SendAddress.isra.1
                0x0000000000006140       0xf0 ../../../../lib/ksdk_platform_lib/armgcc/KL03Z4/release/libksdk_platform.a(fsl_i2c_master_driver.c.obj)
 .text.I2C_DRV_CompleteTransfer
                0x0000000000006230       0x4c ../../../../lib/ksdk_platform_lib/armgcc/KL03Z4/release/libksdk_platform.a(fsl_i2c_master_driver.c.obj)
 .text.I2C_DRV_MasterInit
                0x000000000000627c       0x78 ../../../../lib/ksdk_platform_lib/armgcc/KL03Z4/release/libksdk_platform.a(fsl_i2c_master_driver.c.obj)
                0x000000000000627c                I2C_DRV_MasterInit
 .text.I2C_DRV_MasterDeinit
                0x00000000000062f4       0x50 ../../../../lib/ksdk_platform_lib/armgcc/KL03Z4/release/libksdk_platform.a(fsl_i2c_master_driver.c.obj)
                0x00000000000062f4                I2C_DRV_MasterDeinit
 .text.I2C_DRV_MasterSetBaudRate
                0x0000000000006344       0x34 ../../../../lib/ksdk_platform_lib/armgcc/KL03Z4/release/libksdk_platform.a(fsl_i2c_master_driver.c.obj)
                0x0000000000006344                I2C_DRV_MasterSetBaudRate
 .text.I2C_DRV_MasterSend
                0x0000000000006378       0xdc ../../../../lib/ksdk_platform_lib/armgcc/KL03Z4/release/libksdk_platform.a(fsl_i2c_master_driver.c.obj)
 .text.I2C_DRV_MasterReceive
                0x0000000000006454       0xec ../../../../lib/ksdk_platform_lib/armgcc/KL03Z4/release/libksdk_platform.a(fsl_i2c_master_driver.c.obj)
 .text.I2C_DRV_MasterSendDataBlocking
                0x0000000000006540       0x1a ../../../../lib/ksdk_platform_lib/armgcc/KL03Z4/release/libksdk_platform.a(fsl_i2c_master_driver.c.obj)
                0x0000000000006540                I2C_DRV_MasterSendDataBlocking
 .text.I2C_DRV_MasterReceiveDataBlocking
                0x000000000000655a       0x1a ../../../../lib/ksdk_platform_lib/armgcc/KL03Z4/release/libksdk_platform.a(fsl_i2c_master_driver.c.obj)
                0x000000000000655a                I2C_DRV_MasterReceiveDataBlocking
 .text.I2C_DRV_MasterIRQHandler
                0x0000000000006574       0xa0 ../../../../lib/ksdk_platform_lib/armgcc/KL03Z4/release/libksdk_platform.a(fsl_i2c_master_driver.c.obj)
                0x0000000000006574                I2C_DRV_MasterIRQHandler
 .text.I2C_HAL_ClearInt
                0x0000000000006614        0xe ../../../../lib/ksdk_platform_lib/armgcc/KL03Z4/release/libksdk_platform.a(fsl_i2c_slave_driver.c.obj)
 *fill*         0x0000000000006622        0x2 
 .text.I2C_DRV_SlaveIRQHandler
                0x0000000000006624      0x250 ../../../../lib/ksdk_platform_lib/armgcc/KL03Z4/release/libksdk_platform.a(fsl_i2c_slave_driver.c.obj)
                0x0000000000006624                I2C_DRV_SlaveIRQHandler
 .text.CLOCK_HAL_GetLircClk
                0x0000000000006874       0x30 ../../../../lib/ksdk_platform_lib/armgcc/KL03Z4/release/libksdk_platform.a(fsl_mcglite_hal.c.obj)
                0x0000000000006874                CLOCK_HAL_GetLircClk
 .text.CLOCK_HAL_GetOutClk
                0x00000000000068a4       0x48 ../../../../lib/ksdk_platform_lib/armgcc/KL03Z4/release/libksdk_platform.a(fsl_mcglite_hal.c.obj)
                0x00000000000068a4                CLOCK_HAL_GetOutClk
 .text.CLOCK_HAL_GetMode
                0x00000000000068ec       0x34 ../../../../lib/ksdk_platform_lib/armgcc/KL03Z4/release/libksdk_platform.a(fsl_mcglite_hal_modes.c.obj)
                0x00000000000068ec                CLOCK_HAL_GetMode
 .text.CLOCK_HAL_SetHircMode
                0x0000000000006920       0x38 ../../../../lib/ksdk_platform_lib/armgcc/KL03Z4/release/libksdk_platform.a(fsl_mcglite_hal_modes.c.obj)
                0x0000000000006920                CLOCK_HAL_SetHircMode
 .text.CLOCK_HAL_SetLircMode
                0x0000000000006958       0x84 ../../../../lib/ksdk_platform_lib/armgcc/KL03Z4/release/libksdk_platform.a(fsl_mcglite_hal_modes.c.obj)
                0x0000000000006958                CLOCK_HAL_SetLircMode
 .text.CLOCK_HAL_SetExtMode
                0x00000000000069dc       0x38 ../../../../lib/ksdk_platform_lib/armgcc/KL03Z4/release/libksdk_platform.a(fsl_mcglite_hal_modes.c.obj)
                0x00000000000069dc                CLOCK_HAL_SetExtMode
 .text.OSC_HAL_SetExternalRefClkCmd
                0x0000000000006a14        0xe ../../../../lib/ksdk_platform_lib/armgcc/KL03Z4/release/libksdk_platform.a(fsl_osc_hal.c.obj)
                0x0000000000006a14                OSC_HAL_SetExternalRefClkCmd
 .text.OSC_HAL_SetExternalRefClkInStopModeCmd
                0x0000000000006a22        0xe ../../../../lib/ksdk_platform_lib/armgcc/KL03Z4/release/libksdk_platform.a(fsl_osc_hal.c.obj)
                0x0000000000006a22                OSC_HAL_SetExternalRefClkInStopModeCmd
 .text.RTC_HAL_ConvertSecsToDatetime
                0x0000000000006a30       0x9c ../../../../lib/ksdk_platform_lib/armgcc/KL03Z4/release/libksdk_platform.a(fsl_rtc_hal.c.obj)
                0x0000000000006a30                RTC_HAL_ConvertSecsToDatetime
 .text.RTC_HAL_IsDatetimeCorrectFormat
                0x0000000000006acc       0x54 ../../../../lib/ksdk_platform_lib/armgcc/KL03Z4/release/libksdk_platform.a(fsl_rtc_hal.c.obj)
                0x0000000000006acc                RTC_HAL_IsDatetimeCorrectFormat
 .text.RTC_HAL_ConvertDatetimeToSecs
                0x0000000000006b20       0x58 ../../../../lib/ksdk_platform_lib/armgcc/KL03Z4/release/libksdk_platform.a(fsl_rtc_hal.c.obj)
                0x0000000000006b20                RTC_HAL_ConvertDatetimeToSecs
 .text.RTC_HAL_Enable
                0x0000000000006b78       0x28 ../../../../lib/ksdk_platform_lib/armgcc/KL03Z4/release/libksdk_platform.a(fsl_rtc_hal.c.obj)
                0x0000000000006b78                RTC_HAL_Enable
 .text.RTC_HAL_Init
                0x0000000000006ba0       0x38 ../../../../lib/ksdk_platform_lib/armgcc/KL03Z4/release/libksdk_platform.a(fsl_rtc_hal.c.obj)
                0x0000000000006ba0                RTC_HAL_Init
 .text.RTC_HAL_SetDatetimeInsecs
                0x0000000000006bd8       0x18 ../../../../lib/ksdk_platform_lib/armgcc/KL03Z4/release/libksdk_platform.a(fsl_rtc_hal.c.obj)
                0x0000000000006bd8                RTC_HAL_SetDatetimeInsecs
 .text.RTC_HAL_GetDatetimeInSecs
                0x0000000000006bf0        0x6 ../../../../lib/ksdk_platform_lib/armgcc/KL03Z4/release/libksdk_platform.a(fsl_rtc_hal.c.obj)
                0x0000000000006bf0                RTC_HAL_GetDatetimeInSecs
 *fill*         0x0000000000006bf6        0x2 
 .text.RTC_DRV_Init
                0x0000000000006bf8       0x5c ../../../../lib/ksdk_platform_lib/armgcc/KL03Z4/release/libksdk_platform.a(fsl_rtc_driver.c.obj)
                0x0000000000006bf8                RTC_DRV_Init
 .text.RTC_DRV_SetDatetime
                0x0000000000006c54       0x50 ../../../../lib/ksdk_platform_lib/armgcc/KL03Z4/release/libksdk_platform.a(fsl_rtc_driver.c.obj)
                0x0000000000006c54                RTC_DRV_SetDatetime
 .text.RTC_DRV_GetDatetime
                0x0000000000006ca4       0x58 ../../../../lib/ksdk_platform_lib/armgcc/KL03Z4/release/libksdk_platform.a(fsl_rtc_driver.c.obj)
                0x0000000000006ca4                RTC_DRV_GetDatetime
 .text.RTC_DRV_SetAlarm
                0x0000000000006cfc       0x6c ../../../../lib/ksdk_platform_lib/armgcc/KL03Z4/release/libksdk_platform.a(fsl_rtc_driver.c.obj)
                0x0000000000006cfc                RTC_DRV_SetAlarm
 .text.RTC_DRV_SetAlarmIntCmd
                0x0000000000006d68       0x18 ../../../../lib/ksdk_platform_lib/armgcc/KL03Z4/release/libksdk_platform.a(fsl_rtc_driver.c.obj)
                0x0000000000006d68                RTC_DRV_SetAlarmIntCmd
 .text.RTC_DRV_IsAlarmPending
                0x0000000000006d80       0x1c ../../../../lib/ksdk_platform_lib/armgcc/KL03Z4/release/libksdk_platform.a(fsl_rtc_driver.c.obj)
                0x0000000000006d80                RTC_DRV_IsAlarmPending
 .text.CLOCK_HAL_SetOutDiv
                0x0000000000006d9c       0x1c ../../../../lib/ksdk_platform_lib/armgcc/KL03Z4/release/libksdk_platform.a(fsl_sim_hal_MKL03Z4.c.obj)
                0x0000000000006d9c                CLOCK_HAL_SetOutDiv
 .text.SPI_DRV_IRQHandler
                0x0000000000006db8       0x28 ../../../../lib/ksdk_platform_lib/armgcc/KL03Z4/release/libksdk_platform.a(fsl_spi_shared_function.c.obj)
                0x0000000000006db8                SPI_DRV_IRQHandler
 .text.SPI_DRV_MasterCompleteTransfer
                0x0000000000006de0       0x3c ../../../../lib/ksdk_platform_lib/armgcc/KL03Z4/release/libksdk_platform.a(fsl_spi_master_driver.c.obj)
 .text.SPI_DRV_MasterInit
                0x0000000000006e1c       0x88 ../../../../lib/ksdk_platform_lib/armgcc/KL03Z4/release/libksdk_platform.a(fsl_spi_master_driver.c.obj)
                0x0000000000006e1c                SPI_DRV_MasterInit
 .text.SPI_DRV_MasterDeinit
                0x0000000000006ea4       0x48 ../../../../lib/ksdk_platform_lib/armgcc/KL03Z4/release/libksdk_platform.a(fsl_spi_master_driver.c.obj)
                0x0000000000006ea4                SPI_DRV_MasterDeinit
 .text.SPI_DRV_MasterConfigureBus
                0x0000000000006eec       0x34 ../../../../lib/ksdk_platform_lib/armgcc/KL03Z4/release/libksdk_platform.a(fsl_spi_master_driver.c.obj)
                0x0000000000006eec                SPI_DRV_MasterConfigureBus
 .text.SPI_DRV_MasterStartTransfer
                0x0000000000006f20       0x84 ../../../../lib/ksdk_platform_lib/armgcc/KL03Z4/release/libksdk_platform.a(fsl_spi_master_driver.c.obj)
 .text.SPI_DRV_MasterTransferBlocking
                0x0000000000006fa4       0x58 ../../../../lib/ksdk_platform_lib/armgcc/KL03Z4/release/libksdk_platform.a(fsl_spi_master_driver.c.obj)
                0x0000000000006fa4                SPI_DRV_MasterTransferBlocking
 .text.SPI_DRV_MasterIRQHandler
                0x0000000000006ffc       0x84 ../../../../lib/ksdk_platform_lib/armgcc/KL03Z4/release/libksdk_platform.a(fsl_spi_master_driver.c.obj)
                0x0000000000006ffc                SPI_DRV_MasterIRQHandler
 .text.SPI_DRV_SlaveCompleteTransfer
                0x0000000000007080       0x4c ../../../../lib/ksdk_platform_lib/armgcc/KL03Z4/release/libksdk_platform.a(fsl_spi_slave_driver.c.obj)
 .text.SPI_DRV_SlaveIRQHandler
                0x00000000000070cc       0xa0 ../../../../lib/ksdk_platform_lib/armgcc/KL03Z4/release/libksdk_platform.a(fsl_spi_slave_driver.c.obj)
                0x00000000000070cc                SPI_DRV_SlaveIRQHandler
 .text.SMC_HAL_GetProtectionMode
                0x000000000000716c       0x20 ../../../../lib/ksdk_platform_lib/armgcc/KL03Z4/release/libksdk_platform.a(fsl_smc_hal.c.obj)
                0x000000000000716c                SMC_HAL_GetProtectionMode
 .text.SMC_HAL_SetRunMode
                0x000000000000718c       0x14 ../../../../lib/ksdk_platform_lib/armgcc/KL03Z4/release/libksdk_platform.a(fsl_smc_hal.c.obj)
                0x000000000000718c                SMC_HAL_SetRunMode
 .text.SMC_HAL_SetPorMode
                0x00000000000071a0       0x10 ../../../../lib/ksdk_platform_lib/armgcc/KL03Z4/release/libksdk_platform.a(fsl_smc_hal.c.obj)
                0x00000000000071a0                SMC_HAL_SetPorMode
 .text.SMC_HAL_SetPstopMode
                0x00000000000071b0       0x14 ../../../../lib/ksdk_platform_lib/armgcc/KL03Z4/release/libksdk_platform.a(fsl_smc_hal.c.obj)
                0x00000000000071b0                SMC_HAL_SetPstopMode
 .text.SMC_HAL_SetLpoMode
                0x00000000000071c4       0x10 ../../../../lib/ksdk_platform_lib/armgcc/KL03Z4/release/libksdk_platform.a(fsl_smc_hal.c.obj)
                0x00000000000071c4                SMC_HAL_SetLpoMode
 .text.SMC_HAL_SetMode
                0x00000000000071d4       0xf4 ../../../../lib/ksdk_platform_lib/armgcc/KL03Z4/release/libksdk_platform.a(fsl_smc_hal.c.obj)
                0x00000000000071d4                SMC_HAL_SetMode
 .text.SMC_HAL_GetStat
                0x00000000000072c8       0x10 ../../../../lib/ksdk_platform_lib/armgcc/KL03Z4/release/libksdk_platform.a(fsl_smc_hal.c.obj)
                0x00000000000072c8                SMC_HAL_GetStat
 .text.GPIO_HAL_SetPinDir
                0x00000000000072d8       0x20 ../../../../lib/ksdk_platform_lib/armgcc/KL03Z4/release/libksdk_platform.a(fsl_gpio_hal.c.obj)
                0x00000000000072d8                GPIO_HAL_SetPinDir
 .text.GPIO_HAL_WritePinOutput
                0x00000000000072f8       0x10 ../../../../lib/ksdk_platform_lib/armgcc/KL03Z4/release/libksdk_platform.a(fsl_gpio_hal.c.obj)
                0x00000000000072f8                GPIO_HAL_WritePinOutput
 .text.I2C_HAL_Init
                0x0000000000007308       0x1c ../../../../lib/ksdk_platform_lib/armgcc/KL03Z4/release/libksdk_platform.a(fsl_i2c_hal.c.obj)
                0x0000000000007308                I2C_HAL_Init
 .text.I2C_HAL_SetBaudRate
                0x0000000000007324       0x84 ../../../../lib/ksdk_platform_lib/armgcc/KL03Z4/release/libksdk_platform.a(fsl_i2c_hal.c.obj)
                0x0000000000007324                I2C_HAL_SetBaudRate
 .text.I2C_HAL_SendStart
                0x00000000000073a8       0x24 ../../../../lib/ksdk_platform_lib/armgcc/KL03Z4/release/libksdk_platform.a(fsl_i2c_hal.c.obj)
                0x00000000000073a8                I2C_HAL_SendStart
 .text.I2C_HAL_SendStop
                0x00000000000073cc       0x3a ../../../../lib/ksdk_platform_lib/armgcc/KL03Z4/release/libksdk_platform.a(fsl_i2c_hal.c.obj)
                0x00000000000073cc                I2C_HAL_SendStop
 .text.SPI_HAL_Init
                0x0000000000007406        0xe ../../../../lib/ksdk_platform_lib/armgcc/KL03Z4/release/libksdk_platform.a(fsl_spi_hal.c.obj)
                0x0000000000007406                SPI_HAL_Init
 .text.SPI_HAL_SetBaud
                0x0000000000007414       0x72 ../../../../lib/ksdk_platform_lib/armgcc/KL03Z4/release/libksdk_platform.a(fsl_spi_hal.c.obj)
                0x0000000000007414                SPI_HAL_SetBaud
 .text.SPI_HAL_SetSlaveSelectOutputMode
                0x0000000000007486       0x26 ../../../../lib/ksdk_platform_lib/armgcc/KL03Z4/release/libksdk_platform.a(fsl_spi_hal.c.obj)
                0x0000000000007486                SPI_HAL_SetSlaveSelectOutputMode
 .text.SPI_HAL_SetDataFormat
                0x00000000000074ac       0x26 ../../../../lib/ksdk_platform_lib/armgcc/KL03Z4/release/libksdk_platform.a(fsl_spi_hal.c.obj)
                0x00000000000074ac                SPI_HAL_SetDataFormat
 .text.SPI_HAL_SetPinMode
                0x00000000000074d2       0x20 ../../../../lib/ksdk_platform_lib/armgcc/KL03Z4/release/libksdk_platform.a(fsl_spi_hal.c.obj)
                0x00000000000074d2                SPI_HAL_SetPinMode
 *fill*         0x00000000000074f2        0x2 
 .text.pow      0x00000000000074f4      0x35c /usr/lib/gcc/arm-none-eabi/4.9.3/../../../arm-none-eabi/lib/armv6-m/libm.a(lib_a-w_pow.o)
                0x00000000000074f4                pow
 .text.__ieee754_pow
                0x0000000000007850      0xa8c /usr/lib/gcc/arm-none-eabi/4.9.3/../../../arm-none-eabi/lib/armv6-m/libm.a(lib_a-e_pow.o)
                0x0000000000007850                __ieee754_pow
 .text.__ieee754_sqrt
                0x00000000000082dc      0x1ec /usr/lib/gcc/arm-none-eabi/4.9.3/../../../arm-none-eabi/lib/armv6-m/libm.a(lib_a-e_sqrt.o)
                0x00000000000082dc                __ieee754_sqrt
 .text.fabs     0x00000000000084c8        0x8 /usr/lib/gcc/arm-none-eabi/4.9.3/../../../arm-none-eabi/lib/armv6-m/libm.a(lib_a-s_fabs.o)
                0x00000000000084c8                fabs
 .text.finite   0x00000000000084d0       0x14 /usr/lib/gcc/arm-none-eabi/4.9.3/../../../arm-none-eabi/lib/armv6-m/libm.a(lib_a-s_finite.o)
                0x00000000000084d0                finite
 .text.__fpclassifyd
                0x00000000000084e4       0x5c /usr/lib/gcc/arm-none-eabi/4.9.3/../../../arm-none-eabi/lib/armv6-m/libm.a(lib_a-s_fpclassify.o)
                0x00000000000084e4                __fpclassifyd
 .text.matherr  0x0000000000008540        0x4 /usr/lib/gcc/arm-none-eabi/4.9.3/../../../arm-none-eabi/lib/armv6-m/libm.a(lib_a-s_matherr.o)
                0x0000000000008540                matherr
 .text.nan      0x0000000000008544        0xc /usr/lib/gcc/arm-none-eabi/4.9.3/../../../arm-none-eabi/lib/armv6-m/libm.a(lib_a-s_nan.o)
                0x0000000000008544                nan
 .text.rint     0x0000000000008550      0x144 /usr/lib/gcc/arm-none-eabi/4.9.3/../../../arm-none-eabi/lib/armv6-m/libm.a(lib_a-s_rint.o)
                0x0000000000008550                rint
 .text.scalbn   0x0000000000008694       0xf8 /usr/lib/gcc/arm-none-eabi/4.9.3/../../../arm-none-eabi/lib/armv6-m/libm.a(lib_a-s_scalbn.o)
                0x0000000000008694                scalbn
 .text.copysign
                0x000000000000878c       0x10 /usr/lib/gcc/arm-none-eabi/4.9.3/../../../arm-none-eabi/lib/armv6-m/libm.a(lib_a-s_copysign.o)
                0x000000000000878c                copysign
 .text.atexit   0x000000000000879c       0x10 /usr/lib/gcc/arm-none-eabi/4.9.3/../../../arm-none-eabi/lib/armv6-m/libc_nano.a(lib_a-atexit.o)
                0x000000000000879c                atexit
 .text.__errno  0x00000000000087ac        0xc /usr/lib/gcc/arm-none-eabi/4.9.3/../../../arm-none-eabi/lib/armv6-m/libc_nano.a(lib_a-errno.o)
                0x00000000000087ac                __errno
 .text.exit     0x00000000000087b8       0x2c /usr/lib/gcc/arm-none-eabi/4.9.3/../../../arm-none-eabi/lib/armv6-m/libc_nano.a(lib_a-exit.o)
                0x00000000000087b8                exit
 .text.__libc_fini_array
                0x00000000000087e4       0x28 /usr/lib/gcc/arm-none-eabi/4.9.3/../../../arm-none-eabi/lib/armv6-m/libc_nano.a(lib_a-fini.o)
                0x00000000000087e4                __libc_fini_array
 .text.__libc_init_array
                0x000000000000880c       0x4c /usr/lib/gcc/arm-none-eabi/4.9.3/../../../arm-none-eabi/lib/armv6-m/libc_nano.a(lib_a-init.o)
                0x000000000000880c                __libc_init_array
 .text.malloc   0x0000000000008858       0x14 /usr/lib/gcc/arm-none-eabi/4.9.3/../../../arm-none-eabi/lib/armv6-m/libc_nano.a(lib_a-malloc.o)
                0x0000000000008858                malloc
 .text.free     0x000000000000886c       0x14 /usr/lib/gcc/arm-none-eabi/4.9.3/../../../arm-none-eabi/lib/armv6-m/libc_nano.a(lib_a-malloc.o)
                0x000000000000886c                free
 .text.memcpy   0x0000000000008880       0x12 /usr/lib/gcc/arm-none-eabi/4.9.3/../../../arm-none-eabi/lib/armv6-m/libc_nano.a(lib_a-memcpy.o)
                0x0000000000008880                memcpy
 .text.memset   0x0000000000008892       0x10 /usr/lib/gcc/arm-none-eabi/4.9.3/../../../arm-none-eabi/lib/armv6-m/libc_nano.a(lib_a-memset.o)
                0x0000000000008892                memset
 *fill*         0x00000000000088a2        0x2 
 .text._free_r  0x00000000000088a4       0x8c /usr/lib/gcc/arm-none-eabi/4.9.3/../../../arm-none-eabi/lib/armv6-m/libc_nano.a(lib_a-nano-freer.o)
                0x00000000000088a4                _free_r
 .text._malloc_r
                0x0000000000008930       0xb0 /usr/lib/gcc/arm-none-eabi/4.9.3/../../../arm-none-eabi/lib/armv6-m/libc_nano.a(lib_a-nano-mallocr.o)
                0x0000000000008930                _malloc_r
 .text._sbrk_r  0x00000000000089e0       0x24 /usr/lib/gcc/arm-none-eabi/4.9.3/../../../arm-none-eabi/lib/armv6-m/libc_nano.a(lib_a-sbrkr.o)
                0x00000000000089e0                _sbrk_r
 .text.strcpy   0x0000000000008a04       0x10 /usr/lib/gcc/arm-none-eabi/4.9.3/../../../arm-none-eabi/lib/armv6-m/libc_nano.a(lib_a-strcpy.o)
                0x0000000000008a04                strcpy
 .text.strlen   0x0000000000008a14        0xe /usr/lib/gcc/arm-none-eabi/4.9.3/../../../arm-none-eabi/lib/armv6-m/libc_nano.a(lib_a-strlen.o)
                0x0000000000008a14                strlen
 *fill*         0x0000000000008a22        0x2 
 .text.__register_exitproc
                0x0000000000008a24       0xb8 /usr/lib/gcc/arm-none-eabi/4.9.3/../../../arm-none-eabi/lib/armv6-m/libc_nano.a(lib_a-__atexit.o)
                0x0000000000008a24                __register_exitproc
 .text.__call_exitprocs
                0x0000000000008adc       0xe8 /usr/lib/gcc/arm-none-eabi/4.9.3/../../../arm-none-eabi/lib/armv6-m/libc_nano.a(lib_a-__call_atexit.o)
                0x0000000000008adc                __call_exitprocs
 .text._exit    0x0000000000008bc4        0x4 /usr/lib/gcc/arm-none-eabi/4.9.3/../../../arm-none-eabi/lib/armv6-m/libnosys.a(_exit.o)
                0x0000000000008bc4                _exit
 *(.rodata)
 .rodata        0x0000000000008bc8       0x10 CMakeFiles/Warp.dir/home/djb243/CW4/Warp-firmware/build/ksdk1.1/work/demos/Warp/src/devSSD1331.c.obj
 .rodata        0x0000000000008bd8       0x40 /usr/lib/gcc/arm-none-eabi/4.9.3/armv6-m/libgcc.a(divdf3.o)
 .rodata        0x0000000000008c18       0x40 /usr/lib/gcc/arm-none-eabi/4.9.3/armv6-m/libgcc.a(muldf3.o)
 *(.rodata*)
 .rodata.str1.1
                0x0000000000008c58     0x17e0 CMakeFiles/Warp.dir/home/djb243/CW4/Warp-firmware/build/ksdk1.1/work/demos/Warp/src/warp-kl03-ksdk1.1-boot.c.obj
                                       0x17e3 (size before relaxing)
 .rodata.str1.1
                0x000000000000a438       0x17 CMakeFiles/Warp.dir/home/djb243/CW4/Warp-firmware/build/ksdk1.1/work/demos/Warp/src/devMMA8451Q.c.obj
                                         0x1c (size before relaxing)
 .rodata.str1.1
                0x000000000000a44f       0x14 CMakeFiles/Warp.dir/home/djb243/CW4/Warp-firmware/build/ksdk1.1/work/demos/Warp/src/SEGGER_RTT.c.obj
 .rodata._aV2C.4362
                0x000000000000a463       0x10 CMakeFiles/Warp.dir/home/djb243/CW4/Warp-firmware/build/ksdk1.1/work/demos/Warp/src/SEGGER_RTT_printf.c.obj
 .rodata.portGateTable
                0x000000000000a473        0x2 ../../../../lib/ksdk_platform_lib/armgcc/KL03Z4/release/libksdk_platform.a(fsl_clock_MKL03Z4.c.obj)
 .rodata.g_i2cIrqId
                0x000000000000a475        0x1 ../../../../lib/ksdk_platform_lib/armgcc/KL03Z4/release/libksdk_platform.a(fsl_i2c_common.c.obj)
                0x000000000000a475                g_i2cIrqId
 *fill*         0x000000000000a476        0x2 
 .rodata.g_i2cBaseAddr
                0x000000000000a478        0x4 ../../../../lib/ksdk_platform_lib/armgcc/KL03Z4/release/libksdk_platform.a(fsl_i2c_common.c.obj)
                0x000000000000a478                g_i2cBaseAddr
 .rodata.MONTH_DAYS
                0x000000000000a47c       0x1a ../../../../lib/ksdk_platform_lib/armgcc/KL03Z4/release/libksdk_platform.a(fsl_rtc_hal.c.obj)
 .rodata.LY     0x000000000000a496        0xd ../../../../lib/ksdk_platform_lib/armgcc/KL03Z4/release/libksdk_platform.a(fsl_rtc_hal.c.obj)
 .rodata.ULY    0x000000000000a4a3        0xd ../../../../lib/ksdk_platform_lib/armgcc/KL03Z4/release/libksdk_platform.a(fsl_rtc_hal.c.obj)
 .rodata.g_rtcSecondsIrqId
                0x000000000000a4b0        0x1 ../../../../lib/ksdk_platform_lib/armgcc/KL03Z4/release/libksdk_platform.a(fsl_rtc_common.c.obj)
                0x000000000000a4b0                g_rtcSecondsIrqId
 .rodata.g_rtcIrqId
                0x000000000000a4b1        0x1 ../../../../lib/ksdk_platform_lib/armgcc/KL03Z4/release/libksdk_platform.a(fsl_rtc_common.c.obj)
                0x000000000000a4b1                g_rtcIrqId
 *fill*         0x000000000000a4b2        0x2 
 .rodata.g_rtcBaseAddr
                0x000000000000a4b4        0x4 ../../../../lib/ksdk_platform_lib/armgcc/KL03Z4/release/libksdk_platform.a(fsl_rtc_common.c.obj)
                0x000000000000a4b4                g_rtcBaseAddr
 .rodata.g_spiIrqId
                0x000000000000a4b8        0x1 ../../../../lib/ksdk_platform_lib/armgcc/KL03Z4/release/libksdk_platform.a(fsl_spi_common.c.obj)
                0x000000000000a4b8                g_spiIrqId
 *fill*         0x000000000000a4b9        0x3 
 .rodata.g_spiBaseAddr
                0x000000000000a4bc        0x4 ../../../../lib/ksdk_platform_lib/armgcc/KL03Z4/release/libksdk_platform.a(fsl_spi_common.c.obj)
                0x000000000000a4bc                g_spiBaseAddr
 .rodata.g_oscBaseAddr
                0x000000000000a4c0        0x4 ../../../../lib/ksdk_platform_lib/armgcc/KL03Z4/release/libksdk_platform.a(fsl_clock_manager_common.c.obj)
                0x000000000000a4c0                g_oscBaseAddr
 .rodata.g_portBaseAddr
                0x000000000000a4c4        0x8 ../../../../lib/ksdk_platform_lib/armgcc/KL03Z4/release/libksdk_platform.a(fsl_gpio_common.c.obj)
                0x000000000000a4c4                g_portBaseAddr
 .rodata.g_gpioBaseAddr
                0x000000000000a4cc        0x8 ../../../../lib/ksdk_platform_lib/armgcc/KL03Z4/release/libksdk_platform.a(fsl_gpio_common.c.obj)
                0x000000000000a4cc                g_gpioBaseAddr
 .rodata.g_portIrqId
                0x000000000000a4d4        0x2 ../../../../lib/ksdk_platform_lib/armgcc/KL03Z4/release/libksdk_platform.a(fsl_gpio_common.c.obj)
                0x000000000000a4d4                g_portIrqId
 .rodata.kI2CDividerTable
                0x000000000000a4d6       0xc8 ../../../../lib/ksdk_platform_lib/armgcc/KL03Z4/release/libksdk_platform.a(fsl_i2c_hal.c.obj)
                0x000000000000a4d6                kI2CDividerTable
 *fill*         0x000000000000a59e        0x2 
 .rodata.str1.4
                0x000000000000a5a0        0x4 /usr/lib/gcc/arm-none-eabi/4.9.3/../../../arm-none-eabi/lib/armv6-m/libm.a(lib_a-w_pow.o)
 *fill*         0x000000000000a5a4        0x4 
 .rodata.dp_h   0x000000000000a5a8       0x10 /usr/lib/gcc/arm-none-eabi/4.9.3/../../../arm-none-eabi/lib/armv6-m/libm.a(lib_a-e_pow.o)
 .rodata.dp_l   0x000000000000a5b8       0x10 /usr/lib/gcc/arm-none-eabi/4.9.3/../../../arm-none-eabi/lib/armv6-m/libm.a(lib_a-e_pow.o)
 .rodata.bp     0x000000000000a5c8       0x10 /usr/lib/gcc/arm-none-eabi/4.9.3/../../../arm-none-eabi/lib/armv6-m/libm.a(lib_a-e_pow.o)
 .rodata.str1.4
                0x000000000000a5d8        0x4 /usr/lib/gcc/arm-none-eabi/4.9.3/../../../arm-none-eabi/lib/armv6-m/libm.a(lib_a-e_pow.o)
 *fill*         0x000000000000a5dc        0x4 
 .rodata.TWO52  0x000000000000a5e0       0x10 /usr/lib/gcc/arm-none-eabi/4.9.3/../../../arm-none-eabi/lib/armv6-m/libm.a(lib_a-s_rint.o)
 .rodata.str1.1
                0x000000000000a5f0        0x2 /usr/lib/gcc/arm-none-eabi/4.9.3/../../../arm-none-eabi/lib/armv6-m/libc_nano.a(lib_a-impure.o)
 *fill*         0x000000000000a5f2        0x2 
 .rodata._global_impure_ptr
                0x000000000000a5f4        0x4 /usr/lib/gcc/arm-none-eabi/4.9.3/../../../arm-none-eabi/lib/armv6-m/libc_nano.a(lib_a-impure.o)
                0x000000000000a5f4                _global_impure_ptr
 *(.glue_7)
 .glue_7        0x000000000000a5f8        0x0 linker stubs
 *(.glue_7t)
 .glue_7t       0x000000000000a5f8        0x0 linker stubs
 *(.eh_frame)
 .eh_frame      0x000000000000a5f8        0x0 /usr/lib/gcc/arm-none-eabi/4.9.3/armv6-m/crtbegin.o
 *(.init)
 .init          0x000000000000a5f8        0x4 /usr/lib/gcc/arm-none-eabi/4.9.3/armv6-m/crti.o
                0x000000000000a5f8                _init
 .init          0x000000000000a5fc        0x8 /usr/lib/gcc/arm-none-eabi/4.9.3/armv6-m/crtn.o
 *(.fini)
 .fini          0x000000000000a604        0x4 /usr/lib/gcc/arm-none-eabi/4.9.3/armv6-m/crti.o
                0x000000000000a604                _fini
 .fini          0x000000000000a608        0x8 /usr/lib/gcc/arm-none-eabi/4.9.3/armv6-m/crtn.o
                0x000000000000a610                . = ALIGN (0x4)

.vfp11_veneer   0x000000000000a610        0x0
 .vfp11_veneer  0x000000000000a610        0x0 linker stubs

.v4_bx          0x000000000000a610        0x0
 .v4_bx         0x000000000000a610        0x0 linker stubs

.iplt           0x000000000000a610        0x0
 .iplt          0x000000000000a610        0x0 /usr/lib/gcc/arm-none-eabi/4.9.3/armv6-m/crtbegin.o

.ARM.extab
 *(.ARM.extab* .gnu.linkonce.armextab.*)

.ARM            0x000000000000a610        0x8
                0x000000000000a610                __exidx_start = .
 *(.ARM.exidx*)
 .ARM.exidx     0x000000000000a610        0x8 /usr/lib/gcc/arm-none-eabi/4.9.3/../../../arm-none-eabi/lib/armv6-m/crt0.o
                0x000000000000a618                __exidx_end = .

.rel.dyn        0x000000000000a618        0x0
 .rel.iplt      0x000000000000a618        0x0 /usr/lib/gcc/arm-none-eabi/4.9.3/armv6-m/crtbegin.o

.ctors          0x000000000000a618        0x0
                0x000000000000a618                __CTOR_LIST__ = .
 *crtbegin.o(.ctors)
 *crtbegin?.o(.ctors)
 *(EXCLUDE_FILE(*crtend.o *crtend?.o) .ctors)
 *(SORT(.ctors.*))
 *(.ctors)
                0x000000000000a618                __CTOR_END__ = .

.dtors          0x000000000000a618        0x0
                0x000000000000a618                __DTOR_LIST__ = .
 *crtbegin.o(.dtors)
 *crtbegin?.o(.dtors)
 *(EXCLUDE_FILE(*crtend.o *crtend?.o) .dtors)
 *(SORT(.dtors.*))
 *(.dtors)
                0x000000000000a618                __DTOR_END__ = .

.preinit_array  0x000000000000a618        0x0
                0x000000000000a618                PROVIDE (__preinit_array_start, .)
 *(.preinit_array*)
                0x000000000000a618                PROVIDE (__preinit_array_end, .)

.init_array     0x000000000000a618        0x4
                0x000000000000a618                PROVIDE (__init_array_start, .)
 *(SORT(.init_array.*))
 *(.init_array*)
 .init_array    0x000000000000a618        0x4 /usr/lib/gcc/arm-none-eabi/4.9.3/armv6-m/crtbegin.o
                0x000000000000a61c                PROVIDE (__init_array_end, .)

.fini_array     0x000000000000a61c        0x4
                0x000000000000a61c                PROVIDE (__fini_array_start, .)
 *(SORT(.fini_array.*))
 *(.fini_array*)
 .fini_array    0x000000000000a61c        0x4 /usr/lib/gcc/arm-none-eabi/4.9.3/armv6-m/crtbegin.o
                0x000000000000a620                PROVIDE (__fini_array_end, .)
                0x000000000000a620                __etext = .
                0x000000000000a620                __DATA_ROM = .

.mtb            0x000000001ffffe00        0x0
                0x000000001ffffe00                . = ALIGN (0x8)
                0x000000001ffffe00                _mtb_start = .
 *(.mtb_buf)
                0x000000001ffffe00                . = ALIGN (0x8)
                0x000000001ffffe00                _mtb_end = .

.interrupts_ram
                0x000000001ffffe00        0x0
                0x000000001ffffe00                . = ALIGN (0x4)
                0x000000001ffffe00                __VECTOR_RAM__ = .
                0x000000001ffffe00                __interrupts_ram_start__ = .
 *(.m_interrupts_ram)
                0x000000001ffffe00                . = (. + M_VECTOR_RAM_SIZE)
                0x000000001ffffe00                . = ALIGN (0x4)
                0x000000001ffffe00                __interrupts_ram_end__ = .
                0x0000000000000000                __VECTOR_RAM = DEFINED (__ram_vector_table__)?__VECTOR_RAM__:ORIGIN (m_interrupts)
                0x0000000000000000                __RAM_VECTOR_TABLE_SIZE_BYTES = DEFINED (__ram_vector_table__)?(__interrupts_ram_end__ - __interrupts_ram_start__):0x0

.data           0x000000001ffffe00      0x1b8 load address 0x000000000000a620
                0x000000001ffffe00                . = ALIGN (0x4)
                0x000000001ffffe00                __DATA_RAM = .
                0x000000001ffffe00                __data_start__ = .
 *(.data)
 *(.data*)
 .data.gWarpMenuPrintDelayMilliseconds
                0x000000001ffffe00        0x4 CMakeFiles/Warp.dir/home/djb243/CW4/Warp-firmware/build/ksdk1.1/work/demos/Warp/src/warp-kl03-ksdk1.1-boot.c.obj
                0x000000001ffffe00                gWarpMenuPrintDelayMilliseconds
 .data.gWarpUartBaudRateKbps
                0x000000001ffffe04        0x4 CMakeFiles/Warp.dir/home/djb243/CW4/Warp-firmware/build/ksdk1.1/work/demos/Warp/src/warp-kl03-ksdk1.1-boot.c.obj
                0x000000001ffffe04                gWarpUartBaudRateKbps
 .data.gWarpSupplySettlingDelayMilliseconds
                0x000000001ffffe08        0x4 CMakeFiles/Warp.dir/home/djb243/CW4/Warp-firmware/build/ksdk1.1/work/demos/Warp/src/warp-kl03-ksdk1.1-boot.c.obj
                0x000000001ffffe08                gWarpSupplySettlingDelayMilliseconds
 .data.gWarpMode
                0x000000001ffffe0c        0x1 CMakeFiles/Warp.dir/home/djb243/CW4/Warp-firmware/build/ksdk1.1/work/demos/Warp/src/warp-kl03-ksdk1.1-boot.c.obj
                0x000000001ffffe0c                gWarpMode
 *fill*         0x000000001ffffe0d        0x3 
 .data.gWarpI2cBaudRateKbps
                0x000000001ffffe10        0x4 CMakeFiles/Warp.dir/home/djb243/CW4/Warp-firmware/build/ksdk1.1/work/demos/Warp/src/warp-kl03-ksdk1.1-boot.c.obj
                0x000000001ffffe10                gWarpI2cBaudRateKbps
 .data.gWarpSpiBaudRateKbps
                0x000000001ffffe14        0x4 CMakeFiles/Warp.dir/home/djb243/CW4/Warp-firmware/build/ksdk1.1/work/demos/Warp/src/warp-kl03-ksdk1.1-boot.c.obj
                0x000000001ffffe14                gWarpSpiBaudRateKbps
 .data.gWarpI2cTimeoutMilliseconds
                0x000000001ffffe18        0x4 CMakeFiles/Warp.dir/home/djb243/CW4/Warp-firmware/build/ksdk1.1/work/demos/Warp/src/warp-kl03-ksdk1.1-boot.c.obj
                0x000000001ffffe18                gWarpI2cTimeoutMilliseconds
 .data.clockManagerCallbackUserlevelStructure
                0x000000001ffffe1c        0xc CMakeFiles/Warp.dir/home/djb243/CW4/Warp-firmware/build/ksdk1.1/work/demos/Warp/src/warp-kl03-ksdk1.1-boot.c.obj
                0x000000001ffffe1c                clockManagerCallbackUserlevelStructure
 .data.clockCallbackTable
                0x000000001ffffe28        0x4 CMakeFiles/Warp.dir/home/djb243/CW4/Warp-firmware/build/ksdk1.1/work/demos/Warp/src/warp-kl03-ksdk1.1-boot.c.obj
 .data.acc_prev
                0x000000001ffffe2c        0x8 CMakeFiles/Warp.dir/home/djb243/CW4/Warp-firmware/build/ksdk1.1/work/demos/Warp/src/devSSD1331.c.obj
                0x000000001ffffe2c                acc_prev
 .data.inputPins
                0x000000001ffffe34       0x10 CMakeFiles/Warp.dir/home/djb243/CW4/Warp-firmware/build/ksdk1.1/work/boards/Warp/gpio_pins.c.obj
                0x000000001ffffe34                inputPins
 .data.outputPins
                0x000000001ffffe44       0xf0 CMakeFiles/Warp.dir/home/djb243/CW4/Warp-firmware/build/ksdk1.1/work/boards/Warp/gpio_pins.c.obj
                0x000000001ffffe44                outputPins
 .data.g_defaultClockConfigurations
                0x000000001fffff34       0x18 ../../../../lib/ksdk_platform_lib/armgcc/KL03Z4/release/libksdk_platform.a(fsl_clock_MKL03Z4.c.obj)
                0x000000001fffff34                g_defaultClockConfigurations
 .data.__fdlib_version
                0x000000001fffff4c        0x1 /usr/lib/gcc/arm-none-eabi/4.9.3/../../../arm-none-eabi/lib/armv6-m/libm.a(lib_a-s_lib_ver.o)
                0x000000001fffff4c                __fdlib_version
 *fill*         0x000000001fffff4d        0x3 
 .data.impure_data
                0x000000001fffff50       0x60 /usr/lib/gcc/arm-none-eabi/4.9.3/../../../arm-none-eabi/lib/armv6-m/libc_nano.a(lib_a-impure.o)
 .data._impure_ptr
                0x000000001fffffb0        0x4 /usr/lib/gcc/arm-none-eabi/4.9.3/../../../arm-none-eabi/lib/armv6-m/libc_nano.a(lib_a-impure.o)
                0x000000001fffffb0                _impure_ptr
 *(.jcr*)
 .jcr           0x000000001fffffb4        0x0 /usr/lib/gcc/arm-none-eabi/4.9.3/armv6-m/crtbegin.o
 .jcr           0x000000001fffffb4        0x4 /usr/lib/gcc/arm-none-eabi/4.9.3/armv6-m/crtend.o
                0x000000001fffffb8                . = ALIGN (0x4)
                0x000000001fffffb8                __data_end__ = .
                0x000000000000a7d8                __DATA_END = (__DATA_ROM + (__data_end__ - __data_start__))

.tm_clone_table
                0x000000001fffffb8        0x0 load address 0x000000000000a7d8
 .tm_clone_table
                0x000000001fffffb8        0x0 /usr/lib/gcc/arm-none-eabi/4.9.3/armv6-m/crtbegin.o
 .tm_clone_table
                0x000000001fffffb8        0x0 /usr/lib/gcc/arm-none-eabi/4.9.3/armv6-m/crtend.o

.igot.plt       0x000000001fffffb8        0x0 load address 0x000000000000a7d8
 .igot.plt      0x000000001fffffb8        0x0 /usr/lib/gcc/arm-none-eabi/4.9.3/armv6-m/crtbegin.o

.bss            0x000000001fffffb8      0x31c load address 0x000000000000a7d8
                0x000000001fffffb8                . = ALIGN (0x4)
                0x000000001fffffb8                __START_BSS = .
                0x000000001fffffb8                __bss_start__ = .
 *(.bss)
 .bss           0x000000001fffffb8       0x1c /usr/lib/gcc/arm-none-eabi/4.9.3/armv6-m/crtbegin.o
 *(.bss*)
 .bss.heap_end.5228
                0x000000001fffffd4        0x4 CMakeFiles/Warp.dir/home/djb243/CW4/Warp-firmware/build/ksdk1.1/work/platform/utilities/src/fsl_misc_utilities.c.obj
 .bss.i2cMasterState
                0x000000001fffffd8       0x24 CMakeFiles/Warp.dir/home/djb243/CW4/Warp-firmware/build/ksdk1.1/work/demos/Warp/src/warp-kl03-ksdk1.1-boot.c.obj
                0x000000001fffffd8                i2cMasterState
 .bss.deviceINA219State
                0x000000001ffffffc       0x10 CMakeFiles/Warp.dir/home/djb243/CW4/Warp-firmware/build/ksdk1.1/work/demos/Warp/src/warp-kl03-ksdk1.1-boot.c.obj
                0x000000001ffffffc                deviceINA219State
 .bss.deviceMMA8451QState
                0x000000002000000c       0x10 CMakeFiles/Warp.dir/home/djb243/CW4/Warp-firmware/build/ksdk1.1/work/demos/Warp/src/warp-kl03-ksdk1.1-boot.c.obj
                0x000000002000000c                deviceMMA8451QState
 .bss.spiUserConfig
                0x000000002000001c        0x8 CMakeFiles/Warp.dir/home/djb243/CW4/Warp-firmware/build/ksdk1.1/work/demos/Warp/src/warp-kl03-ksdk1.1-boot.c.obj
                0x000000002000001c                spiUserConfig
 .bss.gWarpSleeptimeSeconds
                0x0000000020000024        0x4 CMakeFiles/Warp.dir/home/djb243/CW4/Warp-firmware/build/ksdk1.1/work/demos/Warp/src/warp-kl03-ksdk1.1-boot.c.obj
                0x0000000020000024                gWarpSleeptimeSeconds
 .bss.spiMasterState
                0x0000000020000028       0x30 CMakeFiles/Warp.dir/home/djb243/CW4/Warp-firmware/build/ksdk1.1/work/demos/Warp/src/warp-kl03-ksdk1.1-boot.c.obj
                0x0000000020000028                spiMasterState
 .bss.inBuffer  0x0000000020000058        0x1 CMakeFiles/Warp.dir/home/djb243/CW4/Warp-firmware/build/ksdk1.1/work/demos/Warp/src/devSSD1331.c.obj
                0x0000000020000058                inBuffer
 .bss.payloadBytes
                0x0000000020000059        0x1 CMakeFiles/Warp.dir/home/djb243/CW4/Warp-firmware/build/ksdk1.1/work/demos/Warp/src/devSSD1331.c.obj
                0x0000000020000059                payloadBytes
 .bss._acDownBuffer
                0x000000002000005a        0x4 CMakeFiles/Warp.dir/home/djb243/CW4/Warp-firmware/build/ksdk1.1/work/demos/Warp/src/SEGGER_RTT.c.obj
 .bss._acUpBuffer
                0x000000002000005e       0xc8 CMakeFiles/Warp.dir/home/djb243/CW4/Warp-firmware/build/ksdk1.1/work/demos/Warp/src/SEGGER_RTT.c.obj
 *fill*         0x0000000020000126        0x2 
 .bss._SEGGER_RTT
                0x0000000020000128       0x78 CMakeFiles/Warp.dir/home/djb243/CW4/Warp-firmware/build/ksdk1.1/work/demos/Warp/src/SEGGER_RTT.c.obj
                0x0000000020000128                _SEGGER_RTT
 .bss.g_taskListHead
                0x00000000200001a0       0x10 ../../../../lib/ksdk_platform_lib/armgcc/KL03Z4/release/libksdk_platform.a(fsl_os_abstraction_bm.c.obj)
 .bss.g_freeTaskControlBlock
                0x00000000200001b0        0x4 ../../../../lib/ksdk_platform_lib/armgcc/KL03Z4/release/libksdk_platform.a(fsl_os_abstraction_bm.c.obj)
 .bss.g_taskControlBlockPool
                0x00000000200001b4       0x50 ../../../../lib/ksdk_platform_lib/armgcc/KL03Z4/release/libksdk_platform.a(fsl_os_abstraction_bm.c.obj)
 .bss.g_clockState
                0x0000000020000204       0x10 ../../../../lib/ksdk_platform_lib/armgcc/KL03Z4/release/libksdk_platform.a(fsl_clock_manager.c.obj)
 .bss.g_interruptDisableCount
                0x0000000020000214        0x4 ../../../../lib/ksdk_platform_lib/armgcc/KL03Z4/release/libksdk_platform.a(fsl_interrupt_manager.c.obj)
                0x0000000020000214                g_interruptDisableCount
 .bss.gPowerManagerState
                0x0000000020000218       0x10 ../../../../lib/ksdk_platform_lib/armgcc/KL03Z4/release/libksdk_platform.a(fsl_power_manager.c.obj)
 .bss.g_i2cStatePtr
                0x0000000020000228        0x4 ../../../../lib/ksdk_platform_lib/armgcc/KL03Z4/release/libksdk_platform.a(fsl_i2c_common.c.obj)
                0x0000000020000228                g_i2cStatePtr
 .bss.g_xtal0ClkFreq
                0x000000002000022c        0x4 ../../../../lib/ksdk_platform_lib/armgcc/KL03Z4/release/libksdk_platform.a(fsl_mcglite_hal.c.obj)
                0x000000002000022c                g_xtal0ClkFreq
 .bss.g_xtalRtcClkFreq
                0x0000000020000230        0x4 ../../../../lib/ksdk_platform_lib/armgcc/KL03Z4/release/libksdk_platform.a(fsl_mcglite_hal.c.obj)
                0x0000000020000230                g_xtalRtcClkFreq
 .bss.g_spiStatePtr
                0x0000000020000234        0x4 ../../../../lib/ksdk_platform_lib/armgcc/KL03Z4/release/libksdk_platform.a(fsl_spi_shared_function.c.obj)
                0x0000000020000234                g_spiStatePtr
 .bss.__malloc_sbrk_start
                0x0000000020000238        0x4 /usr/lib/gcc/arm-none-eabi/4.9.3/../../../arm-none-eabi/lib/armv6-m/libc_nano.a(lib_a-nano-mallocr.o)
                0x0000000020000238                __malloc_sbrk_start
 .bss.__malloc_free_list
                0x000000002000023c        0x4 /usr/lib/gcc/arm-none-eabi/4.9.3/../../../arm-none-eabi/lib/armv6-m/libc_nano.a(lib_a-nano-mallocr.o)
                0x000000002000023c                __malloc_free_list
 .bss._global_atexit0
                0x0000000020000240       0x8c /usr/lib/gcc/arm-none-eabi/4.9.3/../../../arm-none-eabi/lib/armv6-m/libc_nano.a(lib_a-__atexit.o)
 .bss._global_atexit
                0x00000000200002cc        0x4 /usr/lib/gcc/arm-none-eabi/4.9.3/../../../arm-none-eabi/lib/armv6-m/libc_nano.a(lib_a-__call_atexit.o)
                0x00000000200002cc                _global_atexit
 *(COMMON)
 COMMON         0x00000000200002d0        0x4 /usr/lib/gcc/arm-none-eabi/4.9.3/../../../arm-none-eabi/lib/armv6-m/libc_nano.a(lib_a-reent.o)
                0x00000000200002d0                errno
                0x00000000200002d4                . = ALIGN (0x4)
                0x00000000200002d4                __bss_end__ = .
                0x00000000200002d4                __END_BSS = .

.heap           0x00000000200002d4        0x4 load address 0x000000000000aaf4
                0x00000000200002d8                . = ALIGN (0x8)
 *fill*         0x00000000200002d4        0x4 
                0x00000000200002d8                __end__ = .
                0x00000000200002d8                PROVIDE (end, .)
                0x00000000200002d8                __HeapBase = .
                0x00000000200002d8                . = (. + HEAP_SIZE)
                0x00000000200002d8                __HeapLimit = .

.stack          0x00000000200002d8      0x300 load address 0x000000000000aaf8
                0x00000000200002d8                . = ALIGN (0x8)
                0x00000000200005d8                . = (. + STACK_SIZE)
 *fill*         0x00000000200002d8      0x300 
                0x0000000020000600                __StackTop = (ORIGIN (m_data) + LENGTH (m_data))
                0x0000000020000300                __StackLimit = (__StackTop - STACK_SIZE)
                0x0000000020000600                PROVIDE (__stack, __StackTop)

.ARM.attributes
                0x0000000000000000       0x28
 *(.ARM.attributes)
 .ARM.attributes
                0x0000000000000000       0x1e /usr/lib/gcc/arm-none-eabi/4.9.3/armv6-m/crti.o
 .ARM.attributes
                0x000000000000001e       0x2c /usr/lib/gcc/arm-none-eabi/4.9.3/armv6-m/crtbegin.o
 .ARM.attributes
                0x000000000000004a       0x1b /usr/lib/gcc/arm-none-eabi/4.9.3/../../../arm-none-eabi/lib/armv6-m/crt0.o
 .ARM.attributes
                0x0000000000000065       0x32 CMakeFiles/Warp.dir/home/djb243/CW4/Warp-firmware/build/ksdk1.1/work/platform/utilities/src/fsl_misc_utilities.c.obj
 .ARM.attributes
                0x0000000000000097       0x1b CMakeFiles/Warp.dir/home/djb243/CW4/Warp-firmware/build/ksdk1.1/work/platform/startup/MKL03Z4/gcc/startup_MKL03Z4.S.obj
 .ARM.attributes
                0x00000000000000b2       0x32 CMakeFiles/Warp.dir/home/djb243/CW4/Warp-firmware/build/ksdk1.1/work/demos/Warp/src/warp-kl03-ksdk1.1-boot.c.obj
 .ARM.attributes
                0x00000000000000e4       0x32 CMakeFiles/Warp.dir/home/djb243/CW4/Warp-firmware/build/ksdk1.1/work/demos/Warp/src/warp-kl03-ksdk1.1-powermodes.c.obj
 .ARM.attributes
                0x0000000000000116       0x32 CMakeFiles/Warp.dir/home/djb243/CW4/Warp-firmware/build/ksdk1.1/work/demos/Warp/src/devMMA8451Q.c.obj
 .ARM.attributes
                0x0000000000000148       0x32 CMakeFiles/Warp.dir/home/djb243/CW4/Warp-firmware/build/ksdk1.1/work/demos/Warp/src/devSSD1331.c.obj
 .ARM.attributes
                0x000000000000017a       0x32 CMakeFiles/Warp.dir/home/djb243/CW4/Warp-firmware/build/ksdk1.1/work/demos/Warp/src/devINA219.c.obj
 .ARM.attributes
                0x00000000000001ac       0x32 CMakeFiles/Warp.dir/home/djb243/CW4/Warp-firmware/build/ksdk1.1/work/demos/Warp/src/ergsystem.c.obj
 .ARM.attributes
                0x00000000000001de       0x32 CMakeFiles/Warp.dir/home/djb243/CW4/Warp-firmware/build/ksdk1.1/work/demos/Warp/src/SEGGER_RTT.c.obj
 .ARM.attributes
                0x0000000000000210       0x32 CMakeFiles/Warp.dir/home/djb243/CW4/Warp-firmware/build/ksdk1.1/work/demos/Warp/src/SEGGER_RTT_printf.c.obj
 .ARM.attributes
                0x0000000000000242       0x32 CMakeFiles/Warp.dir/home/djb243/CW4/Warp-firmware/build/ksdk1.1/work/platform/drivers/src/i2c/fsl_i2c_irq.c.obj
 .ARM.attributes
                0x0000000000000274       0x32 CMakeFiles/Warp.dir/home/djb243/CW4/Warp-firmware/build/ksdk1.1/work/platform/drivers/src/spi/fsl_spi_irq.c.obj
 .ARM.attributes
                0x00000000000002a6       0x32 CMakeFiles/Warp.dir/home/djb243/CW4/Warp-firmware/build/ksdk1.1/work/platform/startup/MKL03Z4/system_MKL03Z4.c.obj
 .ARM.attributes
                0x00000000000002d8       0x32 CMakeFiles/Warp.dir/home/djb243/CW4/Warp-firmware/build/ksdk1.1/work/platform/startup/startup.c.obj
 .ARM.attributes
                0x000000000000030a       0x32 CMakeFiles/Warp.dir/home/djb243/CW4/Warp-firmware/build/ksdk1.1/work/boards/Warp/gpio_pins.c.obj
 .ARM.attributes
                0x000000000000033c       0x32 ../../../../lib/ksdk_platform_lib/armgcc/KL03Z4/release/libksdk_platform.a(fsl_os_abstraction_bm.c.obj)
 .ARM.attributes
                0x000000000000036e       0x32 ../../../../lib/ksdk_platform_lib/armgcc/KL03Z4/release/libksdk_platform.a(fsl_clock_manager.c.obj)
 .ARM.attributes
                0x00000000000003a0       0x32 ../../../../lib/ksdk_platform_lib/armgcc/KL03Z4/release/libksdk_platform.a(fsl_clock_MKL03Z4.c.obj)
 .ARM.attributes
                0x00000000000003d2       0x32 ../../../../lib/ksdk_platform_lib/armgcc/KL03Z4/release/libksdk_platform.a(fsl_interrupt_manager.c.obj)
 .ARM.attributes
                0x0000000000000404       0x32 ../../../../lib/ksdk_platform_lib/armgcc/KL03Z4/release/libksdk_platform.a(fsl_power_manager.c.obj)
 .ARM.attributes
                0x0000000000000436       0x32 ../../../../lib/ksdk_platform_lib/armgcc/KL03Z4/release/libksdk_platform.a(fsl_gpio_driver.c.obj)
 .ARM.attributes
                0x0000000000000468       0x32 ../../../../lib/ksdk_platform_lib/armgcc/KL03Z4/release/libksdk_platform.a(fsl_i2c_shared_function.c.obj)
 .ARM.attributes
                0x000000000000049a       0x32 ../../../../lib/ksdk_platform_lib/armgcc/KL03Z4/release/libksdk_platform.a(fsl_i2c_common.c.obj)
 .ARM.attributes
                0x00000000000004cc       0x32 ../../../../lib/ksdk_platform_lib/armgcc/KL03Z4/release/libksdk_platform.a(fsl_i2c_master_driver.c.obj)
 .ARM.attributes
                0x00000000000004fe       0x32 ../../../../lib/ksdk_platform_lib/armgcc/KL03Z4/release/libksdk_platform.a(fsl_i2c_slave_driver.c.obj)
 .ARM.attributes
                0x0000000000000530       0x32 ../../../../lib/ksdk_platform_lib/armgcc/KL03Z4/release/libksdk_platform.a(fsl_mcglite_hal.c.obj)
 .ARM.attributes
                0x0000000000000562       0x32 ../../../../lib/ksdk_platform_lib/armgcc/KL03Z4/release/libksdk_platform.a(fsl_mcglite_hal_modes.c.obj)
 .ARM.attributes
                0x0000000000000594       0x32 ../../../../lib/ksdk_platform_lib/armgcc/KL03Z4/release/libksdk_platform.a(fsl_osc_hal.c.obj)
 .ARM.attributes
                0x00000000000005c6       0x32 ../../../../lib/ksdk_platform_lib/armgcc/KL03Z4/release/libksdk_platform.a(fsl_rtc_hal.c.obj)
 .ARM.attributes
                0x00000000000005f8       0x32 ../../../../lib/ksdk_platform_lib/armgcc/KL03Z4/release/libksdk_platform.a(fsl_rtc_driver.c.obj)
 .ARM.attributes
                0x000000000000062a       0x32 ../../../../lib/ksdk_platform_lib/armgcc/KL03Z4/release/libksdk_platform.a(fsl_rtc_common.c.obj)
 .ARM.attributes
                0x000000000000065c       0x32 ../../../../lib/ksdk_platform_lib/armgcc/KL03Z4/release/libksdk_platform.a(fsl_sim_hal_MKL03Z4.c.obj)
 .ARM.attributes
                0x000000000000068e       0x32 ../../../../lib/ksdk_platform_lib/armgcc/KL03Z4/release/libksdk_platform.a(fsl_spi_shared_function.c.obj)
 .ARM.attributes
                0x00000000000006c0       0x32 ../../../../lib/ksdk_platform_lib/armgcc/KL03Z4/release/libksdk_platform.a(fsl_spi_master_driver.c.obj)
 .ARM.attributes
                0x00000000000006f2       0x32 ../../../../lib/ksdk_platform_lib/armgcc/KL03Z4/release/libksdk_platform.a(fsl_spi_slave_driver.c.obj)
 .ARM.attributes
                0x0000000000000724       0x32 ../../../../lib/ksdk_platform_lib/armgcc/KL03Z4/release/libksdk_platform.a(fsl_spi_common.c.obj)
 .ARM.attributes
                0x0000000000000756       0x32 ../../../../lib/ksdk_platform_lib/armgcc/KL03Z4/release/libksdk_platform.a(fsl_smc_hal.c.obj)
 .ARM.attributes
                0x0000000000000788       0x32 ../../../../lib/ksdk_platform_lib/armgcc/KL03Z4/release/libksdk_platform.a(fsl_clock_manager_common.c.obj)
 .ARM.attributes
                0x00000000000007ba       0x32 ../../../../lib/ksdk_platform_lib/armgcc/KL03Z4/release/libksdk_platform.a(fsl_gpio_hal.c.obj)
 .ARM.attributes
                0x00000000000007ec       0x32 ../../../../lib/ksdk_platform_lib/armgcc/KL03Z4/release/libksdk_platform.a(fsl_gpio_common.c.obj)
 .ARM.attributes